--------- beginning of main
04-02 17:33:20.540  1176  1176 W auditd  : type=2000 audit(0.0:1): initialized
04-02 17:33:21.070  1176  1176 I auditd  : type=1403 audit(0.0:2): policy loaded auid=4294967295 ses=4294967295
04-02 17:33:21.070  1176  1176 W auditd  : type=1404 audit(0.0:3): enforcing=1 old_enforcing=0 auid=4294967295 ses=4294967295
--------- beginning of system
04-02 17:33:22.643  1177  1177 I vold    : Vold 3.0 (the awakening) firing up
04-02 17:33:22.643  1177  1177 V vold    : Detected support for: ext4 vfat
04-02 17:33:23.203  1201  1201 I chatty  : uid=0(root) /system/bin/installd expire 1 line
04-02 17:33:23.205  1191  1191 I chatty  : uid=0(root) expire 13 lines
04-02 17:33:23.500  1177  1205 D vold    : Recognized experimental block major ID 253 as virtio-blk (emulator's virtual SD card device)
04-02 17:33:23.500  1177  1205 V vold    : /system/bin/sgdisk
04-02 17:33:23.500  1177  1205 V vold    :     --android-dump
04-02 17:33:23.500  1177  1205 V vold    :     /dev/block/vold/disk:253,48
04-02 17:33:23.767  1197  1197 I chatty  : uid=0(root) /system/bin/debuggerd expire 1 line
04-02 17:33:23.849  1243  1243 I chatty  : uid=1000(system) /system/bin/fingerprintd expire 11 lines
04-02 17:33:23.874  1204  1204 I chatty  : uid=1000(system) /system/bin/gatekeeperd expire 2 lines
04-02 17:33:23.913  1188  1188 I chatty  : uid=0(root) /system/bin/lmkd expire 1 line
04-02 17:33:23.925  1177  1205 V vold    : DISK gpt 6AA9E211-30A3-4BE8-B7F8-E88FB1631388
04-02 17:33:23.925  1177  1205 V vold    : PART 1 19A710A2-B3CA-11E4-B026-10604B889DCF 4D1921C4-E00B-4D7F-B224-B1A161C7F748 android_meta
04-02 17:33:23.925  1177  1205 V vold    : PART 2 193D1EA4-B3CA-11E4-B075-10604B889DCF 4EC87586-C763-FA6C-2E67-2B6DEB63C83B android_expand
04-02 17:33:24.038  1177  1205 D vold    : Found key for GUID 4ec87586c763fa6c2e672b6deb63c83b
04-02 17:33:24.038  1177  1205 E Cryptfs : Cannot remove dm-crypt device
04-02 17:33:24.041  1177  1205 I Cryptfs : Enabling support for allow_discards in dmcrypt.
04-02 17:33:24.043  1177  1205 D vold    : Disk at 252:0 changed
04-02 17:33:24.175  1242  1242 I chatty  : uid=0(root) /system/xbin/perfprofd expire 3 lines
04-02 17:33:24.360  1196  1196 I chatty  : uid=0(root) /system/bin/netd expire 24 lines
04-02 17:33:24.656  1190  1190 I chatty  : uid=1000(system) /system/bin/surfaceflinger expire 25 lines
04-02 17:33:24.999  1200  1200 I mediaserver: ServiceManager: 0xb610c680
04-02 17:33:24.999  1200  1200 I AudioFlinger: Using default 3000 mSec as standby time.
04-02 17:33:25.000  1200  1200 E         : batterystats service unavailable!
04-02 17:33:25.000  1200  1200 E         : batterystats service unavailable!
04-02 17:33:25.014  1200  1200 I CameraService: CameraService started (pid=1200)
04-02 17:33:25.014  1200  1200 I CameraService: CameraService process starting
04-02 17:33:25.014  1200  1200 E         : batterystats service unavailable!
04-02 17:33:25.014  1200  1200 E         : batterystats service unavailable!
04-02 17:33:25.039  1200  1200 D EmulatedCamera_QemuClient: Emulated camera list: 
04-02 17:33:25.039  1200  1200 D EmulatedCamera_FakeCamera: Initialize: Fake camera is facing back
04-02 17:33:25.039  1200  1200 V EmulatedCamera_Device: initializeWhiteBalanceModes with auto, 1.000000, 1.000000
04-02 17:33:25.039  1200  1200 V EmulatedCamera_Device: initializeWhiteBalanceModes with incandescent, 1.380000, 0.600000
04-02 17:33:25.039  1200  1200 V EmulatedCamera_Device: initializeWhiteBalanceModes with daylight, 1.090000, 0.920000
04-02 17:33:25.039  1200  1200 V EmulatedCamera_Device: initializeWhiteBalanceModes with twilight, 0.920000, 1.220000
04-02 17:33:25.039  1200  1200 V EmulatedCamera_Device: setWhiteBalanceMode with white balance auto
04-02 17:33:25.039  1200  1200 D EmulatedCamera_FakeCamera: Initialize: Fake camera is facing front
04-02 17:33:25.039  1200  1200 V EmulatedCamera_Device: initializeWhiteBalanceModes with auto, 1.000000, 1.000000
04-02 17:33:25.039  1200  1200 V EmulatedCamera_Device: initializeWhiteBalanceModes with incandescent, 1.380000, 0.600000
04-02 17:33:25.039  1200  1200 V EmulatedCamera_Device: initializeWhiteBalanceModes with daylight, 1.090000, 0.920000
04-02 17:33:25.039  1200  1200 V EmulatedCamera_Device: initializeWhiteBalanceModes with twilight, 0.920000, 1.220000
04-02 17:33:25.039  1200  1200 V EmulatedCamera_Device: setWhiteBalanceMode with white balance auto
04-02 17:33:25.040  1200  1200 I CameraService: Loaded "Emulated Camera Module" camera module
04-02 17:33:25.040  1200  1200 V EmulatedCamera_Camera: getCameraInfo
04-02 17:33:25.040  1200  1200 V EmulatedCamera_BaseCamera: getCameraInfo
04-02 17:33:25.041  1200  1200 I CameraFlashlight: Opening camera 0
04-02 17:33:25.041  1200  1200 V EmulatedCamera_Camera: getCameraInfo
04-02 17:33:25.041  1200  1200 V EmulatedCamera_BaseCamera: getCameraInfo
04-02 17:33:25.041  1200  1200 V EmulatedCamera_Camera: connectCamera
04-02 17:33:25.041  1200  1200 V EmulatedCamera_FakeDevice: connectDevice
04-02 17:33:25.041  1200  1200 V EmulatedCamera_CallbackNotifier: setCallbacks: 0xb758f505, 0xb758fdba, 0xb758fc92, 0xb7590267 (0xb6119a20)
04-02 17:33:25.041  1200  1200 I ServiceManager: Waiting for service SurfaceFlinger...
04-02 17:33:25.768  1190  1270 I chatty  : uid=1000(system) Binder_1 expire 3 lines
04-02 17:33:25.770  1286  1305 E libEGL  : load_driver(/system/lib/egl/libGLES_emulation.so): dlopen failed: library "/system/lib/egl/libGLES_emulation.so" not found
04-02 17:33:25.771  1286  1305 D libEGL  : loaded /system/lib/egl/libEGL_emulation.so
04-02 17:33:25.771  1286  1305 D libEGL  : loaded /system/lib/egl/libGLESv1_CM_emulation.so
04-02 17:33:25.774  1286  1305 D libEGL  : loaded /system/lib/egl/libGLESv2_emulation.so
04-02 17:33:25.778  1286  1305 D         : HostConnection::get() New Host Connection established 0xb62ca0d0, tid 1305
04-02 17:33:25.781  1286  1305 E cutils-trace: Error opening trace file: Permission denied (13)
04-02 17:33:25.783  1190  1272 I chatty  : uid=1000(system) Binder_2 expire 2 lines
04-02 17:33:26.045  1200  1200 E cutils-trace: Error opening trace file: Permission denied (13)
04-02 17:33:26.045  1200  1200 V EmulatedCamera_Preview: setPreviewWindow: current: 0x0 -> new: 0xb6119a30
04-02 17:33:26.045  1200  1200 V EmulatedCamera_Camera: setParameters
04-02 17:33:26.045  1200  1200 D EmulatedCamera_Camera: +++ New parameter: flash-mode=off
04-02 17:33:26.045  1200  1200 V EmulatedCamera_Camera: doStopPreview
04-02 17:33:26.046  1200  1200 V EmulatedCamera_Preview: setPreviewWindow: current: 0xb6119a30 -> new: 0x0
04-02 17:33:26.046  1200  1200 V EmulatedCamera_Camera: releaseCamera
04-02 17:33:26.046  1200  1200 V EmulatedCamera_Camera: doStopPreview
04-02 17:33:26.046  1200  1200 V EmulatedCamera_FakeDevice: disconnectDevice
04-02 17:33:26.046  1200  1200 I CameraFlashlight: Destroying camera 0
04-02 17:33:26.046  1200  1200 V EmulatedCamera_Camera: closeCamera
04-02 17:33:26.046  1200  1200 V EmulatedCamera_Camera: doStopPreview
04-02 17:33:26.046  1200  1200 V EmulatedCamera_Camera: getCameraInfo
04-02 17:33:26.046  1200  1200 V EmulatedCamera_BaseCamera: getCameraInfo
04-02 17:33:26.046  1200  1200 I CameraFlashlight: Opening camera 1
04-02 17:33:26.046  1200  1200 V EmulatedCamera_Camera: getCameraInfo
04-02 17:33:26.046  1200  1200 V EmulatedCamera_BaseCamera: getCameraInfo
04-02 17:33:26.046  1200  1200 V EmulatedCamera_Camera: connectCamera
04-02 17:33:26.046  1200  1200 V EmulatedCamera_FakeDevice: connectDevice
04-02 17:33:26.046  1200  1200 V EmulatedCamera_CallbackNotifier: setCallbacks: 0xb758f505, 0xb758fdba, 0xb758fc92, 0xb7590267 (0xb6119a20)
04-02 17:33:26.046  1200  1200 V EmulatedCamera_Preview: setPreviewWindow: current: 0x0 -> new: 0xb6119a30
04-02 17:33:26.046  1200  1200 V EmulatedCamera_Camera: setParameters
04-02 17:33:26.046  1200  1200 D EmulatedCamera_Camera: +++ New parameter: flash-mode=off
04-02 17:33:26.046  1200  1200 V EmulatedCamera_Camera: doStopPreview
04-02 17:33:26.046  1200  1200 V EmulatedCamera_Preview: setPreviewWindow: current: 0xb6119a30 -> new: 0x0
04-02 17:33:26.046  1200  1200 V EmulatedCamera_Camera: releaseCamera
04-02 17:33:26.046  1200  1200 V EmulatedCamera_Camera: doStopPreview
04-02 17:33:26.046  1200  1200 V EmulatedCamera_FakeDevice: disconnectDevice
04-02 17:33:26.046  1200  1200 I CameraFlashlight: Destroying camera 1
04-02 17:33:26.046  1200  1200 V EmulatedCamera_Camera: closeCamera
04-02 17:33:26.046  1200  1200 V EmulatedCamera_Camera: doStopPreview
04-02 17:33:26.046  1200  1200 V EmulatedCamera_Camera: getCameraInfo
04-02 17:33:26.046  1200  1200 V EmulatedCamera_BaseCamera: getCameraInfo
04-02 17:33:26.046  1200  1200 V EmulatedCamera_Camera: getCameraInfo
04-02 17:33:26.046  1200  1200 V EmulatedCamera_BaseCamera: getCameraInfo
04-02 17:33:26.046  1200  1200 E CameraService: setUpVendorTags: Vendor tag operations not fully defined. Ignoring definitions.
04-02 17:33:26.046  1200  1200 I ServiceManager: Waiting for service media.camera.proxy...
04-02 17:33:26.319  1203  1203 I chatty  : uid=0(root) main expire 481 lines
04-02 17:33:27.047  1200  1200 I ServiceManager: Waiting for service media.camera.proxy...
04-02 17:33:27.926  1196  1534 I chatty  : uid=0(root) /system/bin/netd expire 2 lines
04-02 17:33:28.048  1200  1200 I ServiceManager: Waiting for service media.camera.proxy...
04-02 17:33:29.049  1200  1200 I ServiceManager: Waiting for service media.camera.proxy...
04-02 17:33:30.051  1200  1200 I ServiceManager: Waiting for service media.camera.proxy...
04-02 17:33:31.069  1200  1200 I AudioPolicyService: AudioPolicyService CSTOR in new mode
04-02 17:33:31.079  1200  1200 I APM::ConfigParsingUtils: loadAudioPolicyConfig() loaded /system/etc/audio_policy.conf
04-02 17:33:31.084  1200  1200 I AudioFlinger: loadHwModule() Loaded primary audio interface from Generic audio HW HAL (audio) handle 1
04-02 17:33:31.084  1200  1200 I AudioFlinger: openOutput(), module 1 Device 2, SamplingRate 44100, Format 0x000001, Channels 3, flags 2
04-02 17:33:31.085  1200  1200 I AudioFlinger: AudioStreamOut::open(), mHalFormatIsLinearPcm = 1
04-02 17:33:31.086  1200  1200 I AudioFlinger: HAL output buffer size 1024 frames, normal sink buffer size 1024 frames
04-02 17:33:31.109  1200  1200 I BufferProvider: found effect "Multichannel Downmix To Stereo" from The Android Open Source Project
04-02 17:33:31.109  1200  1200 I AudioFlinger: Using module 1 has the primary audio interface
04-02 17:33:31.110  1200  1545 I AudioFlinger: AudioFlinger's thread 0xb4480000 ready to run
04-02 17:33:31.110  1200  1545 E AudioFlinger: no wake lock to update!
04-02 17:33:31.118  1200  1200 E audio_hw_generic: Error opening input stream format 1, channel_mask 0010, sample_rate 16000
04-02 17:33:31.119  1200  1546 I AudioFlinger: AudioFlinger's thread 0xb4280000 ready to run
04-02 17:33:31.119  1200  1200 E AudioFlinger: int android::load_audio_interface(const char*, audio_hw_device_t**) couldn't load audio hw module audio.r_submix (No such file or directory)
04-02 17:33:31.119  1200  1200 I AudioFlinger: loadHwModule() error -2 loading module r_submix 
04-02 17:33:31.119  1200  1200 W APM::AudioPolicyManager: could not open HW module r_submix
04-02 17:33:31.119  1200  1200 W APM::AudioPolicyManager: Input device 80000100 unreachable
04-02 17:33:31.119  1200  1200 E SoundTriggerHwService: couldn't load sound trigger module sound_trigger.primary (No such file or directory)
04-02 17:33:31.119  1200  1200 I RadioService: RadioService
04-02 17:33:31.119  1200  1200 I RadioService: onFirstRef
04-02 17:33:31.119  1200  1200 E RadioService: couldn't load radio module radio.primary (No such file or directory)
04-02 17:33:33.892  1203  1541 I chatty  : uid=0(root) main expire 5 lines
04-02 17:33:35.780  1548  1548 I chatty  : uid=1000(system) expire 1 line
04-02 17:33:37.808  1203  1203 W Resources: Preloaded drawable resource #0x10800b8 (android:drawable/ab_solid_light_holo) that varies with configuration!!
04-02 17:33:37.808  1203  1203 W Resources: Preloaded drawable resource #0x10800be (android:drawable/ab_stacked_solid_light_holo) that varies with configuration!!
04-02 17:33:37.808  1203  1203 W Resources: Preloaded drawable resource #0x10800a0 (android:drawable/ab_bottom_solid_light_holo) that varies with configuration!!
04-02 17:33:37.808  1203  1203 W Resources: Preloaded drawable resource #0x10800b9 (android:drawable/ab_solid_shadow_holo) that varies with configuration!!
04-02 17:33:37.809  1203  1203 W Resources: Preloaded drawable resource #0x10804b8 (android:drawable/list_selector_disabled_holo_dark) that varies with configuration!!
04-02 17:33:37.809  1203  1203 W Resources: Preloaded drawable resource #0x10804b8 (android:drawable/list_selector_disabled_holo_dark) that varies with configuration!!
04-02 17:33:37.809  1203  1203 W Resources: Preloaded drawable resource #0x1080490 (android:drawable/list_focused_holo) that varies with configuration!!
04-02 17:33:37.809  1203  1203 W Resources: Preloaded drawable resource #0x1080447 (android:drawable/item_background_holo_dark) that varies with configuration!!
04-02 17:33:37.810  1203  1203 W Resources: Preloaded drawable resource #0x10804b9 (android:drawable/list_selector_disabled_holo_light) that varies with configuration!!
04-02 17:33:37.810  1203  1203 W Resources: Preloaded drawable resource #0x10804b9 (android:drawable/list_selector_disabled_holo_light) that varies with configuration!!
04-02 17:33:37.810  1203  1203 W Resources: Preloaded drawable resource #0x1080490 (android:drawable/list_focused_holo) that varies with configuration!!
04-02 17:33:37.811  1203  1203 W Resources: Preloaded drawable resource #0x1080448 (android:drawable/item_background_holo_light) that varies with configuration!!
04-02 17:33:37.811  1203  1203 W Resources: Preloaded drawable resource #0x10802d1 (android:drawable/fastscroll_thumb_pressed_holo) that varies with configuration!!
04-02 17:33:37.811  1203  1203 W Resources: Preloaded drawable resource #0x10802ce (android:drawable/fastscroll_thumb_default_holo) that varies with configuration!!
04-02 17:33:37.811  1203  1203 W Resources: Preloaded drawable resource #0x10802cf (android:drawable/fastscroll_thumb_holo) that varies with configuration!!
04-02 17:33:37.812  1203  1203 W Resources: Preloaded drawable resource #0x10802d1 (android:drawable/fastscroll_thumb_pressed_holo) that varies with configuration!!
04-02 17:33:37.812  1203  1203 W Resources: Preloaded drawable resource #0x10802ce (android:drawable/fastscroll_thumb_default_holo) that varies with configuration!!
04-02 17:33:37.812  1203  1203 W Resources: Preloaded drawable resource #0x10802d7 (android:drawable/fastscroll_track_pressed_holo_dark) that varies with configuration!!
04-02 17:33:37.813  1203  1203 W Resources: Preloaded drawable resource #0x10802d2 (android:drawable/fastscroll_track_default_holo_dark) that varies with configuration!!
04-02 17:33:37.813  1203  1203 W Resources: Preloaded drawable resource #0x10802d4 (android:drawable/fastscroll_track_holo_dark) that varies with configuration!!
04-02 17:33:37.813  1203  1203 W Resources: Preloaded drawable resource #0x10802d7 (android:drawable/fastscroll_track_pressed_holo_dark) that varies with configuration!!
04-02 17:33:37.813  1203  1203 W Resources: Preloaded drawable resource #0x10802d2 (android:drawable/fastscroll_track_default_holo_dark) that varies with configuration!!
04-02 17:33:37.813  1203  1203 W Resources: Preloaded drawable resource #0x10802d8 (android:drawable/fastscroll_track_pressed_holo_light) that varies with configuration!!
04-02 17:33:37.813  1203  1203 W Resources: Preloaded drawable resource #0x10802d3 (android:drawable/fastscroll_track_default_holo_light) that varies with configuration!!
04-02 17:33:37.813  1203  1203 W Resources: Preloaded drawable resource #0x10802d5 (android:drawable/fastscroll_track_holo_light) that varies with configuration!!
04-02 17:33:37.813  1203  1203 W Resources: Preloaded drawable resource #0x10802d8 (android:drawable/fastscroll_track_pressed_holo_light) that varies with configuration!!
04-02 17:33:37.813  1203  1203 W Resources: Preloaded drawable resource #0x10802d3 (android:drawable/fastscroll_track_default_holo_light) that varies with configuration!!
04-02 17:33:37.827  1203  1203 W Resources: Preloaded drawable resource #0x10802a9 (android:drawable/editbox_dropdown_background_dark) that varies with configuration!!
04-02 17:33:37.827  1203  1203 W Resources: Preloaded drawable resource #0x1080726 (android:drawable/textfield_search_selected_holo_dark) that varies with configuration!!
04-02 17:33:37.827  1203  1203 W Resources: Preloaded drawable resource #0x1080718 (android:drawable/textfield_search_default_holo_dark) that varies with configuration!!
04-02 17:33:37.827  1203  1203 W Resources: Preloaded drawable resource #0x1080728 (android:drawable/textfield_searchview_holo_dark) that varies with configuration!!
04-02 17:33:37.828  1203  1203 W Resources: Preloaded drawable resource #0x1080723 (android:drawable/textfield_search_right_selected_holo_dark) that varies with configuration!!
04-02 17:33:37.828  1203  1203 W Resources: Preloaded drawable resource #0x1080721 (android:drawable/textfield_search_right_default_holo_dark) that varies with configuration!!
04-02 17:33:37.828  1203  1203 W Resources: Preloaded drawable resource #0x108072a (android:drawable/textfield_searchview_right_holo_dark) that varies with configuration!!
04-02 17:33:37.828  1203  1203 W Resources: Preloaded drawable resource #0x1080727 (android:drawable/textfield_search_selected_holo_light) that varies with configuration!!
04-02 17:33:37.828  1203  1203 W Resources: Preloaded drawable resource #0x1080719 (android:drawable/textfield_search_default_holo_light) that varies with configuration!!
04-02 17:33:37.828  1203  1203 W Resources: Preloaded drawable resource #0x1080729 (android:drawable/textfield_searchview_holo_light) that varies with configuration!!
04-02 17:33:37.828  1203  1203 W Resources: Preloaded drawable resource #0x1080724 (android:drawable/textfield_search_right_selected_holo_light) that varies with configuration!!
04-02 17:33:37.828  1203  1203 W Resources: Preloaded drawable resource #0x1080722 (android:drawable/textfield_search_right_default_holo_light) that varies with configuration!!
04-02 17:33:37.829  1203  1203 W Resources: Preloaded drawable resource #0x108072b (android:drawable/textfield_searchview_right_holo_light) that varies with configuration!!
04-02 17:33:37.829  1203  1203 W Resources: Preloaded drawable resource #0x1080726 (android:drawable/textfield_search_selected_holo_dark) that varies with configuration!!
04-02 17:33:37.829  1203  1203 W Resources: Preloaded drawable resource #0x1080718 (android:drawable/textfield_search_default_holo_dark) that varies with configuration!!
04-02 17:33:37.829  1203  1203 W Resources: Preloaded drawable resource #0x1080723 (android:drawable/textfield_search_right_selected_holo_dark) that varies with configuration!!
04-02 17:33:37.829  1203  1203 W Resources: Preloaded drawable resource #0x1080721 (android:drawable/textfield_search_right_default_holo_dark) that varies with configuration!!
04-02 17:33:37.829  1203  1203 W Resources: Preloaded drawable resource #0x1080727 (android:drawable/textfield_search_selected_holo_light) that varies with configuration!!
04-02 17:33:37.829  1203  1203 W Resources: Preloaded drawable resource #0x1080719 (android:drawable/textfield_search_default_holo_light) that varies with configuration!!
04-02 17:33:37.829  1203  1203 W Resources: Preloaded drawable resource #0x1080724 (android:drawable/textfield_search_right_selected_holo_light) that varies with configuration!!
04-02 17:33:37.829  1203  1203 W Resources: Preloaded drawable resource #0x1080722 (android:drawable/textfield_search_right_default_holo_light) that varies with configuration!!
04-02 17:33:37.830  1203  1203 W Resources: Preloaded drawable resource #0x10806e3 (android:drawable/tab_unselected_holo) that varies with configuration!!
04-02 17:33:37.830  1203  1203 W Resources: Preloaded drawable resource #0x10806de (android:drawable/tab_selected_holo) that varies with configuration!!
04-02 17:33:37.830  1203  1203 W Resources: Preloaded drawable resource #0x10806e2 (android:drawable/tab_unselected_focused_holo) that varies with configuration!!
04-02 17:33:37.830  1203  1203 W Resources: Preloaded drawable resource #0x10806dd (android:drawable/tab_selected_focused_holo) that varies with configuration!!
04-02 17:33:37.830  1203  1203 W Resources: Preloaded drawable resource #0x10806e4 (android:drawable/tab_unselected_pressed_holo) that varies with configuration!!
04-02 17:33:37.830  1203  1203 W Resources: Preloaded drawable resource #0x10806df (android:drawable/tab_selected_pressed_holo) that varies with configuration!!
04-02 17:33:37.830  1203  1203 W Resources: Preloaded drawable resource #0x10806e4 (android:drawable/tab_unselected_pressed_holo) that varies with configuration!!
04-02 17:33:37.831  1203  1203 W Resources: Preloaded drawable resource #0x10806df (android:drawable/tab_selected_pressed_holo) that varies with configuration!!
04-02 17:33:37.831  1203  1203 W Resources: Preloaded drawable resource #0x10806d0 (android:drawable/tab_indicator_holo) that varies with configuration!!
04-02 17:33:37.831  1203  1203 W Resources: Preloaded drawable resource #0x10806e3 (android:drawable/tab_unselected_holo) that varies with configuration!!
04-02 17:33:37.831  1203  1203 W Resources: Preloaded drawable resource #0x10806de (android:drawable/tab_selected_holo) that varies with configuration!!
04-02 17:33:37.831  1203  1203 W Resources: Preloaded drawable resource #0x10806e2 (android:drawable/tab_unselected_focused_holo) that varies with configuration!!
04-02 17:33:37.831  1203  1203 W Resources: Preloaded drawable resource #0x10806dd (android:drawable/tab_selected_focused_holo) that varies with configuration!!
04-02 17:33:37.831  1203  1203 W Resources: Preloaded drawable resource #0x10806e4 (android:drawable/tab_unselected_pressed_holo) that varies with configuration!!
04-02 17:33:37.831  1203  1203 W Resources: Preloaded drawable resource #0x10806df (android:drawable/tab_selected_pressed_holo) that varies with configuration!!
04-02 17:33:37.832  1203  1203 W Resources: Preloaded drawable resource #0x1080590 (android:drawable/quickcontact_badge_overlay_pressed_dark) that varies with configuration!!
04-02 17:33:37.832  1203  1203 W Resources: Preloaded drawable resource #0x1080587 (android:drawable/quickcontact_badge_overlay_focused_dark) that varies with configuration!!
04-02 17:33:37.832  1203  1203 W Resources: Preloaded drawable resource #0x108058c (android:drawable/quickcontact_badge_overlay_normal_dark) that varies with configuration!!
04-02 17:33:37.832  1203  1203 W Resources: Preloaded drawable resource #0x1080586 (android:drawable/quickcontact_badge_overlay_dark) that varies with configuration!!
04-02 17:33:37.832  1203  1203 W Resources: Preloaded drawable resource #0x108058c (android:drawable/quickcontact_badge_overlay_normal_dark) that varies with configuration!!
04-02 17:33:37.833  1203  1203 W Resources: Preloaded drawable resource #0x1080590 (android:drawable/quickcontact_badge_overlay_pressed_dark) that varies with configuration!!
04-02 17:33:37.833  1203  1203 W Resources: Preloaded drawable resource #0x1080592 (android:drawable/quickcontact_badge_overlay_pressed_light) that varies with configuration!!
04-02 17:33:37.833  1203  1203 W Resources: Preloaded drawable resource #0x1080589 (android:drawable/quickcontact_badge_overlay_focused_light) that varies with configuration!!
04-02 17:33:37.833  1203  1203 W Resources: Preloaded drawable resource #0x108058e (android:drawable/quickcontact_badge_overlay_normal_light) that varies with configuration!!
04-02 17:33:37.834  1203  1203 W Resources: Preloaded drawable resource #0x108058b (android:drawable/quickcontact_badge_overlay_light) that varies with configuration!!
04-02 17:33:37.834  1203  1203 W Resources: Preloaded drawable resource #0x108058e (android:drawable/quickcontact_badge_overlay_normal_light) that varies with configuration!!
04-02 17:33:37.834  1203  1203 W Resources: Preloaded drawable resource #0x1080592 (android:drawable/quickcontact_badge_overlay_pressed_light) that varies with configuration!!
04-02 17:33:37.834  1203  1203 W Resources: Preloaded drawable resource #0x10800b5 (android:drawable/ab_share_pack_material) that varies with configuration!!
04-02 17:33:37.894  1203  1203 W Resources: Preloaded drawable resource #0x10800ba (android:drawable/ab_solid_shadow_material) that varies with configuration!!
04-02 17:33:37.961  1203  1203 W Resources: Preloaded drawable resource #0x1080181 (android:drawable/btn_radio_material_anim) that varies with configuration!!
04-02 17:33:37.962  1203  1203 W Resources: Preloaded drawable resource #0x10801f5 (android:drawable/btn_star_material) that varies with configuration!!
04-02 17:33:37.963  1203  1203 W Resources: Preloaded drawable resource #0x1080250 (android:drawable/cab_background_bottom_material) that varies with configuration!!
04-02 17:33:37.965  1203  1203 W Resources: Preloaded drawable resource #0x1080254 (android:drawable/cab_background_top_material) that varies with configuration!!
04-02 17:33:37.969  1203  1203 W Resources: Preloaded drawable resource #0x10802a6 (android:drawable/edit_text_material) that varies with configuration!!
04-02 17:33:37.975  1203  1203 W Resources: Preloaded drawable resource #0x10802c2 (android:drawable/expander_group_material) that varies with configuration!!
04-02 17:33:37.986  1203  1203 W Resources: Preloaded drawable resource #0x1080329 (android:drawable/ic_commit_search_api_material) that varies with configuration!!
04-02 17:33:37.987  1203  1203 W Resources: Preloaded drawable resource #0x1080343 (android:drawable/ic_find_next_material) that varies with configuration!!
04-02 17:33:37.988  1203  1203 W Resources: Preloaded drawable resource #0x1080347 (android:drawable/ic_find_previous_material) that varies with configuration!!
04-02 17:33:38.047  1203  1203 W Resources: Preloaded drawable resource #0x1080395 (android:drawable/ic_media_route_connecting_material) that varies with configuration!!
04-02 17:33:38.048  1203  1203 W Resources: Preloaded drawable resource #0x1080395 (android:drawable/ic_media_route_connecting_material) that varies with configuration!!
04-02 17:33:38.051  1203  1203 W Resources: Preloaded drawable resource #0x108039b (android:drawable/ic_media_route_material) that varies with configuration!!
04-02 17:33:38.052  1203  1203 W Resources: Preloaded drawable resource #0x10803c7 (android:drawable/ic_menu_find_material) that varies with configuration!!
04-02 17:33:38.053  1203  1203 W Resources: Preloaded drawable resource #0x10803e4 (android:drawable/ic_menu_search_material) that varies with configuration!!
04-02 17:33:38.055  1203  1203 W Resources: Preloaded drawable resource #0x108049b (android:drawable/list_section_divider_material) that varies with configuration!!
04-02 17:33:38.058  1203  1203 W Resources: Preloaded drawable resource #0x10805bf (android:drawable/ratingbar_material) that varies with configuration!!
04-02 17:33:38.058  1203  1203 W Resources: Preloaded drawable resource #0x10805c3 (android:drawable/ratingbar_small_material) that varies with configuration!!
04-02 17:33:38.059  1203  1203 W Resources: Preloaded drawable resource #0x10805be (android:drawable/ratingbar_indicator_material) that varies with configuration!!
04-02 17:33:38.061  1203  1203 W Resources: Preloaded drawable resource #0x10802a6 (android:drawable/edit_text_material) that varies with configuration!!
04-02 17:33:38.061  1203  1203 W Resources: Preloaded drawable resource #0x1080633 (android:drawable/spinner_textfield_background_material) that varies with configuration!!
04-02 17:33:38.070  1203  1203 W Resources: Preloaded drawable resource #0x10806a3 (android:drawable/switch_thumb_material_anim) that varies with configuration!!
04-02 17:33:38.071  1203  1203 W Resources: Preloaded drawable resource #0x108071f (android:drawable/textfield_search_material) that varies with configuration!!
04-02 17:33:38.071  1203  1203 W Resources: Preloaded drawable resource #0x10806ed (android:drawable/text_select_handle_left_material) that varies with configuration!!
04-02 17:33:38.071  1203  1203 W Resources: Preloaded drawable resource #0x10806f0 (android:drawable/text_select_handle_middle_material) that varies with configuration!!
04-02 17:33:38.071  1203  1203 W Resources: Preloaded drawable resource #0x10806f3 (android:drawable/text_select_handle_right_material) that varies with configuration!!
04-02 17:33:38.072  1203  1203 I Zygote  : ...preloaded 342 resources in 2029ms.
04-02 17:33:38.074  1203  1203 I Zygote  : ...preloaded 41 resources in 2ms.
04-02 17:33:38.074  1203  1203 E libEGL  : load_driver(/system/lib/egl/libGLES_emulation.so): dlopen failed: library "/system/lib/egl/libGLES_emulation.so" not found
04-02 17:33:38.075  1203  1203 D libEGL  : loaded /system/lib/egl/libEGL_emulation.so
04-02 17:33:38.075  1203  1203 D libEGL  : loaded /system/lib/egl/libGLESv1_CM_emulation.so
04-02 17:33:38.079  1203  1203 D libEGL  : loaded /system/lib/egl/libGLESv2_emulation.so
04-02 17:33:38.082  1203  1203 I Zygote  : Preloading shared libraries...
04-02 17:33:38.212  1203  1203 E Hyphenator: error loading hyphenation /system/usr/hyphen-data/hyph-en-us.pat.txt
04-02 17:33:38.212  1203  1203 E Hyphenator: java.io.FileNotFoundException: /system/usr/hyphen-data/hyph-en-us.pat.txt: open failed: ENOENT (No such file or directory)
04-02 17:33:38.212  1203  1203 E Hyphenator: 	at libcore.io.IoBridge.open(IoBridge.java:452)
04-02 17:33:38.212  1203  1203 E Hyphenator: 	at libcore.io.IoUtils$FileReader.<init>(IoUtils.java:207)
04-02 17:33:38.212  1203  1203 E Hyphenator: 	at libcore.io.IoUtils.readFileAsString(IoUtils.java:114)
04-02 17:33:38.212  1203  1203 E Hyphenator: 	at android.text.Hyphenator.loadHyphenator(Hyphenator.java:96)
04-02 17:33:38.212  1203  1203 E Hyphenator: 	at android.text.Hyphenator.init(Hyphenator.java:154)
04-02 17:33:38.212  1203  1203 E Hyphenator: 	at com.android.internal.os.ZygoteInit.preloadTextResources(ZygoteInit.java:207)
04-02 17:33:38.212  1203  1203 E Hyphenator: 	at com.android.internal.os.ZygoteInit.preload(ZygoteInit.java:186)
04-02 17:33:38.212  1203  1203 E Hyphenator: 	at com.android.internal.os.ZygoteInit.main(ZygoteInit.java:593)
04-02 17:33:38.212  1203  1203 E Hyphenator: Caused by: android.system.ErrnoException: open failed: ENOENT (No such file or directory)
04-02 17:33:38.212  1203  1203 E Hyphenator: 	at libcore.io.Posix.open(Native Method)
04-02 17:33:38.212  1203  1203 E Hyphenator: 	at libcore.io.BlockGuardOs.open(BlockGuardOs.java:186)
04-02 17:33:38.212  1203  1203 E Hyphenator: 	at libcore.io.IoBridge.open(IoBridge.java:438)
04-02 17:33:38.212  1203  1203 E Hyphenator: 	... 7 more
04-02 17:33:38.213  1203  1203 E Hyphenator: error loading hyphenation /system/usr/hyphen-data/hyph-eu.pat.txt
04-02 17:33:38.213  1203  1203 E Hyphenator: java.io.FileNotFoundException: /system/usr/hyphen-data/hyph-eu.pat.txt: open failed: ENOENT (No such file or directory)
04-02 17:33:38.213  1203  1203 E Hyphenator: 	at libcore.io.IoBridge.open(IoBridge.java:452)
04-02 17:33:38.213  1203  1203 E Hyphenator: 	at libcore.io.IoUtils$FileReader.<init>(IoUtils.java:207)
04-02 17:33:38.213  1203  1203 E Hyphenator: 	at libcore.io.IoUtils.readFileAsString(IoUtils.java:114)
04-02 17:33:38.213  1203  1203 E Hyphenator: 	at android.text.Hyphenator.loadHyphenator(Hyphenator.java:96)
04-02 17:33:38.213  1203  1203 E Hyphenator: 	at android.text.Hyphenator.init(Hyphenator.java:154)
04-02 17:33:38.213  1203  1203 E Hyphenator: 	at com.android.internal.os.ZygoteInit.preloadTextResources(ZygoteInit.java:207)
04-02 17:33:38.213  1203  1203 E Hyphenator: 	at com.android.internal.os.ZygoteInit.preload(ZygoteInit.java:186)
04-02 17:33:38.213  1203  1203 E Hyphenator: 	at com.android.internal.os.ZygoteInit.main(ZygoteInit.java:593)
04-02 17:33:38.213  1203  1203 E Hyphenator: Caused by: android.system.ErrnoException: open failed: ENOENT (No such file or directory)
04-02 17:33:38.213  1203  1203 E Hyphenator: 	at libcore.io.Posix.open(Native Method)
04-02 17:33:38.213  1203  1203 E Hyphenator: 	at libcore.io.BlockGuardOs.open(BlockGuardOs.java:186)
04-02 17:33:38.213  1203  1203 E Hyphenator: 	at libcore.io.IoBridge.open(IoBridge.java:438)
04-02 17:33:38.213  1203  1203 E Hyphenator: 	... 7 more
04-02 17:33:38.217  1203  1203 E Hyphenator: error loading hyphenation /system/usr/hyphen-data/hyph-hu.pat.txt
04-02 17:33:38.217  1203  1203 E Hyphenator: java.io.FileNotFoundException: /system/usr/hyphen-data/hyph-hu.pat.txt: open failed: ENOENT (No such file or directory)
04-02 17:33:38.217  1203  1203 E Hyphenator: 	at libcore.io.IoBridge.open(IoBridge.java:452)
04-02 17:33:38.217  1203  1203 E Hyphenator: 	at libcore.io.IoUtils$FileReader.<init>(IoUtils.java:207)
04-02 17:33:38.217  1203  1203 E Hyphenator: 	at libcore.io.IoUtils.readFileAsString(IoUtils.java:114)
04-02 17:33:38.217  1203  1203 E Hyphenator: 	at android.text.Hyphenator.loadHyphenator(Hyphenator.java:96)
04-02 17:33:38.217  1203  1203 E Hyphenator: 	at android.text.Hyphenator.init(Hyphenator.java:154)
04-02 17:33:38.217  1203  1203 E Hyphenator: 	at com.android.internal.os.ZygoteInit.preloadTextResources(ZygoteInit.java:207)
04-02 17:33:38.217  1203  1203 E Hyphenator: 	at com.android.internal.os.ZygoteInit.preload(ZygoteInit.java:186)
04-02 17:33:38.217  1203  1203 E Hyphenator: 	at com.android.internal.os.ZygoteInit.main(ZygoteInit.java:593)
04-02 17:33:38.217  1203  1203 E Hyphenator: Caused by: android.system.ErrnoException: open failed: ENOENT (No such file or directory)
04-02 17:33:38.217  1203  1203 E Hyphenator: 	at libcore.io.Posix.open(Native Method)
04-02 17:33:38.217  1203  1203 E Hyphenator: 	at libcore.io.BlockGuardOs.open(BlockGuardOs.java:186)
04-02 17:33:38.217  1203  1203 E Hyphenator: 	at libcore.io.IoBridge.open(IoBridge.java:438)
04-02 17:33:38.217  1203  1203 E Hyphenator: 	... 7 more
04-02 17:33:38.218  1203  1203 E Hyphenator: error loading hyphenation /system/usr/hyphen-data/hyph-hy.pat.txt
04-02 17:33:38.218  1203  1203 E Hyphenator: java.io.FileNotFoundException: /system/usr/hyphen-data/hyph-hy.pat.txt: open failed: ENOENT (No such file or directory)
04-02 17:33:38.218  1203  1203 E Hyphenator: 	at libcore.io.IoBridge.open(IoBridge.java:452)
04-02 17:33:38.218  1203  1203 E Hyphenator: 	at libcore.io.IoUtils$FileReader.<init>(IoUtils.java:207)
04-02 17:33:38.218  1203  1203 E Hyphenator: 	at libcore.io.IoUtils.readFileAsString(IoUtils.java:114)
04-02 17:33:38.218  1203  1203 E Hyphenator: 	at android.text.Hyphenator.loadHyphenator(Hyphenator.java:96)
04-02 17:33:38.218  1203  1203 E Hyphenator: 	at android.text.Hyphenator.init(Hyphenator.java:154)
04-02 17:33:38.218  1203  1203 E Hyphenator: 	at com.android.internal.os.ZygoteInit.preloadTextResources(ZygoteInit.java:207)
04-02 17:33:38.218  1203  1203 E Hyphenator: 	at com.android.internal.os.ZygoteInit.preload(ZygoteInit.java:186)
04-02 17:33:38.218  1203  1203 E Hyphenator: 	at com.android.internal.os.ZygoteInit.main(ZygoteInit.java:593)
04-02 17:33:38.218  1203  1203 E Hyphenator: Caused by: android.system.ErrnoException: open failed: ENOENT (No such file or directory)
04-02 17:33:38.218  1203  1203 E Hyphenator: 	at libcore.io.Posix.open(Native Method)
04-02 17:33:38.218  1203  1203 E Hyphenator: 	at libcore.io.BlockGuardOs.open(BlockGuardOs.java:186)
04-02 17:33:38.218  1203  1203 E Hyphenator: 	at libcore.io.IoBridge.open(IoBridge.java:438)
04-02 17:33:38.218  1203  1203 E Hyphenator: 	... 7 more
04-02 17:33:38.218  1203  1203 E Hyphenator: error loading hyphenation /system/usr/hyphen-data/hyph-nb.pat.txt
04-02 17:33:38.218  1203  1203 E Hyphenator: java.io.FileNotFoundException: /system/usr/hyphen-data/hyph-nb.pat.txt: open failed: ENOENT (No such file or directory)
04-02 17:33:38.218  1203  1203 E Hyphenator: 	at libcore.io.IoBridge.open(IoBridge.java:452)
04-02 17:33:38.218  1203  1203 E Hyphenator: 	at libcore.io.IoUtils$FileReader.<init>(IoUtils.java:207)
04-02 17:33:38.218  1203  1203 E Hyphenator: 	at libcore.io.IoUtils.readFileAsString(IoUtils.java:114)
04-02 17:33:38.218  1203  1203 E Hyphenator: 	at android.text.Hyphenator.loadHyphenator(Hyphenator.java:96)
04-02 17:33:38.218  1203  1203 E Hyphenator: 	at android.text.Hyphenator.init(Hyphenator.java:154)
04-02 17:33:38.218  1203  1203 E Hyphenator: 	at com.android.internal.os.ZygoteInit.preloadTextResources(ZygoteInit.java:207)
04-02 17:33:38.218  1203  1203 E Hyphenator: 	at com.android.internal.os.ZygoteInit.preload(ZygoteInit.java:186)
04-02 17:33:38.218  1203  1203 E Hyphenator: 	at com.android.internal.os.ZygoteInit.main(ZygoteInit.java:593)
04-02 17:33:38.218  1203  1203 E Hyphenator: Caused by: android.system.ErrnoException: open failed: ENOENT (No such file or directory)
04-02 17:33:38.218  1203  1203 E Hyphenator: 	at libcore.io.Posix.open(Native Method)
04-02 17:33:38.218  1203  1203 E Hyphenator: 	at libcore.io.BlockGuardOs.open(BlockGuardOs.java:186)
04-02 17:33:38.218  1203  1203 E Hyphenator: 	at libcore.io.IoBridge.open(IoBridge.java:438)
04-02 17:33:38.218  1203  1203 E Hyphenator: 	... 7 more
04-02 17:33:38.218  1203  1203 E Hyphenator: error loading hyphenation /system/usr/hyphen-data/hyph-nn.pat.txt
04-02 17:33:38.218  1203  1203 E Hyphenator: java.io.FileNotFoundException: /system/usr/hyphen-data/hyph-nn.pat.txt: open failed: ENOENT (No such file or directory)
04-02 17:33:38.218  1203  1203 E Hyphenator: 	at libcore.io.IoBridge.open(IoBridge.java:452)
04-02 17:33:38.218  1203  1203 E Hyphenator: 	at libcore.io.IoUtils$FileReader.<init>(IoUtils.java:207)
04-02 17:33:38.218  1203  1203 E Hyphenator: 	at libcore.io.IoUtils.readFileAsString(IoUtils.java:114)
04-02 17:33:38.218  1203  1203 E Hyphenator: 	at android.text.Hyphenator.loadHyphenator(Hyphenator.java:96)
04-02 17:33:38.218  1203  1203 E Hyphenator: 	at android.text.Hyphenator.init(Hyphenator.java:154)
04-02 17:33:38.218  1203  1203 E Hyphenator: 	at com.android.internal.os.ZygoteInit.preloadTextResources(ZygoteInit.java:207)
04-02 17:33:38.218  1203  1203 E Hyphenator: 	at com.android.internal.os.ZygoteInit.preload(ZygoteInit.java:186)
04-02 17:33:38.218  1203  1203 E Hyphenator: 	at com.android.internal.os.ZygoteInit.main(ZygoteInit.java:593)
04-02 17:33:38.218  1203  1203 E Hyphenator: Caused by: android.system.ErrnoException: open failed: ENOENT (No such file or directory)
04-02 17:33:38.218  1203  1203 E Hyphenator: 	at libcore.io.Posix.open(Native Method)
04-02 17:33:38.218  1203  1203 E Hyphenator: 	at libcore.io.BlockGuardOs.open(BlockGuardOs.java:186)
04-02 17:33:38.218  1203  1203 E Hyphenator: 	at libcore.io.IoBridge.open(IoBridge.java:438)
04-02 17:33:38.218  1203  1203 E Hyphenator: 	... 7 more
04-02 17:33:38.219  1203  1203 E Hyphenator: error loading hyphenation /system/usr/hyphen-data/hyph-sa.pat.txt
04-02 17:33:38.219  1203  1203 E Hyphenator: java.io.FileNotFoundException: /system/usr/hyphen-data/hyph-sa.pat.txt: open failed: ENOENT (No such file or directory)
04-02 17:33:38.219  1203  1203 E Hyphenator: 	at libcore.io.IoBridge.open(IoBridge.java:452)
04-02 17:33:38.219  1203  1203 E Hyphenator: 	at libcore.io.IoUtils$FileReader.<init>(IoUtils.java:207)
04-02 17:33:38.219  1203  1203 E Hyphenator: 	at libcore.io.IoUtils.readFileAsString(IoUtils.java:114)
04-02 17:33:38.219  1203  1203 E Hyphenator: 	at android.text.Hyphenator.loadHyphenator(Hyphenator.java:96)
04-02 17:33:38.219  1203  1203 E Hyphenator: 	at android.text.Hyphenator.init(Hyphenator.java:154)
04-02 17:33:38.219  1203  1203 E Hyphenator: 	at com.android.internal.os.ZygoteInit.preloadTextResources(ZygoteInit.java:207)
04-02 17:33:38.219  1203  1203 E Hyphenator: 	at com.android.internal.os.ZygoteInit.preload(ZygoteInit.java:186)
04-02 17:33:38.219  1203  1203 E Hyphenator: 	at com.android.internal.os.ZygoteInit.main(ZygoteInit.java:593)
04-02 17:33:38.219  1203  1203 E Hyphenator: Caused by: android.system.ErrnoException: open failed: ENOENT (No such file or directory)
04-02 17:33:38.219  1203  1203 E Hyphenator: 	at libcore.io.Posix.open(Native Method)
04-02 17:33:38.219  1203  1203 E Hyphenator: 	at libcore.io.BlockGuardOs.open(BlockGuardOs.java:186)
04-02 17:33:38.219  1203  1203 E Hyphenator: 	at libcore.io.IoBridge.open(IoBridge.java:438)
04-02 17:33:38.219  1203  1203 E Hyphenator: 	... 7 more
04-02 17:33:38.222  1203  1203 E Hyphenator: error loading hyphenation /system/usr/hyphen-data/hyph-und-ethi.pat.txt
04-02 17:33:38.222  1203  1203 E Hyphenator: java.io.FileNotFoundException: /system/usr/hyphen-data/hyph-und-ethi.pat.txt: open failed: ENOENT (No such file or directory)
04-02 17:33:38.222  1203  1203 E Hyphenator: 	at libcore.io.IoBridge.open(IoBridge.java:452)
04-02 17:33:38.222  1203  1203 E Hyphenator: 	at libcore.io.IoUtils$FileReader.<init>(IoUtils.java:207)
04-02 17:33:38.222  1203  1203 E Hyphenator: 	at libcore.io.IoUtils.readFileAsString(IoUtils.java:114)
04-02 17:33:38.222  1203  1203 E Hyphenator: 	at android.text.Hyphenator.loadHyphenator(Hyphenator.java:96)
04-02 17:33:38.222  1203  1203 E Hyphenator: 	at android.text.Hyphenator.init(Hyphenator.java:154)
04-02 17:33:38.222  1203  1203 E Hyphenator: 	at com.android.internal.os.ZygoteInit.preloadTextResources(ZygoteInit.java:207)
04-02 17:33:38.222  1203  1203 E Hyphenator: 	at com.android.internal.os.ZygoteInit.preload(ZygoteInit.java:186)
04-02 17:33:38.222  1203  1203 E Hyphenator: 	at com.android.internal.os.ZygoteInit.main(ZygoteInit.java:593)
04-02 17:33:38.222  1203  1203 E Hyphenator: Caused by: android.system.ErrnoException: open failed: ENOENT (No such file or directory)
04-02 17:33:38.222  1203  1203 E Hyphenator: 	at libcore.io.Posix.open(Native Method)
04-02 17:33:38.222  1203  1203 E Hyphenator: 	at libcore.io.BlockGuardOs.open(BlockGuardOs.java:186)
04-02 17:33:38.222  1203  1203 E Hyphenator: 	at libcore.io.IoBridge.open(IoBridge.java:438)
04-02 17:33:38.222  1203  1203 E Hyphenator: 	... 7 more
04-02 17:33:38.271  1203  1203 D Zygote  : end preload
04-02 17:33:38.272  1203  1203 I art     : Starting a blocking GC Explicit
04-02 17:33:38.284  1203  1203 I art     : Explicit concurrent mark sweep GC freed 3716(299KB) AllocSpace objects, 29(804KB) LOS objects, 66% free, 1325KB/3MB, paused 1.401ms total 11.748ms
04-02 17:33:38.294  1203  1203 I art     : Starting a blocking GC Explicit
04-02 17:33:38.299  1203  1203 I art     : Explicit concurrent mark sweep GC freed 127(20KB) AllocSpace objects, 2(72KB) LOS objects, 66% free, 1234KB/3MB, paused 411us total 4.634ms
04-02 17:33:38.299  1203  1541 I art     : Starting a blocking GC HeapTrim
04-02 17:33:38.305  1203  1203 I art     : Starting a blocking GC Background
04-02 17:33:38.322  1203  1203 I Zygote  : System server process 1549 has been created
04-02 17:33:38.331  1203  1203 I Zygote  : Accepting command socket connections
04-02 17:33:38.363  1549  1549 I InstallerConnection: connecting...
04-02 17:33:38.397  1201  1201 I installd: new connection
04-02 17:33:38.496  1549  1549 I InstallerConnection: disconnecting...
04-02 17:33:38.496  1201  1201 E installd: eof
04-02 17:33:38.496  1201  1201 E installd: failed to read size
04-02 17:33:38.497  1201  1201 I installd: closing connection
04-02 17:33:38.794  1549  1549 I SystemServer: Entered the Android system server!
04-02 17:33:39.079  1549  1549 I SystemServiceManager: Starting com.android.server.pm.Installer
04-02 17:33:39.111  1549  1549 I Installer: Waiting for installd to be ready.
04-02 17:33:39.111  1549  1549 I InstallerConnection: connecting...
04-02 17:33:39.111  1201  1201 I installd: new connection
04-02 17:33:39.112  1549  1549 I SystemServiceManager: Starting com.android.server.am.ActivityManagerService$Lifecycle
04-02 17:33:39.252  1549  1549 I ActivityManager: Memory class: 64
04-02 17:33:39.256  1549  1563 I ServiceThread: Enabled StrictMode logging for ActivityManager looper.
04-02 17:33:39.258  1549  1564 I ServiceThread: Enabled StrictMode logging for android.ui looper.
04-02 17:33:39.350  1549  1549 D BatteryStatsImpl: Reading daily items from /data/system/batterystats-daily.xml
04-02 17:33:40.251  1549  1549 I IntentFirewall: Read new rules (A:0 B:0 S:0)
04-02 17:33:40.507  1549  1568 I ServiceThread: Enabled StrictMode logging for android.display looper.
04-02 17:33:40.775  1549  1549 D AppOps  : AppOpsService published
04-02 17:33:40.775  1549  1549 I SystemServiceManager: Starting com.android.server.power.PowerManagerService
04-02 17:33:41.094  1549  1570 I ServiceThread: Enabled StrictMode logging for PowerManagerService looper.
04-02 17:33:41.184  1549  1549 I chatty  : uid=1000 system_server expire 26 lines
04-02 17:33:41.202  1549  1549 I SystemServiceManager: Starting com.android.server.lights.LightsService
04-02 17:33:41.223  1549  1549 I SystemServiceManager: Starting com.android.server.display.DisplayManagerService
04-02 17:33:41.277  1549  1549 I SystemServiceManager: Starting phase 100
04-02 17:33:41.348  1549  1568 I DisplayManagerService: Display device added: DisplayDeviceInfo{"Built-in Screen": uniqueId="local:0", 1080 x 1920, modeId 1, defaultModeId 1, supportedModes [{id=1, width=1080, height=1920, fps=60.000004}], density 480, 480.0 x 480.0 dpi, appVsyncOff 0, presDeadline 17666666, touch INTERNAL, rotation 0, type BUILT_IN, state UNKNOWN, FLAG_DEFAULT_DISPLAY, FLAG_ROTATES_WITH_CONTENT, FLAG_SECURE, FLAG_SUPPORTS_PROTECTED_BUFFERS}
04-02 17:33:41.349  1190  1190 I chatty  : uid=1000(system) /system/bin/surfaceflinger expire 6 lines
04-02 17:33:41.349  1549  1568 I DisplayManagerService: Display device changed state: "Built-in Screen", ON
04-02 17:33:41.350  1549  1549 I SystemServer: Package Manager
04-02 17:33:41.468  1549  1549 W SystemConfig: No directory /system/etc/sysconfig, skipping
04-02 17:33:41.647  1549  1549 D SELinuxMMAC: Using policy file /system/etc/security/mac_permissions.xml
04-02 17:33:42.045  1549  1549 W PackageManager: Library not found: /system/framework/org.apache.http.legacy.jar
04-02 17:33:42.351  1549  1549 W PackageManager: Failed to parse /system/framework/oat: Missing base APK in /system/framework/oat
04-02 17:33:42.352  1549  1549 W PackageManager: Failed to parse /system/framework/x86: Missing base APK in /system/framework/x86
04-02 17:33:42.533  1549  1549 W PackageParser: No actions in intent filter at /system/priv-app/Contacts/Contacts.apk Binary XML file line #388
04-02 17:33:43.150  1549  1549 W PackageParser: No actions in intent filter at /system/priv-app/Dialer/Dialer.apk Binary XML file line #172
04-02 17:33:43.178  1549  1549 W PackageManager: Permission android.permission.DOWNLOAD_WITHOUT_NOTIFICATION from package com.android.providers.downloads in an unknown group android.permission-group.NETWORK
04-02 17:33:43.916  1549  1549 W PackageManager: Permission com.google.android.googleapps.permission.GOOGLE_AUTH from package com.google.android.gsf in an unknown group android.permission-group.ACCOUNTS
04-02 17:33:43.916  1549  1549 W PackageManager: Permission com.google.android.googleapps.permission.GOOGLE_AUTH.ALL_SERVICES from package com.google.android.gsf in an unknown group android.permission-group.ACCOUNTS
04-02 17:33:43.916  1549  1549 W PackageManager: Permission com.google.android.googleapps.permission.GOOGLE_AUTH.OTHER_SERVICES from package com.google.android.gsf in an unknown group android.permission-group.ACCOUNTS
04-02 17:33:43.916  1549  1549 W PackageManager: Permission com.google.android.googleapps.permission.GOOGLE_AUTH.mail from package com.google.android.gsf in an unknown group android.permission-group.ACCOUNTS
04-02 17:33:43.917  1549  1549 W PackageManager: Permission com.google.android.googleapps.permission.GOOGLE_AUTH.cl from package com.google.android.gsf in an unknown group android.permission-group.ACCOUNTS
04-02 17:33:43.917  1549  1549 W PackageManager: Permission com.google.android.googleapps.permission.GOOGLE_AUTH.android from package com.google.android.gsf in an unknown group android.permission-group.ACCOUNTS
04-02 17:33:43.917  1549  1549 W PackageManager: Permission com.google.android.googleapps.permission.GOOGLE_AUTH.androidsecure from package com.google.android.gsf in an unknown group android.permission-group.ACCOUNTS
04-02 17:33:43.917  1549  1549 W PackageManager: Permission com.google.android.googleapps.permission.GOOGLE_AUTH.sierra from package com.google.android.gsf in an unknown group android.permission-group.ACCOUNTS
04-02 17:33:43.917  1549  1549 W PackageManager: Permission com.google.android.googleapps.permission.GOOGLE_AUTH.sierraqa from package com.google.android.gsf in an unknown group android.permission-group.ACCOUNTS
04-02 17:33:43.917  1549  1549 W PackageManager: Permission com.google.android.googleapps.permission.GOOGLE_AUTH.sierrasandbox from package com.google.android.gsf in an unknown group android.permission-group.ACCOUNTS
04-02 17:33:43.917  1549  1549 W PackageManager: Permission com.google.android.googleapps.permission.GOOGLE_AUTH.youtube from package com.google.android.gsf in an unknown group android.permission-group.ACCOUNTS
