04-02 17:33:56.457  1549  1587 D VoldConnector: SND -> {3 volume reset}
04-02 17:33:56.457  1549  1563 I ActivityManager: Force stopping com.android.providers.media appid=10005 user=-1: vold reset
04-02 17:33:56.457  1549  1588 D VoldConnector: RCV <- {651 emulated 7}
04-02 17:33:56.458  1549  1588 D VoldConnector: RCV <- {659 emulated}
04-02 17:33:56.458  1177  1240 D vold    : Recognized experimental block major ID 253 as virtio-blk (emulator's virtual SD card device)
04-02 17:33:56.458  1177  1240 V vold    : /system/bin/sgdisk
04-02 17:33:56.458  1177  1240 V vold    :     --android-dump
04-02 17:33:56.458  1177  1240 V vold    :     /dev/block/vold/disk:253,48
04-02 17:33:56.458  1549  1549 I SystemServer: WebViewFactory preparation
04-02 17:33:56.458  1549  1588 D VoldConnector: RCV <- {650 emulated 2 "" ""}
04-02 17:33:56.461  1549  1588 D VoldConnector: RCV <- {651 emulated 0}
04-02 17:33:56.461  1549  1588 D VoldConnector: RCV <- {651 private:253,50 7}
04-02 17:33:56.461  1549  1588 D VoldConnector: RCV <- {659 private:253,50}
04-02 17:33:56.461  1549  1588 D VoldConnector: RCV <- {649 disk:253,48}
04-02 17:33:56.461  1549  1588 D VoldConnector: RCV <- {640 disk:253,48 5}
04-02 17:33:56.461  1549  1588 D VoldConnector: RCV <- {641 disk:253,48 209715200}
04-02 17:33:56.461  1549  1588 D VoldConnector: RCV <- {642 disk:253,48 Virtual}
04-02 17:33:56.462  1549  1588 D VoldConnector: RCV <- {644 disk:253,48 /sys//devices/pci0000:00/0000:00:05.0/virtio3/block/vdd}
04-02 17:33:56.465  1177  1240 V vold    : DISK gpt 6AA9E211-30A3-4BE8-B7F8-E88FB1631388
04-02 17:33:56.465  1177  1240 V vold    : PART 1 19A710A2-B3CA-11E4-B026-10604B889DCF 4D1921C4-E00B-4D7F-B224-B1A161C7F748 android_meta
04-02 17:33:56.465  1177  1240 V vold    : PART 2 193D1EA4-B3CA-11E4-B075-10604B889DCF 4EC87586-C763-FA6C-2E67-2B6DEB63C83B android_expand
04-02 17:33:56.465  1177  1240 D vold    : Found key for GUID 4ec87586c763fa6c2e672b6deb63c83b
04-02 17:33:56.465  1177  1240 E Cryptfs : Cannot remove dm-crypt device
04-02 17:33:56.466  1177  1240 I Cryptfs : Enabling support for allow_discards in dmcrypt.
04-02 17:33:56.469  1549  1588 D VoldConnector: RCV <- {650 private:253,50 1 "disk:253,48" "4EC87586-C763-FA6C-2E67-2B6DEB63C83B"}
04-02 17:33:56.469  1549  1588 D VoldConnector: RCV <- {651 private:253,50 0}
04-02 17:33:56.470  1549  1588 D VoldConnector: RCV <- {643 disk:253,48}
04-02 17:33:56.470  1549  1588 D VoldConnector: RCV <- {200 3 Command succeeded}
04-02 17:33:56.470  1177  1205 D vold    : Disk at 252:0 changed
04-02 17:33:56.471  1549  1587 D VoldConnector: SND -> {4 volume user_added 0 0}
04-02 17:33:56.471  1549  1588 D VoldConnector: RCV <- {200 4 Command succeeded}
04-02 17:33:56.472  1549  1565 V MountService: Found primary storage at VolumeInfo{emulated}:
04-02 17:33:56.472  1549  1565 V MountService:     type=EMULATED diskId=null partGuid=null mountFlags=0 mountUserId=-1 
04-02 17:33:56.472  1549  1565 V MountService:     state=UNMOUNTED 
04-02 17:33:56.472  1549  1565 V MountService:     fsType=null fsUuid=null fsLabel=null 
04-02 17:33:56.472  1549  1565 V MountService:     path=null internalPath=null 
04-02 17:33:56.472  1549  1587 D VoldConnector: SND -> {5 volume mount emulated 3 -1}
04-02 17:33:56.473  1177  1240 V vold    : Waiting for FUSE to spin up...
04-02 17:33:56.473  1549  1588 D VoldConnector: RCV <- {651 emulated 1}
04-02 17:33:56.474  1549  1588 D VoldConnector: RCV <- {656 emulated /data/media}
04-02 17:33:56.474  1549  1588 D VoldConnector: RCV <- {655 emulated /storage/emulated}
04-02 17:33:56.518  1549  1549 I ActivityManager: Start proc 1634:WebViewLoader-x86/1037 [android.webkit.WebViewFactory$RelroFileCreator] for 
04-02 17:33:56.522  1634  1634 V WebViewFactory: RelroFileCreator (64bit = false),  32-bit lib: /system/app/webview/webview.apk!/lib/x86/libwebviewchromium.so, 64-bit lib: 
04-02 17:33:56.523  1549  1588 D VoldConnector: RCV <- {651 emulated 2}
04-02 17:33:56.524  1549  1588 D VoldConnector: RCV <- {200 5 Command succeeded}
04-02 17:33:56.531  1549  1549 I ActivityManager: Start proc 1646:com.android.systemui/u0a13 for service com.android.systemui/.SystemUIService
04-02 17:33:56.532  1549  1549 D NetworkManagement: enabling bandwidth control
04-02 17:33:56.533  1549  1587 D VoldConnector: SND -> {6 volume mount private:253,50 0 -1}
04-02 17:33:56.534  1177  1240 V vold    : /system/bin/blkid
04-02 17:33:56.534  1177  1240 V vold    :     -c
04-02 17:33:56.534  1177  1240 V vold    :     /dev/null
04-02 17:33:56.534  1177  1240 V vold    :     -s
04-02 17:33:56.534  1177  1240 V vold    :     TYPE
04-02 17:33:56.534  1177  1240 V vold    :     -s
04-02 17:33:56.534  1177  1240 V vold    :     UUID
04-02 17:33:56.534  1177  1240 V vold    :     -s
04-02 17:33:56.534  1177  1240 V vold    :     LABEL
04-02 17:33:56.534  1177  1240 V vold    :     /dev/block/dm-0
04-02 17:33:56.534  1549  1588 D VoldConnector: RCV <- {651 private:253,50 1}
04-02 17:33:56.545  1549  1563 I ActivityManager: Start proc 1662:com.android.externalstorage/u0a6 for broadcast com.android.externalstorage/.MountReceiver
04-02 17:33:56.713  1662  1662 W System  : ClassLoader referenced unknown path: /system/priv-app/ExternalStorageProvider/lib/x86
04-02 17:33:56.717  1662  1662 D ExternalStorage: After updating volumes, found 1 active roots
04-02 17:33:56.718  1662  1662 D ExternalStorage: After updating volumes, found 1 active roots
04-02 17:33:56.735  1646  1646 W System  : ClassLoader referenced unknown path: /system/priv-app/SystemUI/lib/x86
04-02 17:33:56.747  1177  1240 V vold    : /dev/block/dm-0: UUID="fdd96411-e3ca-4c3f-90e6-44a5068e7953" TYPE="ext4" 
04-02 17:33:56.748  1549  1588 D VoldConnector: RCV <- {652 private:253,50 ext4}
04-02 17:33:56.748  1549  1588 D VoldConnector: RCV <- {653 private:253,50 fdd96411-e3ca-4c3f-90e6-44a5068e7953}
04-02 17:33:56.748  1549  1588 D VoldConnector: RCV <- {654 private:253,50 }
04-02 17:33:56.748  1549  1588 D VoldConnector: RCV <- {655 private:253,50 /mnt/expand/fdd96411-e3ca-4c3f-90e6-44a5068e7953}
04-02 17:33:56.764  1177  1240 D Vold    : Running /system/bin/e2fsck on /dev/block/dm-0
04-02 17:33:56.764  1177  1240 V vold    : /system/bin/e2fsck
04-02 17:33:56.764  1177  1240 V vold    :     -y
04-02 17:33:56.765  1177  1240 V vold    :     /dev/block/dm-0
04-02 17:33:56.883  1196  1537 I iptables: iptables: No chain/target/match by that name.
04-02 17:33:56.890  1196  1537 I iptables: iptables terminated by exit(1)
04-02 17:33:56.890  1196  1537 E Netd    : exec() res=0, status=256 for /system/bin/iptables -w -F st_penalty_log 
04-02 17:33:56.893  1196  1537 I ip6tables: ip6tables: No chain/target/match by that name.
04-02 17:33:56.900  1196  1537 I ip6tables: ip6tables terminated by exit(1)
04-02 17:33:56.900  1196  1537 E Netd    : exec() res=0, status=256 for /system/bin/ip6tables -w -F st_penalty_log 
04-02 17:33:56.903  1196  1537 I iptables: iptables: No chain/target/match by that name.
04-02 17:33:56.903  1196  1537 I iptables: iptables terminated by exit(1)
04-02 17:33:56.903  1196  1537 E Netd    : exec() res=0, status=256 for /system/bin/iptables -w -F st_penalty_reject 
04-02 17:33:56.905  1196  1537 I ip6tables: ip6tables: No chain/target/match by that name.
04-02 17:33:56.910  1196  1537 I ip6tables: ip6tables terminated by exit(1)
04-02 17:33:56.910  1196  1537 E Netd    : exec() res=0, status=256 for /system/bin/ip6tables -w -F st_penalty_reject 
04-02 17:33:56.913  1196  1537 I iptables: iptables: No chain/target/match by that name.
04-02 17:33:56.921  1196  1537 I iptables: iptables terminated by exit(1)
04-02 17:33:56.921  1196  1537 E Netd    : exec() res=0, status=256 for /system/bin/iptables -w -F st_clear_caught 
04-02 17:33:56.924  1196  1537 I ip6tables: ip6tables: No chain/target/match by that name.
04-02 17:33:56.931  1196  1537 I ip6tables: ip6tables terminated by exit(1)
04-02 17:33:56.931  1196  1537 E Netd    : exec() res=0, status=256 for /system/bin/ip6tables -w -F st_clear_caught 
04-02 17:33:56.934  1196  1537 I iptables: iptables: No chain/target/match by that name.
04-02 17:33:56.935  1196  1537 I iptables: iptables terminated by exit(1)
04-02 17:33:56.935  1196  1537 E Netd    : exec() res=0, status=256 for /system/bin/iptables -w -F st_clear_detect 
04-02 17:33:56.944  1196  1537 I ip6tables: ip6tables: No chain/target/match by that name.
04-02 17:33:56.951  1196  1537 I ip6tables: ip6tables terminated by exit(1)
04-02 17:33:56.951  1196  1537 E Netd    : exec() res=0, status=256 for /system/bin/ip6tables -w -F st_clear_detect 
04-02 17:33:56.959  1196  1537 I iptables: iptables: No chain/target/match by that name.
04-02 17:33:56.961  1196  1537 I iptables: iptables terminated by exit(1)
04-02 17:33:56.961  1196  1537 E Netd    : exec() res=0, status=256 for /system/bin/iptables -w -X st_penalty_log 
04-02 17:33:56.965  1196  1537 I ip6tables: ip6tables: No chain/target/match by that name.
04-02 17:33:56.968  1196  1537 I ip6tables: ip6tables terminated by exit(1)
04-02 17:33:56.968  1196  1537 E Netd    : exec() res=0, status=256 for /system/bin/ip6tables -w -X st_penalty_log 
04-02 17:33:56.971  1196  1537 I iptables: iptables: No chain/target/match by that name.
04-02 17:33:56.981  1196  1537 I iptables: iptables terminated by exit(1)
04-02 17:33:56.981  1196  1537 E Netd    : exec() res=0, status=256 for /system/bin/iptables -w -X st_penalty_reject 
04-02 17:33:56.984  1196  1537 I ip6tables: ip6tables: No chain/target/match by that name.
04-02 17:33:56.987  1646  1646 V SystemUIService: Starting SystemUI services.
04-02 17:33:56.989  1196  1537 I ip6tables: ip6tables terminated by exit(1)
04-02 17:33:56.990  1196  1537 E Netd    : exec() res=0, status=256 for /system/bin/ip6tables -w -X st_penalty_reject 
04-02 17:33:56.994  1196  1537 I iptables: iptables: No chain/target/match by that name.
04-02 17:33:57.003  1196  1537 I iptables: iptables terminated by exit(1)
04-02 17:33:57.003  1196  1537 E Netd    : exec() res=0, status=256 for /system/bin/iptables -w -X st_clear_caught 
04-02 17:33:57.007  1196  1537 I ip6tables: ip6tables: No chain/target/match by that name.
04-02 17:33:57.011  1196  1537 I ip6tables: ip6tables terminated by exit(1)
04-02 17:33:57.011  1196  1537 E Netd    : exec() res=0, status=256 for /system/bin/ip6tables -w -X st_clear_caught 
04-02 17:33:57.014  1196  1537 I iptables: iptables: No chain/target/match by that name.
04-02 17:33:57.020  1196  1537 I iptables: iptables terminated by exit(1)
04-02 17:33:57.022  1196  1537 E Netd    : exec() res=0, status=256 for /system/bin/iptables -w -X st_clear_detect 
04-02 17:33:57.031  1196  1537 I ip6tables: ip6tables: No chain/target/match by that name.
04-02 17:33:57.034  1196  1537 I ip6tables: ip6tables terminated by exit(1)
04-02 17:33:57.034  1196  1537 E Netd    : exec() res=0, status=256 for /system/bin/ip6tables -w -X st_clear_detect 
04-02 17:33:57.177  1634  1634 I art     : System.exit called, status: 0
04-02 17:33:57.177  1634  1634 I AndroidRuntime: VM exiting with result code 0, cleanup skipped.
04-02 17:33:57.236  1177  1240 I e2fsck  : e2fsck 1.42.9 (28-Dec-2013)
04-02 17:33:57.238  1177  1240 I e2fsck  : /dev/block/dm-0 was not cleanly unmounted, check forced.
04-02 17:33:57.257  1177  1240 I e2fsck  : Pass 1: Checking inodes, blocks, and sizes
04-02 17:33:57.321  1177  1240 I e2fsck  : Pass 2: Checking directory structure
04-02 17:33:57.322  1646  1740 E WVMExtractor: Failed to open libwvm.so: dlopen failed: library "libwvm.so" not found
04-02 17:33:57.340  1549  1564 W WindowManager: Keyguard drawn timeout. Setting mKeyguardDrawComplete
04-02 17:33:57.363  1177  1240 I e2fsck  : Pass 3: Checking directory connectivity
04-02 17:33:57.363  1177  1240 I e2fsck  : Pass 4: Checking reference counts
04-02 17:33:57.364  1177  1240 I e2fsck  : Pass 5: Checking group summary information
04-02 17:33:57.389  1177  1240 I e2fsck  : /dev/block/dm-0: 21/11712 files (0.0% non-contiguous), 784/46843 blocks
04-02 17:33:57.628  1177  1240 I e2fsck  : e2fsck terminated by exit(1)
04-02 17:33:57.628  1177  1240 D vold    : private:253,50 passed filesystem check
04-02 17:33:57.631  1177  1240 V vold    : Starting restorecon of /mnt/expand/fdd96411-e3ca-4c3f-90e6-44a5068e7953
04-02 17:33:57.636  1177  1240 V vold    : Finished restorecon of /mnt/expand/fdd96411-e3ca-4c3f-90e6-44a5068e7953
04-02 17:33:57.640  1549  1588 D VoldConnector: RCV <- {650 emulated:253,50 2 "" ""}
04-02 17:33:57.640  1549  1588 D VoldConnector: RCV <- {651 emulated:253,50 0}
04-02 17:33:57.640  1549  1588 D VoldConnector: RCV <- {651 private:253,50 2}
04-02 17:33:57.640  1549  1588 D VoldConnector: RCV <- {200 6 Command succeeded}
04-02 17:33:57.641  1549  1587 E VoldConnector: NDC Command {6 volume mount private:253,50 0 -1} took too long (1108ms)
04-02 17:33:57.644  1662  1662 D ExternalStorage: After updating volumes, found 1 active roots
04-02 17:33:57.646  1662  1662 D ExternalStorage: After updating volumes, found 1 active roots
04-02 17:33:57.649  1662  1662 D ExternalStorage: After updating volumes, found 1 active roots
04-02 17:33:57.651  1662  1662 D ExternalStorage: After updating volumes, found 1 active roots
04-02 17:33:57.714  1549  1549 I SystemServiceManager: Starting phase 600
04-02 17:33:57.714  1549  1601 I chatty  : uid=1000(system) AudioService expire 2 lines
04-02 17:33:57.718  1549  1549 I BackupManagerService: Backup enabled => true
04-02 17:33:57.719  1200  1602 I AudioFlinger: systemReady
04-02 17:33:57.774  1549  1549 I ActivityManager: Start proc 1781:com.google.android.googlequicksearchbox:interactor/u0a14 for service com.google.android.googlequicksearchbox/com.google.android.voiceinteraction.GsaVoiceInteractionService
04-02 17:33:57.776  1549  1549 E InputMethodManagerService: Ignoring updateSystemUiLocked due to an invalid token. uid:1000 token:null
04-02 17:33:57.802  1549  1777 I chatty  : uid=1000(system) SoundPoolThread expire 1 line
04-02 17:33:57.826  1549  1549 I ActivityManager: Start proc 1801:com.android.inputmethod.latin/u0a34 for service com.android.inputmethod.latin/.LatinIME
04-02 17:33:57.826  1549  1549 V InputMethodManagerService: Adding window token: android.os.Binder@c058ad0
04-02 17:33:57.976  1200  1200 W OMXNodeInstance: [f:google.mpeg2.decoder] component does not support metadata mode; using fallback
04-02 17:33:57.991  1200  1200 W OMXNodeInstance: [10:google.mpeg4.decoder] component does not support metadata mode; using fallback
04-02 17:33:57.993  1200  1200 W OMXNodeInstance: [11:google.h263.decoder] component does not support metadata mode; using fallback
04-02 17:33:58.011  1200  1200 D SoftAVCDec: Number of CPU cores: 2
04-02 17:33:58.012  1200  1200 W OMXNodeInstance: [12:google.h264.decoder] component does not support metadata mode; using fallback
04-02 17:33:58.013  1200  1200 D SoftAVCDec: Number of CPU cores: 2
04-02 17:33:58.025  1200  1200 D SoftHEVC: Number of CPU cores: 2
04-02 17:33:58.026  1200  1200 D SoftHEVC: Initializing decoder
04-02 17:33:58.027  1200  1200 D SoftHEVC: Set number of cores to 2
04-02 17:33:58.027  1200  1200 D SoftHEVC: Ittiam decoder version number: @(#)Id:HEVCDEC_production Ver:04.04 Released by ITTIAM Build: Jan 11 2016 @ 06:34:43
04-02 17:33:58.028  1200  1200 W OMXNodeInstance: [13:google.hevc.decoder] component does not support metadata mode; using fallback
04-02 17:33:58.028  1200  1200 D SoftHEVC: Freeing codec memory
04-02 17:33:58.028  1200  1200 D SoftHEVC: Number of CPU cores: 2
04-02 17:33:58.028  1200  1200 D SoftHEVC: Initializing decoder
04-02 17:33:58.028  1200  1200 D SoftHEVC: Set number of cores to 2
04-02 17:33:58.028  1200  1200 D SoftHEVC: Ittiam decoder version number: @(#)Id:HEVCDEC_production Ver:04.04 Released by ITTIAM Build: Jan 11 2016 @ 06:34:43
04-02 17:33:58.029  1200  1200 D SoftHEVC: In SoftHEVC::~SoftHEVC
04-02 17:33:58.029  1200  1200 D SoftHEVC: Freeing codec memory
04-02 17:33:58.045  1200  1200 W OMXNodeInstance: [14:google.vp8.decoder] component does not support metadata mode; using fallback
04-02 17:33:58.048  1200  1200 W OMXNodeInstance: [15:google.vp9.decoder] component does not support metadata mode; using fallback
04-02 17:33:58.052  1200  1200 I SoftMPEG4Encoder: Construct SoftMPEG4Encoder
04-02 17:33:58.053  1200  1200 W ACodec  : do not know color format 0x7f000789 = 2130708361
04-02 17:33:58.056  1200  1200 W ACodec  : do not know color format 0x7f000789 = 2130708361
04-02 17:33:58.058  1200  1200 I SoftMPEG4Encoder: Construct SoftMPEG4Encoder
04-02 17:33:58.058  1200  1200 W ACodec  : do not know color format 0x7f000789 = 2130708361
04-02 17:33:58.064  1200  1200 W ACodec  : do not know color format 0x7f000789 = 2130708361
04-02 17:33:58.065  1200  1200 W MediaCodecList: unable to open media codecs configuration xml file: /etc/media_codecs_performance.xml
04-02 17:33:58.065  1200  1200 W MediaCodecList: unable to open media codecs configuration xml file: /data/misc/media/media_codecs_profiling_results.xml
04-02 17:33:58.067  1646  1757 I OMXClient: Using client-side OMX mux.
04-02 17:33:58.069  1549  1798 I chatty  : uid=1000 system_server expire 1 line
04-02 17:33:58.086  1549  1549 E LocationManagerService: FLP HAL not supported
04-02 17:33:58.091  1549  1549 E LocationManagerService: Hardware Activity-Recognition not supported.
04-02 17:33:58.104  1549  1563 I ActivityManager: Start proc 1857:com.google.android.gms.persistent/u0a7 for broadcast com.google.android.gms/com.google.android.location.internal.NlpNetworkProviderSettingsUpdateReceiver
04-02 17:33:58.132  1549  1549 I MmsServiceBroker: Delay connecting to MmsService until an API is called
04-02 17:33:58.137  1549  1549 D MountService: onStartUser 0
04-02 17:33:58.137  1549  1549 D VoldConnector: SND -> {7 volume user_started 0}
04-02 17:33:58.139  1177  1240 D vold    : Linking /storage/emulated/0 to /mnt/user/0/primary
04-02 17:33:58.139  1549  1588 D VoldConnector: RCV <- {200 7 Command succeeded}
04-02 17:33:58.143  1549  1587 D MountService: Volume emulated broadcasting mounted to UserHandle{0}
04-02 17:33:58.152  1857  1857 W System  : ClassLoader referenced unknown path: /system/priv-app/PrebuiltGmsCore/lib/x86
04-02 17:33:58.154  1549  1549 I ActivityManager: Start proc 1872:com.android.phone/1001 for added application com.android.phone
04-02 17:33:58.155  1549  1549 I ActivityManager: START u0 {act=android.intent.action.MAIN cat=[android.intent.category.HOME] flg=0x10000000 cmp=com.google.android.googlequicksearchbox/com.google.android.launcher.GEL} from uid 0 on display 0
04-02 17:33:58.171  1549  1549 I ActivityManager: Start proc 1886:com.google.android.googlequicksearchbox/u0a14 for activity com.google.android.googlequicksearchbox/com.google.android.launcher.GEL
04-02 17:33:58.179  1549  1549 I SystemServer: Enabled StrictMode for system server main thread.
04-02 17:33:58.235  1549  1900 I chatty  : uid=1000 system_server expire 1 line
04-02 17:33:58.247  1646  1904 I OMXClient: Using client-side OMX mux.
04-02 17:33:58.258  1872  1872 W System  : ClassLoader referenced unknown path: /system/priv-app/TeleService/lib/x86
04-02 17:33:58.417  1549  1562 I chatty  : uid=1000(system) android.bg expire 15 lines
04-02 17:33:58.417  1549  1563 I chatty  : uid=1000(system) ActivityManager expire 2 lines
04-02 17:33:58.419  1549  1610 I chatty  : uid=1000(system) WifiRttService expire 1 line
04-02 17:33:58.420  1549  1562 I ActivityManager: Start proc 1907:com.android.printspooler/u0a44 for service com.android.printspooler/.model.PrintSpoolerService
04-02 17:33:58.433  1549  1919 I chatty  : uid=1000 system_server expire 1 line
04-02 17:33:58.457  1907  1913 I art     : Debugger is no longer active
04-02 17:33:58.598  1646  1927 I OMXClient: Using client-side OMX mux.
04-02 17:33:58.641  1549  1930 I chatty  : uid=1000 system_server expire 1 line
04-02 17:33:58.681  1549  1933 I chatty  : uid=1000 system_server expire 1 line
04-02 17:33:58.783  1549  1936 I chatty  : uid=1000 system_server expire 1 line
04-02 17:33:58.796  1872  1872 W System  : ClassLoader referenced unknown path: /system/priv-app/TelephonyProvider/lib/x86
04-02 17:33:59.130  1872  1872 D TelephonyProvider: dbh.onOpen: ok, queried table=siminfo
04-02 17:33:59.131  1872  1872 D TelephonyProvider: dbh.onOpen: ok, queried table=carriers
04-02 17:33:59.334  1549  1941 I ActivityManager: Start proc 1942:android.process.acore/u0a2 for content provider com.android.providers.contacts/.CallLogProvider
04-02 17:33:59.349  1942  1942 W System  : ClassLoader referenced unknown path: /system/priv-app/ContactsProvider/lib/x86
04-02 17:33:59.351  1907  1907 I PrintSpoolerService: No existing print spooler state.
04-02 17:33:59.354  1549  1549 I Telecom : Class: TelecomSystem.INSTANCE being set
04-02 17:33:59.362  1549  1549 V UserManagerService: Found /mnt/expand/fdd96411-e3ca-4c3f-90e6-44a5068e7953/user/0 with serial number 0
04-02 17:33:59.363  1549  1549 W PackageManager: Unknown permission com.google.android.voicesearch.SHORTCUTS_ACCESS in package com.google.android.googlequicksearchbox
04-02 17:33:59.363  1549  1549 W PackageManager: Unknown permission com.google.android.voicesearch.ACCESS_SETTINGS in package com.google.android.googlequicksearchbox
04-02 17:33:59.363  1549  1549 W PackageManager: Unknown permission com.google.android.ears.permission.WRITE in package com.google.android.googlequicksearchbox
04-02 17:33:59.363  1549  1549 W PackageManager: Unknown permission com.google.android.apps.googlevoice.permission.AUTO_SEND in package com.google.android.googlequicksearchbox
04-02 17:33:59.363  1549  1549 W PackageManager: Unknown permission com.google.android.gm.permission.AUTO_SEND in package com.google.android.googlequicksearchbox
04-02 17:33:59.363  1549  1549 W PackageManager: Unknown permission com.google.android.hangouts.START_HANGOUT in package com.google.android.googlequicksearchbox
04-02 17:33:59.363  1549  1549 W PackageManager: Unknown permission com.android.chrome.PRERENDER_URL in package com.google.android.googlequicksearchbox
04-02 17:33:59.363  1549  1549 W PackageManager: Not granting permission com.google.android.googleapps.permission.GOOGLE_AUTH to package com.android.providers.calendar (protectionLevel=2 flags=0x30883e45)
04-02 17:33:59.363  1549  1549 W PackageManager: Not granting permission com.google.android.googleapps.permission.GOOGLE_AUTH.cl to package com.android.providers.calendar (protectionLevel=2 flags=0x30883e45)
04-02 17:33:59.363  1549  1549 W PackageManager: Not granting permission android.permission.PROCESS_OUTGOING_CALLS to package com.example.vamsee.phloat because it was previously installed without
04-02 17:33:59.363  1549  1549 W PackageManager: Not granting permission android.permission.READ_PHONE_STATE to package com.example.vamsee.phloat because it was previously installed without
04-02 17:33:59.363  1549  1549 W PackageManager: Not granting permission android.permission.READ_CONTACTS to package com.example.vamsee.phloat because it was previously installed without
04-02 17:33:59.364  1549  1549 W PackageManager: Not granting permission android.permission.ACCESS_DOWNLOAD_MANAGER to package com.android.browser (protectionLevel=18 flags=0x3889be45)
04-02 17:33:59.364  1549  1549 W PackageManager: Not granting permission android.permission.SEND_DOWNLOAD_COMPLETED_INTENTS to package com.android.browser (protectionLevel=2 flags=0x3889be45)
04-02 17:33:59.364  1549  1549 W PackageManager: Unknown permission com.android.launcher.permission.READ_SETTINGS in package com.google.android.launcher
04-02 17:33:59.364  1549  1549 W PackageManager: Unknown permission com.android.launcher.permission.WRITE_SETTINGS in package com.google.android.launcher
04-02 17:33:59.364  1549  1549 W PackageManager: Not granting permission com.google.android.googleapps.permission.GOOGLE_AUTH.mail to package com.android.calendar (protectionLevel=2 flags=0x3089be45)
04-02 17:33:59.364  1549  1549 W PackageManager: Unknown permission com.google.android.apps.enterprise.dmagent.permission.AutoSyncPermission in package com.google.android.gms
04-02 17:33:59.364  1549  1549 W PackageManager: Unknown permission com.google.android.hangouts.START_HANGOUT in package com.google.android.gms
04-02 17:33:59.364  1549  1549 W PackageManager: Unknown permission com.google.android.wearable.READ_SETTINGS in package com.google.android.gms
04-02 17:33:59.364  1549  1549 W PackageManager: Unknown permission com.google.android.gm.permission.READ_GMAIL in package com.google.android.gms
04-02 17:33:59.364  1549  1549 W PackageManager: Not granting permission android.permission.DELETE_PACKAGES to package com.svox.pico (protectionLevel=18 flags=0x3888be45)
04-02 17:33:59.364  1549  1549 W PackageManager: Not granting permission android.permission.READ_CONTACTS to package com.example.android.apis because it was previously installed without
04-02 17:33:59.365  1549  1549 W PackageManager: Not granting permission android.permission.WRITE_CONTACTS to package com.example.android.apis because it was previously installed without
04-02 17:33:59.365  1549  1549 W PackageManager: Not granting permission android.permission.ACCESS_COARSE_LOCATION to package com.example.android.apis because it was previously installed without
04-02 17:33:59.365  1549  1549 W PackageManager: Not granting permission android.permission.WRITE_EXTERNAL_STORAGE to package com.example.android.apis because it was previously installed without
04-02 17:33:59.365  1549  1549 W PackageManager: Not granting permission android.permission.SEND_SMS to package com.example.android.apis because it was previously installed without
04-02 17:33:59.365  1549  1549 W PackageManager: Not granting permission android.permission.RECEIVE_SMS to package com.example.android.apis because it was previously installed without
04-02 17:33:59.365  1549  1549 W PackageManager: Not granting permission android.permission.RECEIVE_MMS to package com.example.android.apis because it was previously installed without
04-02 17:33:59.365  1549  1549 W PackageManager: Not granting permission android.permission.READ_SMS to package com.example.android.apis because it was previously installed without
04-02 17:33:59.365  1549  1549 W PackageManager: Not granting permission android.permission.READ_PHONE_STATE to package com.example.android.apis because it was previously installed without
04-02 17:33:59.365  1549  1549 W PackageManager: Not granting permission android.permission.RECORD_AUDIO to package com.example.android.apis because it was previously installed without
04-02 17:33:59.365  1549  1549 W PackageManager: Not granting permission android.permission.CAMERA to package com.example.android.apis because it was previously installed without
04-02 17:33:59.365  1549  1549 W PackageManager: Not granting permission android.permission.READ_EXTERNAL_STORAGE to package com.example.android.apis because it was previously installed without
04-02 17:33:59.365  1549  1549 W PackageManager: Not granting permission android.permission.CONTROL_KEYGUARD to package com.google.android.gsf.login (protectionLevel=2 flags=0x30c8be45)
04-02 17:33:59.365  1549  1549 W PackageManager: Unknown permission com.android.vending.billing.BILLING_ACCOUNT_SERVICE in package com.google.android.gsf.login
04-02 17:33:59.365  1549  1549 W PackageManager: Unknown permission com.android.vending.billing.ADD_CREDIT_CARD in package com.google.android.gsf.login
04-02 17:33:59.365  1549  1549 W PackageManager: Unknown permission com.android.vending.billing.IBillingAccountService.BIND2 in package com.google.android.gsf.login
04-02 17:33:59.365  1549  1549 W PackageManager: Unknown permission com.android.vending.TOS_ACKED in package com.google.android.gsf.login
04-02 17:33:59.365  1549  1549 W PackageManager: Unknown permission com.android.chrome.TOS_ACKED in package com.google.android.gsf.login
04-02 17:33:59.365  1549  1549 W PackageManager: Unknown permission com.android.launcher.permission.READ_SETTINGS in package com.android.settings
04-02 17:33:59.365  1549  1549 W PackageManager: Unknown permission com.android.launcher.permission.WRITE_SETTINGS in package com.android.settings
04-02 17:33:59.366  1549  1549 W PackageManager: Unknown permission com.android.smspush.WAPPUSH_MANAGER_BIND in package com.android.phone
04-02 17:33:59.373  1549  1549 W PackageManager: Not granting permission android.permission.BIND_APPWIDGET to package com.android.widgetpreview (protectionLevel=18 flags=0x1808be44)
04-02 17:33:59.968  1549  1901 I chatty  : uid=1000(system) Binder_5 expire 8 lines
04-02 17:34:00.012  1549  1549 V WiredAccessoryManager: init()
04-02 17:34:00.239  1801  1801 I LatinIME: Hardware accelerated drawing: true
04-02 17:34:00.240  1190  1312 I chatty  : uid=1000(system) Binder_3 expire 5 lines
04-02 17:34:00.306  1646  1646 I vol.Events: writeEvent collection_started
04-02 17:34:00.322  1646  1978 I vol.Events: writeEvent external_ringer_mode_changed normal
04-02 17:34:00.322  1646  1978 I vol.Events: writeEvent internal_ringer_mode_changed normal
04-02 17:34:00.445  1549  1568 W WindowManager: Window freeze timeout expired.
04-02 17:34:00.446  1549  1568 W WindowManager: Force clearing orientation change: Window{6b6249f u0 KeyguardScrim}
04-02 17:34:00.481  1549  1549 V BackupManagerService: Connected to transport ComponentInfo{android/com.android.internal.backup.LocalTransportService}
04-02 17:34:00.481  1549  1549 V BackupManagerService: Registering transport android/com.android.internal.backup.LocalTransportService::android/com.android.internal.backup.LocalTransport = android.app.backup.BackupTransport$TransportImpl@534c110
04-02 17:34:01.361  1646  1978 I vol.Events: writeEvent level_changed STREAM_ALARM 6
04-02 17:34:01.371  1942  1942 W System  : ClassLoader referenced unknown path: /system/app/UserDictionaryProvider/lib/x86
04-02 17:34:01.372  1646  1978 I vol.Events: writeEvent level_changed STREAM_BLUETOOTH_SCO 7
04-02 17:34:01.425  1801  1801 W InputAttributes: No editor info for this field. Bug?
04-02 17:34:01.433  1646  1978 I vol.Events: writeEvent level_changed STREAM_MUSIC 11
04-02 17:34:01.444  1646  1646 D StorageNotification: Notifying about private volume: VolumeInfo{private:253,50}:
04-02 17:34:01.444  1646  1646 D StorageNotification:     type=PRIVATE diskId=disk:253,48 
04-02 17:34:01.444  1646  1646 D StorageNotification:     partGuid=4EC87586-C763-FA6C-2E67-2B6DEB63C83B mountFlags=0 mountUserId=-1 
04-02 17:34:01.444  1646  1646 D StorageNotification:     state=MOUNTED 
04-02 17:34:01.444  1646  1646 D StorageNotification:     fsType=ext4 fsUuid=fdd96411-e3ca-4c3f-90e6-44a5068e7953 fsLabel= 
04-02 17:34:01.444  1646  1646 D StorageNotification:     path=/mnt/expand/fdd96411-e3ca-4c3f-90e6-44a5068e7953 internalPath=null 
04-02 17:34:01.447  1646  1646 D StorageNotification: Notifying about private volume: VolumeInfo{private}:
04-02 17:34:01.447  1646  1646 D StorageNotification:     type=PRIVATE diskId=null partGuid=null mountFlags=0 mountUserId=-1 
04-02 17:34:01.447  1646  1646 D StorageNotification:     state=MOUNTED 
04-02 17:34:01.447  1646  1646 D StorageNotification:     fsType=null fsUuid=null fsLabel=null 
04-02 17:34:01.447  1646  1646 D StorageNotification:     path=/data internalPath=null 
04-02 17:34:01.454  1646  1978 I vol.Events: writeEvent level_changed STREAM_RING 5
04-02 17:34:01.462  1646  1978 I vol.Events: writeEvent level_changed STREAM_SYSTEM 5
04-02 17:34:01.492  1646  1978 I vol.Events: writeEvent level_changed STREAM_VOICE_CALL 4
04-02 17:34:01.517  1549  1561 I ActivityManager: Start proc 2000:com.android.music/u0a39 for broadcast com.android.music/.MediaButtonIntentReceiver
04-02 17:34:01.528  2000  2006 E art     : Failed sending reply to debugger: Broken pipe
04-02 17:34:01.528  2000  2006 I art     : Debugger is no longer active
04-02 17:34:01.603  2000  2000 W System  : ClassLoader referenced unknown path: /system/app/Music/lib/x86
04-02 17:34:01.745  1549  1561 I StatusBarManagerService: registerStatusBar bar=com.android.internal.statusbar.IStatusBar$Stub$Proxy@33f1edf
04-02 17:34:01.855  1872  2028 E DcSwitchStateMachine-0: DctController is not ready
04-02 17:34:01.857  1549  1596 E ConnectivityService: Failed to find Messenger in unregisterNetworkFactory
04-02 17:34:01.858  1549  1596 D ConnectivityService: Got NetworkFactory Messenger for Telephony
04-02 17:34:01.885  1872  1872 D CarrierConfigLoader: CarrierConfigLoader has started
04-02 17:34:01.885  1872  1872 E BluetoothAdapter: Bluetooth binder is null
04-02 17:34:02.081  1801  1999 I LatinIME:LogUtils: Dictionary info: dictionary = contacts.en_US ; version = 1459186287 ; date = 1459186287
04-02 17:34:02.082  1801  1999 I LatinIME:LogUtils: Dictionary info: dictionary = userunigram.en_US ; version = 1459632842 ; date = ?
04-02 17:34:02.174  1801  1999 I LatinIME:LogUtils: Dictionary info: dictionary = UserHistoryDictionary.en_US ; version = 1458085033 ; date = 1458085033
04-02 17:34:02.189  1872  1872 I Telephony: TtyManager: updateUiTtyMode -1 -> 0
04-02 17:34:02.333  1549  1683 I chatty  : uid=1000(system) Binder_4 expire 10 lines
04-02 17:34:02.335  1549  1997 I chatty  : uid=1000(system) Binder_6 expire 7 lines
04-02 17:34:03.174  1872  1872 D TelephonyDebugService: TelephonyDebugService()
04-02 17:34:03.180  1646  1657 I art     : Background sticky concurrent mark sweep GC freed 5569(433KB) AllocSpace objects, 0(0B) LOS objects, 3% free, 10MB/10MB, paused 532us total 170.549ms
04-02 17:34:03.193  1872  1872 D CarrierConfigLoader: mHandler: 12 phoneId: 0
04-02 17:34:03.207  1872  1872 E PhoneInterfaceManager: [PhoneIntfMgr] getIccId: No UICC
04-02 17:34:03.252  1801  1999 I LatinIME:LogUtils: Dictionary info: dictionary = main:en ; version = 54 ; date = 1414726273
04-02 17:34:03.259  1549  1595 D WifiService: New client listening to asynchronous messages
04-02 17:34:03.304  1549  1560 I Telecom : PhoneAccountRegistrar: New phone account registered: [[ ] PhoneAccount: ComponentInfo{com.android.phone/com.android.services.telephony.TelephonyConnectionService}, [e0184adedf913b076626646d3f52c3b49c39ad6d], UserHandle{0} Capabilities: 54 Schemes: tel voicemail ]
04-02 17:34:03.392  1549  1560 I Telecom : : Sending phone-account intent as user
04-02 17:34:03.394  1872  1872 I Telephony: AccountEntry: Registered phoneAccount: [[ ] PhoneAccount: ComponentInfo{com.android.phone/com.android.services.telephony.TelephonyConnectionService}, [e0184adedf913b076626646d3f52c3b49c39ad6d], UserHandle{0} Capabilities: 54 Schemes: tel voicemail ] with handle: ComponentInfo{com.android.phone/com.android.services.telephony.TelephonyConnectionService}, [e0184adedf913b076626646d3f52c3b49c39ad6d], UserHandle{0}
04-02 17:34:03.477  1872  1872 I Telephony: PstnIncomingCallNotifier: Registering: Handler (com.android.internal.telephony.gsm.GSMPhone) {f991db7}
04-02 17:34:03.487  1872  1872 I Telephony: TelecomAccountRegistry: Unregistering phone account ComponentInfo{com.android.phone/com.android.services.telephony.TelephonyConnectionService}, [e2f7d48dd2b5ca523e7313cf4ba0f6ea830b6281], UserHandle{0}.
04-02 17:34:03.524  1646  1646 E BluetoothAdapter: Bluetooth binder is null
04-02 17:34:03.527  1549  1901 D ConnectivityService: listenForNetwork for Listen from uid/pid:10013/1646 for NetworkRequest [ id=3, legacyType=-1, [] ]
04-02 17:34:03.537  1646  1646 I CameraManagerGlobal: Connecting to camera service
04-02 17:34:03.540  1200  1852 V EmulatedCamera_Camera: getCameraInfo
04-02 17:34:03.540  1200  1852 V EmulatedCamera_BaseCamera: getCameraInfo
04-02 17:34:03.540  1200  1852 I CameraService: getCameraCharacteristics: Switching to HAL1 shim implementation...
04-02 17:34:03.540  1200  1852 V EmulatedCamera_Camera: getCameraInfo
04-02 17:34:03.540  1200  1852 V EmulatedCamera_BaseCamera: getCameraInfo
04-02 17:34:03.541  1200  1852 I CameraService: CameraService::connect call (PID 1200 "media", camera ID 0) for HAL version default and Camera API version 1
04-02 17:34:03.541  1200  1852 E CameraService: getCameraPriorityFromProcState: Received invalid process state -1 from ActivityManagerService!
04-02 17:34:03.541  1200  1852 V EmulatedCamera_Camera: getCameraInfo
04-02 17:34:03.541  1200  1852 V EmulatedCamera_BaseCamera: getCameraInfo
04-02 17:34:03.587  1549  1901 W Telecom : : No account found for the calling user
04-02 17:34:03.588  1200  2041 E WVMExtractor: Failed to open libwvm.so: dlopen failed: library "libwvm.so" not found
04-02 17:34:03.590  1200  2040 D NuPlayerDriver: notifyListener_l(0xb6119f00), (1, 0, 0)
04-02 17:34:03.607  1549  1560 I ActivityManager: Start proc 2044:android.process.media/u0a5 for content provider com.android.providers.media/.MediaProvider
04-02 17:34:03.621  1200  2042 D NuPlayerDriver: notifyListener_l(0xb6119fc0), (1, 0, 0)
04-02 17:34:03.630  1200  1852 I CameraClient: Opening camera 0
04-02 17:34:03.630  1200  1852 V EmulatedCamera_Camera: getCameraInfo
04-02 17:34:03.630  1200  1852 V EmulatedCamera_BaseCamera: getCameraInfo
04-02 17:34:03.630  1200  1852 V EmulatedCamera_Camera: connectCamera
04-02 17:34:03.630  1200  1852 V EmulatedCamera_FakeDevice: connectDevice
04-02 17:34:03.630  1200  1852 V EmulatedCamera_CallbackNotifier: setCallbacks: 0xb758f505, 0xb758fdba, 0xb758fc92, 0xb7590267 (0xb611a020)
04-02 17:34:03.630  1200  1852 V EmulatedCamera_CallbackNotifier: enableMessage: msg_type = 0xc0d
04-02 17:34:03.630  1200  1852 V EmulatedCamera_CallbackNotifier:     CAMERA_MSG_ERROR
04-02 17:34:03.630  1200  1852 V EmulatedCamera_CallbackNotifier:     CAMERA_MSG_FOCUS
04-02 17:34:03.630  1200  1852 V EmulatedCamera_CallbackNotifier:     CAMERA_MSG_ZOOM
04-02 17:34:03.630  1200  1852 V EmulatedCamera_CallbackNotifier:     CAMERA_MSG_PREVIEW_METADATA
04-02 17:34:03.630  1200  1852 V EmulatedCamera_CallbackNotifier: **** Currently enabled messages:
04-02 17:34:03.630  1200  1852 V EmulatedCamera_CallbackNotifier:     CAMERA_MSG_ERROR
04-02 17:34:03.630  1200  1852 V EmulatedCamera_CallbackNotifier:     CAMERA_MSG_FOCUS
04-02 17:34:03.630  1200  1852 V EmulatedCamera_CallbackNotifier:     CAMERA_MSG_ZOOM
04-02 17:34:03.630  1200  1852 V EmulatedCamera_CallbackNotifier:     CAMERA_MSG_PREVIEW_METADATA
04-02 17:34:03.630  1200  1852 V EmulatedCamera_CallbackNotifier: disableMessage: msg_type = 0xffff
04-02 17:34:03.630  1200  1852 V EmulatedCamera_CallbackNotifier:     CAMERA_MSG_ERROR
04-02 17:34:03.630  1200  1852 V EmulatedCamera_CallbackNotifier:     CAMERA_MSG_SHUTTER
04-02 17:34:03.630  1200  1852 V EmulatedCamera_CallbackNotifier:     CAMERA_MSG_FOCUS
04-02 17:34:03.630  1200  1852 V EmulatedCamera_CallbackNotifier:     CAMERA_MSG_ZOOM
04-02 17:34:03.631  1200  1852 V EmulatedCamera_CallbackNotifier:     CAMERA_MSG_PREVIEW_FRAME
04-02 17:34:03.631  1200  1852 V EmulatedCamera_CallbackNotifier:     CAMERA_MSG_VIDEO_FRAME
04-02 17:34:03.631  1200  1852 V EmulatedCamera_CallbackNotifier:     CAMERA_MSG_POSTVIEW_FRAME
04-02 17:34:03.631  1200  1852 V EmulatedCamera_CallbackNotifier:     CAMERA_MSG_RAW_IMAGE
04-02 17:34:03.631  1200  1852 V EmulatedCamera_CallbackNotifier:     CAMERA_MSG_COMPRESSED_IMAGE
04-02 17:34:03.631  1200  1852 V EmulatedCamera_CallbackNotifier:     CAMERA_MSG_RAW_IMAGE_NOTIFY
04-02 17:34:03.631  1200  1852 V EmulatedCamera_CallbackNotifier:     CAMERA_MSG_PREVIEW_METADATA
04-02 17:34:03.631  1200  1852 V EmulatedCamera_CallbackNotifier: **** Currently enabled messages:
04-02 17:34:03.631  1200  1852 V EmulatedCamera_Camera: doStopPreview
04-02 17:34:03.631  1200  1852 V EmulatedCamera_Camera: cancelPicture
04-02 17:34:03.631  1200  1852 V EmulatedCamera_Camera: releaseCamera
04-02 17:34:03.631  1200  1852 V EmulatedCamera_Camera: doStopPreview
04-02 17:34:03.631  1200  1852 V EmulatedCamera_FakeDevice: disconnectDevice
04-02 17:34:03.631  1200  1852 I CameraFlashlight: Destroying camera 0
04-02 17:34:03.631  1200  1852 V EmulatedCamera_Camera: closeCamera
04-02 17:34:03.631  1200  1852 V EmulatedCamera_Camera: doStopPreview
04-02 17:34:03.632  1200  1852 I CameraService: disconnect: Disconnected client for camera 0 for PID 1200
04-02 17:34:03.632  1200  1852 D NuPlayerDriver: reset(0xb6119f00)
04-02 17:34:03.632  1200  1852 D NuPlayerDriver: notifyListener_l(0xb6119f00), (8, 0, 0)
04-02 17:34:03.633  1200  2040 D NuPlayerDriver: notifyResetComplete(0xb6119f00)
04-02 17:34:03.633  1200  1852 D NuPlayerDriver: reset(0xb6119fc0)
04-02 17:34:03.633  1200  1852 D NuPlayerDriver: notifyListener_l(0xb6119fc0), (8, 0, 0)
04-02 17:34:03.633  1200  2042 D NuPlayerDriver: notifyResetComplete(0xb6119fc0)
04-02 17:34:03.634  1200  1852 E CameraService: disconnect: Disconnect called on already disconnected client for device 0
04-02 17:34:03.634  1200  1602 V EmulatedCamera_Camera: getCameraInfo
04-02 17:34:03.634  1200  1602 V EmulatedCamera_BaseCamera: getCameraInfo
04-02 17:34:03.634  1200  1602 I CameraService: getCameraCharacteristics: Switching to HAL1 shim implementation...
04-02 17:34:03.634  1200  1602 V EmulatedCamera_Camera: getCameraInfo
04-02 17:34:03.634  1200  1602 V EmulatedCamera_BaseCamera: getCameraInfo
04-02 17:34:03.634  1200  1602 I CameraService: CameraService::connect call (PID 1200 "media", camera ID 1) for HAL version default and Camera API version 1
04-02 17:34:03.634  1200  1602 E CameraService: getCameraPriorityFromProcState: Received invalid process state -1 from ActivityManagerService!
04-02 17:34:03.635  1200  1602 V EmulatedCamera_Camera: getCameraInfo
04-02 17:34:03.635  1200  1602 V EmulatedCamera_BaseCamera: getCameraInfo
04-02 17:34:03.636  2044  2044 W System  : ClassLoader referenced unknown path: /system/priv-app/MediaProvider/lib/x86
04-02 17:34:03.642  1872  1872 D MccTable: updateMccMncConfiguration mccmnc='310260' fromServiceState=true
04-02 17:34:03.643  1872  1872 D MccTable: updateMccMncConfiguration defaultMccMnc=
04-02 17:34:03.643  1872  1872 D MccTable: updateMccMncConfiguration: mcc=310, mnc=260
04-02 17:34:03.643  1872  1872 D MccTable: WIFI_COUNTRY_CODE set to us
04-02 17:34:03.643  1200  2061 D NuPlayerDriver: notifyListener_l(0xb4821000), (1, 0, 0)
04-02 17:34:03.644  1549  1595 D WifiService: New client listening to asynchronous messages
04-02 17:34:03.644  1549  1901 I WifiService: WifiService trying to set country code to us with persist set to true
04-02 17:34:03.650  1200  2064 D NuPlayerDriver: notifyListener_l(0xb4821060), (1, 0, 0)
04-02 17:34:03.651  1200  1602 I CameraClient: Opening camera 1
04-02 17:34:03.651  1200  1602 V EmulatedCamera_Camera: getCameraInfo
04-02 17:34:03.651  1200  1602 V EmulatedCamera_BaseCamera: getCameraInfo
04-02 17:34:03.651  1200  1602 V EmulatedCamera_Camera: connectCamera
04-02 17:34:03.651  1200  1602 V EmulatedCamera_FakeDevice: connectDevice
04-02 17:34:03.651  1200  1602 V EmulatedCamera_CallbackNotifier: setCallbacks: 0xb758f505, 0xb758fdba, 0xb758fc92, 0xb7590267 (0xb48210c0)
04-02 17:34:03.651  1200  1602 V EmulatedCamera_CallbackNotifier: enableMessage: msg_type = 0xc0d
04-02 17:34:03.651  1200  1602 V EmulatedCamera_CallbackNotifier:     CAMERA_MSG_ERROR
04-02 17:34:03.651  1200  1602 V EmulatedCamera_CallbackNotifier:     CAMERA_MSG_FOCUS
04-02 17:34:03.651  1200  1602 V EmulatedCamera_CallbackNotifier:     CAMERA_MSG_ZOOM
04-02 17:34:03.651  1200  1602 V EmulatedCamera_CallbackNotifier:     CAMERA_MSG_PREVIEW_METADATA
04-02 17:34:03.651  1200  1602 V EmulatedCamera_CallbackNotifier: **** Currently enabled messages:
04-02 17:34:03.651  1200  1602 V EmulatedCamera_CallbackNotifier:     CAMERA_MSG_ERROR
04-02 17:34:03.651  1200  1602 V EmulatedCamera_CallbackNotifier:     CAMERA_MSG_FOCUS
04-02 17:34:03.651  1200  1602 V EmulatedCamera_CallbackNotifier:     CAMERA_MSG_ZOOM
04-02 17:34:03.651  1200  1602 V EmulatedCamera_CallbackNotifier:     CAMERA_MSG_PREVIEW_METADATA
04-02 17:34:03.651  1200  1602 V EmulatedCamera_CallbackNotifier: disableMessage: msg_type = 0xffff
04-02 17:34:03.651  1200  1602 V EmulatedCamera_CallbackNotifier:     CAMERA_MSG_ERROR
04-02 17:34:03.651  1200  1602 V EmulatedCamera_CallbackNotifier:     CAMERA_MSG_SHUTTER
04-02 17:34:03.651  1200  1602 V EmulatedCamera_CallbackNotifier:     CAMERA_MSG_FOCUS
04-02 17:34:03.651  1200  1602 V EmulatedCamera_CallbackNotifier:     CAMERA_MSG_ZOOM
04-02 17:34:03.651  1200  1602 V EmulatedCamera_CallbackNotifier:     CAMERA_MSG_PREVIEW_FRAME
04-02 17:34:03.651  1200  1602 V EmulatedCamera_CallbackNotifier:     CAMERA_MSG_VIDEO_FRAME
04-02 17:34:03.651  1200  1602 V EmulatedCamera_CallbackNotifier:     CAMERA_MSG_POSTVIEW_FRAME
04-02 17:34:03.651  1200  1602 V EmulatedCamera_CallbackNotifier:     CAMERA_MSG_RAW_IMAGE
04-02 17:34:03.651  1200  1602 V EmulatedCamera_CallbackNotifier:     CAMERA_MSG_COMPRESSED_IMAGE
04-02 17:34:03.651  1200  1602 V EmulatedCamera_CallbackNotifier:     CAMERA_MSG_RAW_IMAGE_NOTIFY
04-02 17:34:03.651  1200  1602 V EmulatedCamera_CallbackNotifier:     CAMERA_MSG_PREVIEW_METADATA
04-02 17:34:03.651  1200  1602 V EmulatedCamera_CallbackNotifier: **** Currently enabled messages:
04-02 17:34:03.651  1200  1602 V EmulatedCamera_Camera: doStopPreview
04-02 17:34:03.651  1200  1602 V EmulatedCamera_Camera: cancelPicture
04-02 17:34:03.651  1200  1602 V EmulatedCamera_Camera: releaseCamera
04-02 17:34:03.651  1200  1602 V EmulatedCamera_Camera: doStopPreview
04-02 17:34:03.651  1200  1602 V EmulatedCamera_FakeDevice: disconnectDevice
04-02 17:34:03.651  1200  1602 I CameraFlashlight: Destroying camera 1
04-02 17:34:03.651  1200  1602 V EmulatedCamera_Camera: closeCamera
04-02 17:34:03.651  1200  1602 V EmulatedCamera_Camera: doStopPreview
04-02 17:34:03.652  1200  1602 I CameraService: disconnect: Disconnected client for camera 1 for PID 1200
04-02 17:34:03.652  1200  1602 D NuPlayerDriver: reset(0xb4821000)
04-02 17:34:03.652  1200  1602 D NuPlayerDriver: notifyListener_l(0xb4821000), (8, 0, 0)
04-02 17:34:03.652  1200  2061 D NuPlayerDriver: notifyResetComplete(0xb4821000)
04-02 17:34:03.653  1200  1602 D NuPlayerDriver: reset(0xb4821060)
04-02 17:34:03.653  1200  1602 D NuPlayerDriver: notifyListener_l(0xb4821060), (8, 0, 0)
04-02 17:34:03.653  1200  2064 D NuPlayerDriver: notifyResetComplete(0xb4821060)
04-02 17:34:03.653  1200  1602 E CameraService: disconnect: Disconnect called on already disconnected client for device 1
04-02 17:34:03.653  1200  1200 V EmulatedCamera_Camera: getCameraInfo
04-02 17:34:03.653  1200  1200 V EmulatedCamera_BaseCamera: getCameraInfo
04-02 17:34:03.654  1200  1852 V EmulatedCamera_Camera: getCameraInfo
04-02 17:34:03.654  1200  1852 V EmulatedCamera_BaseCamera: getCameraInfo
04-02 17:34:03.773  1200  1602 V EmulatedCamera_Camera: getCameraInfo
04-02 17:34:03.773  1200  1602 V EmulatedCamera_BaseCamera: getCameraInfo
04-02 17:34:03.774  1200  1547 V EmulatedCamera_Camera: getCameraInfo
04-02 17:34:03.774  1200  1547 V EmulatedCamera_BaseCamera: getCameraInfo
04-02 17:34:03.807  1646  2068 D OpenGLRenderer: Use EGL_SWAP_BEHAVIOR_PRESERVED: true
04-02 17:34:03.807  1646  2068 D OpenGLRenderer: profile bars disabled
04-02 17:34:03.807  1646  2068 D OpenGLRenderer: ambientRatio = 1.50
04-02 17:34:03.814  1646  1646 D         : HostConnection::get() New Host Connection established 0xa30c2350, tid 1646
04-02 17:34:03.818  1646  1646 D PhoneStatusBar: disable: < EXPAND* icons alerts system_info BACK* HOME* RECENT* clock SEARCH* quick_settings >
04-02 17:34:03.852  1646  1646 D PhoneStatusBar: heads up is enabled
04-02 17:34:04.001  1872  1872 I Telephony: PstnIncomingCallNotifier: Unregistering: Handler (com.android.internal.telephony.gsm.GSMPhone) {f991db7}
04-02 17:34:04.002  1872  1872 E PhoneInterfaceManager: [PhoneIntfMgr] getIccId: No UICC
04-02 17:34:04.003  1549  1901 I Telecom : PhoneAccountRegistrar: [ComponentInfo{com.android.phone/com.android.services.telephony.TelephonyConnectionService}, [e0184adedf913b076626646d3f52c3b49c39ad6d], UserHandle{0}(icon: Icon(typ=BITMAP size=57x72) -> Icon(typ=BITMAP size=57x72))]
04-02 17:34:04.024  1646  1657 I art     : Background sticky concurrent mark sweep GC freed 18772(1086KB) AllocSpace objects, 0(0B) LOS objects, 0% free, 14MB/14MB, paused 7.932ms total 36.212ms
04-02 17:34:04.045  1190  1898 I chatty  : uid=1000(system) Binder_4 expire 1 line
04-02 17:34:04.110  1549  1901 I Telecom : : Sending phone-account intent as user
04-02 17:34:04.110  1872  1872 I Telephony: AccountEntry: Registered phoneAccount: [[ ] PhoneAccount: ComponentInfo{com.android.phone/com.android.services.telephony.TelephonyConnectionService}, [e0184adedf913b076626646d3f52c3b49c39ad6d], UserHandle{0} Capabilities: 54 Schemes: tel voicemail ] with handle: ComponentInfo{com.android.phone/com.android.services.telephony.TelephonyConnectionService}, [e0184adedf913b076626646d3f52c3b49c39ad6d], UserHandle{0}
04-02 17:34:04.110  1872  1872 I Telephony: PstnIncomingCallNotifier: Registering: Handler (com.android.internal.telephony.gsm.GSMPhone) {f991db7}
04-02 17:34:04.112  1549  1682 W Telecom : : No account found for the calling user
04-02 17:34:04.141  1872  2028 E DcSwitchStateMachine-0: EVENT_DATA_DISALLOWED failed, com.android.internal.telephony.CommandException: REQUEST_NOT_SUPPORTED
04-02 17:34:04.225  1872  2028 E DcSwitchStateMachine-0: EVENT_DATA_DISALLOWED failed, com.android.internal.telephony.CommandException: REQUEST_NOT_SUPPORTED
04-02 17:34:04.234  1872  1872 D MccTable: updateMccMncConfiguration mccmnc='310260' fromServiceState=false
04-02 17:34:04.234  1872  1872 D MccTable: updateMccMncConfiguration defaultMccMnc=
