04-02 17:39:19.961  1549  1563 E ActivityManager:   0.3% 2185/com.google.android.gms: 0% user + 0.2% kernel / faults: 26790 minor 20 major
04-02 17:39:19.961  1549  1563 E ActivityManager:   0.1% 1189/servicemanager: 0% user + 0.1% kernel
04-02 17:39:19.961  1549  1563 E ActivityManager:   0% 1872/com.android.phone: 0% user + 0% kernel / faults: 356 minor
04-02 17:39:19.961  1549  1563 E ActivityManager:   0% 1627/sdcard: 0% user + 0% kernel
04-02 17:39:19.961  1549  1563 E ActivityManager:   0% 3/ksoftirqd/0: 0% user + 0% kernel
04-02 17:39:19.961  1549  1563 E ActivityManager:   0% 8/rcu_preempt: 0% user + 0% kernel
04-02 17:39:19.961  1549  1563 E ActivityManager:   0% 1168/kworker/0:1H: 0% user + 0% kernel
04-02 17:39:19.961  1549  1563 E ActivityManager:   0% 1188/lmkd: 0% user + 0% kernel
04-02 17:39:19.961  1549  1563 E ActivityManager:   0% 2100/com.google.process.gapps: 0% user + 0% kernel / faults: 942 minor
04-02 17:39:19.961  1549  1563 E ActivityManager:   0% 802/kworker/0:2: 0% user + 0% kernel
04-02 17:39:19.961  1549  1563 E ActivityManager:   0% 1174/jbd2/vdc-8: 0% user + 0% kernel
04-02 17:39:19.961  1549  1563 E ActivityManager:   0% 1201/installd: 0% user + 0% kernel / faults: 112 minor
04-02 17:39:19.961  1549  1563 E ActivityManager:   0% 1942/android.process.acore: 0% user + 0% kernel / faults: 563 minor
04-02 17:39:19.961  1549  1563 E ActivityManager:   0% 1176/logd: 0% user + 0% kernel / faults: 57 minor
04-02 17:39:19.961  1549  1563 E ActivityManager:   0% 633/kworker/1:1: 0% user + 0% kernel
04-02 17:39:19.961  1549  1563 E ActivityManager:   0% 2567/com.android.email: 0% user + 0% kernel / faults: 919 minor 5 major
04-02 17:39:19.961  1549  1563 E ActivityManager:   0% 12/ksoftirqd/1: 0% user + 0% kernel
04-02 17:39:19.961  1549  1563 E ActivityManager:   0% 1801/com.android.inputmethod.latin: 0% user + 0% kernel / faults: 26 minor
04-02 17:39:19.961  1549  1563 E ActivityManager:   0% 2371/com.android.providers.calendar: 0% user + 0% kernel / faults: 738 minor
04-02 17:39:19.961  1549  1563 E ActivityManager:   0% 1203/zygote: 0% user + 0% kernel / faults: 8647 minor
04-02 17:39:19.961  1549  1563 E ActivityManager:   0% 2255/com.google.android.apps.maps: 0% user + 0% kernel / faults: 3 minor
04-02 17:39:19.961  1549  1563 E ActivityManager:   0% 2591/com.android.exchange: 0% user + 0% kernel / faults: 2224 minor 17 major
04-02 17:39:19.961  1549  1563 E ActivityManager:   0% 16/kworker/u4:1: 0% user + 0% kernel
04-02 17:39:19.961  1549  1563 E ActivityManager:   0% 2044/android.process.media: 0% user + 0% kernel / faults: 509 minor
04-02 17:39:19.961  1549  1563 E ActivityManager:   0% 2341/com.android.calendar: 0% user + 0% kernel / faults: 746 minor
04-02 17:39:19.961  1549  1563 E ActivityManager:   0% 6/kworker/u4:0: 0% user + 0% kernel
04-02 17:39:19.961  1549  1563 E ActivityManager:   0% 11/migration/1: 0% user + 0% kernel
04-02 17:39:19.961  1549  1563 E ActivityManager:   0% 1196/netd: 0% user + 0% kernel / faults: 53 minor
04-02 17:39:19.961  1549  1563 E ActivityManager:   0% 2409/com.android.messaging: 0% user + 0% kernel / faults: 86 minor
04-02 17:39:19.961  1549  1563 E ActivityManager:   0% 2438/com.android.keychain: 0% user + 0% kernel / faults: 1312 minor
04-02 17:39:19.961  1549  1563 E ActivityManager:  +0% 2675/com.android.defcontainer: 0% user + 0% kernel
04-02 17:39:19.961  1549  1563 E ActivityManager:  +0% 2780/logcat: 0% user + 0% kernel
04-02 17:39:19.961  1549  1563 E ActivityManager:  +0% 2874/com.svox.pico: 0% user + 0% kernel
04-02 17:39:19.961  1549  1563 E ActivityManager:  +0% 3006/com.android.packageinstaller: 0% user + 0% kernel
04-02 17:39:19.961  1549  1563 E ActivityManager:  +0% 5409/vamsee.phriend: 0% user + 0% kernel
04-02 17:39:19.961  1549  1563 E ActivityManager: 26% TOTAL: 2% user + 20% kernel + 3.9% iowait + 0% irq + 0% softirq
04-02 17:39:19.961  1549  1563 E ActivityManager: CPU usage from 1288ms to 1800ms later:
04-02 17:39:19.961  1549  1563 E ActivityManager:   25% 1549/system_server: 0% user + 25% kernel
04-02 17:39:19.961  1549  1563 E ActivityManager:     19% 1576/SensorService: 0% user + 19% kernel
04-02 17:39:19.961  1549  1563 E ActivityManager:     3.9% 1863/gps_state_threa: 0% user + 3.9% kernel
04-02 17:39:19.961  1549  1563 E ActivityManager:     1.9% 1563/ActivityManager: 0% user + 1.9% kernel
04-02 17:39:19.961  1549  1563 E ActivityManager:   8.3% 1198/rild: 0% user + 8.3% kernel
04-02 17:39:19.961  1549  1563 E ActivityManager:     8.3% 1275/rild: 0% user + 8.3% kernel
04-02 17:39:19.961  1549  1563 E ActivityManager:   3.3% 1195/adbd: 0% user + 3.3% kernel / faults: 16 minor
04-02 17:39:19.961  1549  1563 E ActivityManager:     1.6% 1207/adbd: 0% user + 1.6% kernel
04-02 17:39:19.961  1549  1563 E ActivityManager:     1.6% 1210/adbd: 0% user + 1.6% kernel
04-02 17:39:19.961  1549  1563 E ActivityManager:   3.3% 1243/fingerprintd: 0% user + 3.3% kernel
04-02 17:39:19.961  1549  1563 E ActivityManager:     3.3% 1605/fingerprintd: 0% user + 3.3% kernel
04-02 17:39:19.961  1549  1563 E ActivityManager: 9.1% TOTAL: 0% user + 9.1% kernel
04-02 17:39:20.008  1549  2813 I OpenGLRenderer: Initialized EGL, version 1.4
04-02 17:39:20.040  1549  2813 W EGL_emulation: eglSurfaceAttrib not implemented
04-02 17:39:20.040  1549  2813 W OpenGLRenderer: Failed to set EGL_SWAP_BEHAVIOR on surface 0x9fcebd40, error=EGL_SUCCESS
04-02 17:39:20.167  1549  1559 I art     : Background sticky concurrent mark sweep GC freed 20987(1046KB) AllocSpace objects, 3(1072KB) LOS objects, 16% free, 8MB/10MB, paused 8.027ms total 179.149ms
04-02 17:42:18.216  1549  1564 W ActivityManager:   Force finishing activity vamsee.phriend/.Main
04-02 17:42:18.249  1549  1564 D         : HostConnection::get() New Host Connection established 0x9fdade30, tid 1564
04-02 17:42:18.255  1190  1190 E EGL_emulation: tid 1190: eglCreateSyncKHR(1294): error 0x3004 (EGL_BAD_ATTRIBUTE)
04-02 17:42:18.360  5409  5415 W art     : Suspending all threads took: 8.656ms
04-02 17:42:18.428  1549  1564 I ActivityManager: Killing 5409:vamsee.phriend/u0a58 (adj 0): user request after error
04-02 17:42:18.481  1549  1585 W InputDispatcher: channel '77d996 vamsee.phriend/vamsee.phriend.Main (server)' ~ Consumer closed input channel or an error occurred.  events=0xd
04-02 17:42:18.481  1549  1585 E InputDispatcher: channel '77d996 vamsee.phriend/vamsee.phriend.Main (server)' ~ Channel is unrecoverably broken and will be disposed!
04-02 17:42:18.481  1549  1585 W InputDispatcher: channel 'dd1618a  (server)' ~ Consumer closed input channel or an error occurred.  events=0x9
04-02 17:42:18.481  1549  1585 E InputDispatcher: channel 'dd1618a  (server)' ~ Channel is unrecoverably broken and will be disposed!
04-02 17:42:18.490  1549  1997 I WindowState: WIN DEATH: Window{dd1618a u0 vamsee.phriend}
04-02 17:42:18.490  1549  1997 W InputDispatcher: Attempted to unregister already unregistered input channel 'dd1618a  (server)'
04-02 17:42:18.493  1549  2073 D GraphicsStats: Buffer count: 5
04-02 17:42:18.504  1549  1683 W ActivityManager: Scheduling restart of crashed service vamsee.phriend/.OverlayService in 400714ms
04-02 17:42:18.508  1549  1560 I WindowState: WIN DEATH: Window{77d996 u0 vamsee.phriend/vamsee.phriend.Main}
04-02 17:42:18.508  1549  1560 W InputDispatcher: Attempted to unregister already unregistered input channel '77d996 vamsee.phriend/vamsee.phriend.Main (server)'
04-02 17:42:18.525  1549  2813 E Surface : getSlotFromBufferLocked: unknown buffer: 0xa21237a0
04-02 17:42:18.544  1549  2813 D OpenGLRenderer: endAllStagingAnimators on 0xa20b2b80 (RippleDrawable) with handle 0x9febf1a0
04-02 17:42:18.579  1886  2154 W EGL_emulation: eglSurfaceAttrib not implemented
04-02 17:42:18.579  1886  2154 W OpenGLRenderer: Failed to set EGL_SWAP_BEHAVIOR on surface 0xa4c24340, error=EGL_SUCCESS
04-02 17:42:18.682  1549  1682 W InputMethodManagerService: Got RemoteException sending setActive(false) notification to pid 5409 uid 10058
04-02 17:42:18.774  1549  1568 W AppOps  : Finishing op nesting under-run: uid 1000 pkg android code 24 time=0 duration=0 nesting=0
04-02 17:42:18.840  2076  8819 I HotwordRecognitionRnr: Starting hotword detection.
04-02 17:42:18.855  2076  8820 I MicrophoneInputStream: mic_starting com.google.android.apps.gsa.speech.audio.u@79df2b6
04-02 17:42:18.866  1200  1602 E audio_hw_generic: Error opening input stream format 1, channel_mask 0010, sample_rate 16000
04-02 17:42:18.873  1200  8822 I AudioFlinger: AudioFlinger's thread 0xb3cc0000 ready to run
04-02 17:42:18.889  2076  8820 I MicrophoneInputStream: mic_started com.google.android.apps.gsa.speech.audio.u@79df2b6
04-02 17:42:18.927  2076  2076 I HotwordWorker: onReady
04-02 17:42:19.159  1549  1568 W WindowAnimator: Failed to dispatch window animation state change.
04-02 17:42:19.159  1549  1568 W WindowAnimator: android.os.DeadObjectException
04-02 17:42:19.159  1549  1568 W WindowAnimator: 	at android.os.BinderProxy.transactNative(Native Method)
04-02 17:42:19.159  1549  1568 W WindowAnimator: 	at android.os.BinderProxy.transact(Binder.java:503)
04-02 17:42:19.159  1549  1568 W WindowAnimator: 	at android.view.IWindow$Stub$Proxy.onAnimationStopped(IWindow.java:534)
04-02 17:42:19.159  1549  1568 W WindowAnimator: 	at com.android.server.wm.WindowAnimator.updateWindowsLocked(WindowAnimator.java:286)
04-02 17:42:19.159  1549  1568 W WindowAnimator: 	at com.android.server.wm.WindowAnimator.animateLocked(WindowAnimator.java:678)
04-02 17:42:19.159  1549  1568 W WindowAnimator: 	at com.android.server.wm.WindowAnimator.-wrap0(WindowAnimator.java)
04-02 17:42:19.159  1549  1568 W WindowAnimator: 	at com.android.server.wm.WindowAnimator$1.doFrame(WindowAnimator.java:123)
04-02 17:42:19.159  1549  1568 W WindowAnimator: 	at android.view.Choreographer$CallbackRecord.run(Choreographer.java:856)
04-02 17:42:19.159  1549  1568 W WindowAnimator: 	at android.view.Choreographer.doCallbacks(Choreographer.java:670)
04-02 17:42:19.159  1549  1568 W WindowAnimator: 	at android.view.Choreographer.doFrame(Choreographer.java:603)
04-02 17:42:19.159  1549  1568 W WindowAnimator: 	at android.view.Choreographer$FrameDisplayEventReceiver.run(Choreographer.java:844)
04-02 17:42:19.159  1549  1568 W WindowAnimator: 	at android.os.Handler.handleCallback(Handler.java:739)
04-02 17:42:19.159  1549  1568 W WindowAnimator: 	at android.os.Handler.dispatchMessage(Handler.java:95)
04-02 17:42:19.159  1549  1568 W WindowAnimator: 	at android.os.Looper.loop(Looper.java:148)
04-02 17:42:19.159  1549  1568 W WindowAnimator: 	at android.os.HandlerThread.run(HandlerThread.java:61)
04-02 17:42:19.159  1549  1568 W WindowAnimator: 	at com.android.server.ServiceThread.run(ServiceThread.java:46)
04-02 17:42:19.196  1886  2154 W OpenGLRenderer: Incorrectly called buildLayer on View: em, destroying layer...
04-02 17:42:20.567  1200  1545 W AudioFlinger: write blocked for 1045 msecs, 3 delayed writes, thread 0xb4480000
04-02 17:42:26.799  8835  8835 D AndroidRuntime: >>>>>> START com.android.internal.os.RuntimeInit uid 0 <<<<<<
04-02 17:42:26.801  8835  8835 D AndroidRuntime: CheckJNI is ON
04-02 17:42:26.864  8835  8835 D ICU     : No timezone override file found: /data/misc/zoneinfo/current/icu/icu_tzdata.dat
04-02 17:42:26.988  8835  8835 E memtrack: Couldn't load memtrack module (No such file or directory)
04-02 17:42:26.988  8835  8835 E android.os.Debug: failed to load memtrack module: -2
04-02 17:42:26.989  8835  8835 I Radio-JNI: register_android_hardware_Radio DONE
04-02 17:42:27.001  8835  8835 D AndroidRuntime: Calling main entry com.android.commands.am.Am
04-02 17:42:27.010  1549  1560 I ActivityManager: Force stopping vamsee.phriend appid=10058 user=0: from pid 8835
04-02 17:42:27.010  1549  1560 I ActivityManager:   Force stopping service ServiceRecord{eaa992c u0 vamsee.phriend/.OverlayService}
04-02 17:42:27.011  8835  8835 D AndroidRuntime: Shutting down VM
04-02 17:42:27.429  8844  8844 D AndroidRuntime: >>>>>> START com.android.internal.os.RuntimeInit uid 0 <<<<<<
04-02 17:42:27.430  8844  8844 D AndroidRuntime: CheckJNI is ON
04-02 17:42:27.443  8844  8844 D ICU     : No timezone override file found: /data/misc/zoneinfo/current/icu/icu_tzdata.dat
04-02 17:42:27.454  8848  8848 D AndroidRuntime: >>>>>> START com.android.internal.os.RuntimeInit uid 0 <<<<<<
04-02 17:42:27.459  8848  8848 D AndroidRuntime: CheckJNI is ON
04-02 17:42:27.563  8844  8844 E memtrack: Couldn't load memtrack module (No such file or directory)
04-02 17:42:27.563  8844  8844 E android.os.Debug: failed to load memtrack module: -2
04-02 17:42:27.564  8848  8848 D ICU     : No timezone override file found: /data/misc/zoneinfo/current/icu/icu_tzdata.dat
04-02 17:42:27.564  8844  8844 I Radio-JNI: register_android_hardware_Radio DONE
04-02 17:42:27.573  8844  8844 D AndroidRuntime: Calling main entry com.android.commands.wm.Wm
04-02 17:42:27.579  8844  8844 D AndroidRuntime: Shutting down VM
04-02 17:42:27.621  8848  8848 E memtrack: Couldn't load memtrack module (No such file or directory)
04-02 17:42:27.621  8848  8848 E android.os.Debug: failed to load memtrack module: -2
04-02 17:42:27.622  8848  8848 I Radio-JNI: register_android_hardware_Radio DONE
04-02 17:42:27.630  8848  8848 D AndroidRuntime: Calling main entry com.android.commands.am.Am
04-02 17:42:27.633  1549  8812 I ActivityManager: START u0 {act=android.intent.action.MAIN cat=[android.intent.category.LAUNCHER] flg=0x10000000 cmp=vamsee.phriend/.Main} from uid 0 on display 0
04-02 17:42:27.659  2076  2172 I MicrophoneInputStream: mic_close com.google.android.apps.gsa.speech.audio.u@79df2b6
04-02 17:42:27.664  8848  8848 D AndroidRuntime: Shutting down VM
04-02 17:42:27.672  2076  8819 I HotwordRecognitionRnr: Hotword detection finished
04-02 17:42:27.672  2076  2173 I HotwordRecognitionRnr: Stopping hotword detection.
04-02 17:42:27.693  8863  8863 I art     : Not late-enabling -Xcheck:jni (already on)
04-02 17:42:27.730  1549  1901 I ActivityManager: Start proc 8863:vamsee.phriend/u0a58 for activity vamsee.phriend/.Main
04-02 17:42:27.748  8863  8863 W System  : ClassLoader referenced unknown path: /data/app/vamsee.phriend-1/lib/x86
04-02 17:42:27.884  1190  1898 E SurfaceFlinger: ro.sf.lcd_density must be defined as a build property
04-02 17:42:27.884  8863  8886 D OpenGLRenderer: Use EGL_SWAP_BEHAVIOR_PRESERVED: true
04-02 17:42:27.887  8863  8863 D         : HostConnection::get() New Host Connection established 0xb40ae340, tid 8863
04-02 17:42:27.993  8863  8886 D         : HostConnection::get() New Host Connection established 0xaf8d2720, tid 8886
04-02 17:42:27.999  8863  8886 I OpenGLRenderer: Initialized EGL, version 1.4
04-02 17:42:28.039  1886  2154 E Surface : getSlotFromBufferLocked: unknown buffer: 0xa4cb97e0
04-02 17:42:28.041  8863  8886 W EGL_emulation: eglSurfaceAttrib not implemented
04-02 17:42:28.041  8863  8886 W OpenGLRenderer: Failed to set EGL_SWAP_BEHAVIOR on surface 0xaf8d35a0, error=EGL_SUCCESS
04-02 17:42:28.446  1549  1568 I ActivityManager: Displayed vamsee.phriend/.Main: +757ms
04-02 17:45:01.012  1549  1563 I ActivityManager: Start proc 11086:com.android.deskclock/u0a24 for broadcast com.android.deskclock/com.android.alarmclock.DigitalAppWidgetProvider
04-02 17:45:01.038 11086 11086 W System  : ClassLoader referenced unknown path: /system/app/DeskClock/lib/x86
04-02 17:45:01.047  1549  1901 I ActivityManager: Killing 2255:com.google.android.apps.maps/u0a38 (adj 15): empty #17
04-02 17:48:44.248 14313 14313 D AndroidRuntime: >>>>>> START com.android.internal.os.RuntimeInit uid 0 <<<<<<
04-02 17:48:44.249 14313 14313 D AndroidRuntime: CheckJNI is ON
04-02 17:48:44.587 14313 14313 D ICU     : No timezone override file found: /data/misc/zoneinfo/current/icu/icu_tzdata.dat
04-02 17:48:44.800 14313 14313 E memtrack: Couldn't load memtrack module (No such file or directory)
04-02 17:48:44.801 14313 14313 E android.os.Debug: failed to load memtrack module: -2
04-02 17:48:44.875 14313 14313 I Radio-JNI: register_android_hardware_Radio DONE
04-02 17:48:44.903 14313 14313 D AndroidRuntime: Calling main entry com.android.commands.pm.Pm
04-02 17:48:44.995  2675  2686 D DefContainer: Copying /data/local/tmp/vamsee.phriend to base.apk
04-02 17:48:45.079  1549  1573 I PackageManager.DexOptimizer: Running dexopt (dex2oat) on: /data/app/vmdl1168563255.tmp/base.apk pkg=vamsee.phriend isa=x86 vmSafeMode=false debuggable=true oatDir = /data/app/vmdl1168563255.tmp/oat
04-02 17:48:45.093 14334 14334 W dex2oat : Unexpected CPU variant for X86 using defaults: x86
04-02 17:48:45.093 14334 14334 W dex2oat : Mismatch between dex2oat instruction set features (ISA: X86 Feature string: smp,-ssse3,-sse4.1,-sse4.2,-avx,-avx2) and those of dex2oat executable (ISA: X86 Feature string: smp,ssse3,-sse4.1,-sse4.2,-avx,-avx2) for the command line:
04-02 17:48:45.093 14334 14334 W dex2oat : /system/bin/dex2oat --zip-fd=6 --zip-location=base.apk --oat-fd=7 --oat-location=/data/app/vmdl1168563255.tmp/oat/x86/base.odex --instruction-set=x86 --instruction-set-variant=x86 --instruction-set-features=default --runtime-arg -Xms64m --runtime-arg -Xmx512m --swap-fd=8 --debuggable
04-02 17:48:45.093 14334 14334 I dex2oat : /system/bin/dex2oat --debuggable
04-02 17:48:45.093 14334 14334 E cutils-trace: Error opening trace file: Permission denied (13)
04-02 17:48:45.262 14334 14334 W dex2oat : Before Android 4.1, method int android.support.v7.widget.ListViewCompat.lookForSelectablePosition(int, boolean) would have incorrectly overridden the package-private method in android.widget.ListView
04-02 17:48:45.268 14334 14336 W dex2oat : Before Android 4.1, method android.graphics.PorterDuffColorFilter android.support.graphics.drawable.VectorDrawableCompat.updateTintFilter(android.graphics.PorterDuffColorFilter, android.content.res.ColorStateList, android.graphics.PorterDuff$Mode) would have incorrectly overridden the package-private method in android.graphics.drawable.Drawable
04-02 17:48:47.076 14334 14334 I dex2oat : dex2oat took 1.983s (threads: 2) arena alloc=445KB java alloc=2MB native alloc=10MB free=2MB
04-02 17:48:47.098  1549  1563 I ActivityManager: Force stopping vamsee.phriend appid=10058 user=-1: uninstall pkg
04-02 17:48:47.098  1549  1563 I ActivityManager: Killing 8863:vamsee.phriend/u0a58 (adj 0): stop vamsee.phriend
04-02 17:48:47.101  1549  1585 W InputDispatcher: channel 'c3fb1ab vamsee.phriend/vamsee.phriend.Main (server)' ~ Consumer closed input channel or an error occurred.  events=0x9
04-02 17:48:47.101  1549  1585 E InputDispatcher: channel 'c3fb1ab vamsee.phriend/vamsee.phriend.Main (server)' ~ Channel is unrecoverably broken and will be disposed!
04-02 17:48:47.103  1549  1682 D GraphicsStats: Buffer count: 5
04-02 17:48:47.104  1549  1682 I WindowState: WIN DEATH: Window{c3fb1ab u0 vamsee.phriend/vamsee.phriend.Main}
04-02 17:48:47.104  1549  1682 W InputDispatcher: Attempted to unregister already unregistered input channel 'c3fb1ab vamsee.phriend/vamsee.phriend.Main (server)'
04-02 17:48:47.151  1549  1563 W ActivityManager: Force removing ActivityRecord{8db7c31 u0 vamsee.phriend/.Main t252}: app died, no saved state
04-02 17:48:47.286  1549  1573 I PackageManager: Package vamsee.phriend codePath changed from /data/app/vamsee.phriend-1 to /data/app/vamsee.phriend-2; Retaining data and using new
04-02 17:48:47.286  1549  1573 W PackageManager: Code path for vamsee.phriend changing from /data/app/vamsee.phriend-1 to /data/app/vamsee.phriend-2
04-02 17:48:47.286  1549  1573 W PackageManager: Resource path for vamsee.phriend changing from /data/app/vamsee.phriend-1 to /data/app/vamsee.phriend-2
04-02 17:48:47.290  1549  1564 W art     : Long monitor contention event with owner method=void com.android.server.am.ActivityManagerService$MainHandler.handleMessage(android.os.Message) from ActivityManagerService.java:1698 waiters=0 for 191ms
04-02 17:48:47.290  1549  1563 I ActivityManager: Force stopping vamsee.phriend appid=10058 user=-1: replace pkg
04-02 17:48:47.293  1549  1560 W ActivityManager: Spurious death for ProcessRecord{c18684e 0:vamsee.phriend/u0a58}, curProc for 8863: null
04-02 17:48:47.466  1549  1564 W art     : Long monitor contention event with owner method=void com.android.server.pm.PackageManagerService.updateSettingsLI(android.content.pm.PackageParser$Package, java.lang.String, java.lang.String, int[], boolean[], com.android.server.pm.PackageManagerService$PackageInstalledInfo, android.os.UserHandle) from PackageManagerService.java:12088 waiters=0 for 175ms
04-02 17:48:47.466  1549  1683 W art     : Long monitor contention event with owner method=void com.android.server.pm.PackageManagerService.updateSettingsLI(android.content.pm.PackageParser$Package, java.lang.String, java.lang.String, int[], boolean[], com.android.server.pm.PackageManagerService$PackageInstalledInfo, android.os.UserHandle) from PackageManagerService.java:12088 waiters=1 for 168ms
04-02 17:48:47.632  1549  1901 W art     : Long monitor contention event with owner method=void com.android.server.pm.PackageManagerService.updateSettingsLI(android.content.pm.PackageParser$Package, java.lang.String, java.lang.String, int[], boolean[], com.android.server.pm.PackageManagerService$PackageInstalledInfo, android.os.UserHandle) from PackageManagerService.java:12098 waiters=0 for 154ms
04-02 17:48:47.632  1549  1573 W Settings: Setting install_non_market_apps has moved from android.provider.Settings.Global to android.provider.Settings.Secure, returning read-only value.
04-02 17:48:47.632  1549  1573 I art     : Starting a blocking GC Explicit
04-02 17:48:47.660  1886  2154 W EGL_emulation: eglSurfaceAttrib not implemented
04-02 17:48:47.661  1886  2154 W OpenGLRenderer: Failed to set EGL_SWAP_BEHAVIOR on surface 0xa4c238a0, error=EGL_SUCCESS
04-02 17:48:47.745  1549  1997 W InputMethodManagerService: Got RemoteException sending setActive(false) notification to pid 8863 uid 10058
04-02 17:48:47.773  1549  1573 I art     : Explicit concurrent mark sweep GC freed 31405(1750KB) AllocSpace objects, 7(156KB) LOS objects, 33% free, 7MB/10MB, paused 619us total 122.642ms
04-02 17:48:47.785  1549  1573 W PackageManager: Couldn't remove dex file for package:  at location /data/app/vamsee.phriend-1/base.apk, retcode=-1
04-02 17:48:47.820 14313 14313 I art     : System.exit called, status: 0
04-02 17:48:47.820 14313 14313 I AndroidRuntime: VM exiting with result code 0.
04-02 17:48:47.819  1549  1573 I ActivityManager: Force stopping vamsee.phriend appid=10058 user=0: pkg removed
04-02 17:48:47.879  1549  1549 D JobSchedulerService: Receieved: android.intent.action.PACKAGE_REMOVED
04-02 17:48:47.884  1549  1586 I InputReader: Reconfiguring input devices.  changes=0x00000010
04-02 17:48:47.908  1872  1872 D CarrierServiceBindHelper: Receive action: android.intent.action.PACKAGE_REMOVED
04-02 17:48:47.908  1872  1872 D CarrierServiceBindHelper: mHandler: 3
04-02 17:48:47.912  1549  1586 I InputReader: Reconfiguring input devices.  changes=0x00000010
04-02 17:48:47.939  1549  1586 I InputReader: Reconfiguring input devices.  changes=0x00000010
04-02 17:48:47.945  2185 14381 D PackageBroadcastService: Received broadcast action=android.intent.action.PACKAGE_REMOVED and uri=vamsee.phriend
04-02 17:48:47.981  2185  2185 D ChimeraCfgMgr: Loading module com.google.android.gms.games from APK com.google.android.gms
04-02 17:48:47.986  1872  1872 D CarrierServiceBindHelper: Receive action: android.intent.action.PACKAGE_ADDED
04-02 17:48:47.986  1872  1872 D CarrierServiceBindHelper: Receive action: android.intent.action.PACKAGE_REPLACED
04-02 17:48:47.986  1872  1872 D CarrierServiceBindHelper: mHandler: 3
04-02 17:48:47.988  1872  1872 D CarrierServiceBindHelper: mHandler: 3
04-02 17:48:47.988  1872  1872 D CarrierConfigLoader: mHandler: 9 phoneId: 0
04-02 17:48:48.015  2076 14389 I HotwordRecognitionRnr: Starting hotword detection.
04-02 17:48:48.021  2076 14393 I MicrophoneInputStream: mic_starting com.google.android.apps.gsa.speech.audio.u@8c1e6f
04-02 17:48:48.022  1200  1602 E audio_hw_generic: Error opening input stream format 1, channel_mask 0010, sample_rate 16000
04-02 17:48:48.024  1200 14396 I AudioFlinger: AudioFlinger's thread 0xb3cc0000 ready to run
04-02 17:48:48.026  2076 14393 I MicrophoneInputStream: mic_started com.google.android.apps.gsa.speech.audio.u@8c1e6f
04-02 17:48:48.036  2076  2086 I art     : Background sticky concurrent mark sweep GC freed 1972(138KB) AllocSpace objects, 1(16KB) LOS objects, 11% free, 4MB/5MB, paused 6.030ms total 8.821ms
04-02 17:48:48.038  2076  2076 I HotwordWorker: onReady
04-02 17:48:48.126  1857  1857 E NetworkScheduler.SchedulerReceiver: Invalid parameter app
04-02 17:48:48.126  1857  1857 E NetworkScheduler.SchedulerReceiver: Invalid package name : Perhaps you didn't include a PendingIntent in the extras?
04-02 17:48:48.151  2438  2438 W ContextImpl: Calling a method in the system process without a qualified user: android.app.ContextImpl.startService:1221 android.content.ContextWrapper.startService:581 android.content.ContextWrapper.startService:581 com.android.keychain.KeyChainBroadcastReceiver.onReceive:12 android.app.ActivityThread.handleReceiver:2725 
04-02 17:48:48.177  2185  2185 D ChimeraCfgMgr: Loading module com.google.android.gms.games from APK com.google.android.gms
04-02 17:48:48.180  2185  2185 D ChimeraCfgMgr: Loading module com.google.android.gms.gass from APK com.google.android.gms
04-02 17:48:48.181  2185  2185 D AsyncTaskServiceImpl: Submit a task: k
04-02 17:48:48.181  2185 14399 D PackageBroadcastService: Received broadcast action=android.intent.action.PACKAGE_ADDED and uri=vamsee.phriend
04-02 17:48:48.190  2185  2185 D ChimeraCfgMgr: Loading module com.google.android.gms.gass from APK com.google.android.gms
04-02 17:48:48.211  2185  2185 D ChimeraCfgMgr: Loading module com.google.android.gms.vision from APK com.google.android.gms
04-02 17:48:48.212  2185 14400 D k       : Processing package: vamsee.phriend
04-02 17:48:48.226  2185 14400 D GassUtils: Found app info for package vamsee.phriend:1. Hash: 5c2965546f5cf8baf26e36a2becadc3b9ba07580c6e4c9002217161a15fdf2a1
04-02 17:48:48.226  2185 14400 D k       : Found info for package vamsee.phriend in db.
04-02 17:48:48.250  1549  1683 I AccountManagerService: getTypesVisibleToCaller: isPermitted? true
04-02 17:48:48.250  2185 14402 I PeopleContactsSync: triggerPendingContactsCleanup: no accounts
04-02 17:48:48.312  1886  2154 W OpenGLRenderer: Incorrectly called buildLayer on View: em, destroying layer...
04-02 17:48:48.340 14382 14382 D AndroidRuntime: >>>>>> START com.android.internal.os.RuntimeInit uid 0 <<<<<<
04-02 17:48:48.343 14382 14382 D AndroidRuntime: CheckJNI is ON
04-02 17:48:48.348 14388 14388 D AndroidRuntime: >>>>>> START com.android.internal.os.RuntimeInit uid 0 <<<<<<
04-02 17:48:48.349 14388 14388 D AndroidRuntime: CheckJNI is ON
04-02 17:48:48.490 14382 14382 D ICU     : No timezone override file found: /data/misc/zoneinfo/current/icu/icu_tzdata.dat
04-02 17:48:48.563 14388 14388 D ICU     : No timezone override file found: /data/misc/zoneinfo/current/icu/icu_tzdata.dat
04-02 17:48:48.725 14382 14382 E memtrack: Couldn't load memtrack module (No such file or directory)
04-02 17:48:48.725 14382 14382 E android.os.Debug: failed to load memtrack module: -2
04-02 17:48:48.726 14382 14382 I Radio-JNI: register_android_hardware_Radio DONE
04-02 17:48:48.743 14388 14388 E memtrack: Couldn't load memtrack module (No such file or directory)
04-02 17:48:48.743 14388 14388 E android.os.Debug: failed to load memtrack module: -2
04-02 17:48:48.744 14388 14388 I Radio-JNI: register_android_hardware_Radio DONE
04-02 17:48:48.746 14382 14382 D AndroidRuntime: Calling main entry com.android.commands.wm.Wm
04-02 17:48:48.747 14382 14382 D AndroidRuntime: Shutting down VM
04-02 17:48:48.752 14382 14415 E art     : Thread attaching while runtime is shutting down: Binder_1
04-02 17:48:48.752 14382 14415 I AndroidRuntime: NOTE: attach of thread 'Binder_1' failed
04-02 17:48:48.757 14388 14388 D AndroidRuntime: Calling main entry com.android.commands.am.Am
04-02 17:48:48.764  1549  8812 I ActivityManager: START u0 {act=android.intent.action.MAIN cat=[android.intent.category.LAUNCHER] flg=0x10000000 cmp=vamsee.phriend/.Main} from uid 0 on display 0
04-02 17:48:48.789  2076  2172 I MicrophoneInputStream: mic_close com.google.android.apps.gsa.speech.audio.u@8c1e6f
04-02 17:48:48.794  2076  2173 I HotwordRecognitionRnr: Stopping hotword detection.
04-02 17:48:48.805  2076 14389 I HotwordRecognitionRnr: Hotword detection finished
04-02 17:48:48.810 14388 14388 D AndroidRuntime: Shutting down VM
04-02 17:48:48.837  1549  2073 I ActivityManager: Start proc 14418:vamsee.phriend/u0a58 for activity vamsee.phriend/.Main
04-02 17:48:48.840 14418 14418 I art     : Not late-enabling -Xcheck:jni (already on)
04-02 17:48:48.871 14418 14418 W System  : ClassLoader referenced unknown path: /data/app/vamsee.phriend-2/lib/x86
04-02 17:48:48.880 14418 14424 I art     : Debugger is no longer active
04-02 17:48:48.941  1190  1898 E SurfaceFlinger: ro.sf.lcd_density must be defined as a build property
04-02 17:48:48.942 14418 14432 D OpenGLRenderer: Use EGL_SWAP_BEHAVIOR_PRESERVED: true
04-02 17:48:48.945 14418 14418 D         : HostConnection::get() New Host Connection established 0xad846410, tid 14418
04-02 17:48:48.994  2076 14431 I UpdateIcingCorporaServi: Updating corpora: APPS=vamsee.phriend, CONTACTS=MAYBE
04-02 17:48:49.034 14418 14432 D         : HostConnection::get() New Host Connection established 0xaf8d2760, tid 14432
04-02 17:48:49.050 14418 14432 I OpenGLRenderer: Initialized EGL, version 1.4
04-02 17:48:49.076  1886  2154 E Surface : getSlotFromBufferLocked: unknown buffer: 0xa4cba260
04-02 17:48:49.100 14418 14432 W EGL_emulation: eglSurfaceAttrib not implemented
04-02 17:48:49.100 14418 14432 W OpenGLRenderer: Failed to set EGL_SWAP_BEHAVIOR on surface 0xaf8d3500, error=EGL_SUCCESS
04-02 17:48:49.194  1886  2117 D WidgetsModel: com.google.android.googlequicksearchbox is filtered and not added to the widget tray.
04-02 17:48:49.361  2185 14434 D PackageBroadcastService: Received broadcast action=android.intent.action.PACKAGE_REPLACED and uri=vamsee.phriend
04-02 17:48:49.364  2185  2185 D ChimeraCfgMgr: Loading module com.google.android.gms.gass from APK com.google.android.gms
04-02 17:48:49.372  1549  1568 I ActivityManager: Displayed vamsee.phriend/.Main: +546ms
04-02 17:48:49.372  2185  2185 D AsyncTaskServiceImpl: Submit a task: k
04-02 17:48:49.415  2185  2185 D ChimeraCfgMgr: Loading module com.google.android.gms.gass from APK com.google.android.gms
04-02 17:48:49.441  2185 14436 D k       : Processing package: vamsee.phriend
04-02 17:48:49.502  2185  2185 D ChimeraCfgMgr: Loading module com.google.android.gms.vision from APK com.google.android.gms
04-02 17:48:49.559  1857  1857 E NetworkScheduler.SchedulerReceiver: Invalid parameter app
04-02 17:48:49.560  1857  1857 E NetworkScheduler.SchedulerReceiver: Invalid package name : Perhaps you didn't include a PendingIntent in the extras?
04-02 17:48:49.580  2185 14436 D GassUtils: Found app info for package vamsee.phriend:1. Hash: 5c2965546f5cf8baf26e36a2becadc3b9ba07580c6e4c9002217161a15fdf2a1
04-02 17:48:49.580  2185 14436 D k       : Found info for package vamsee.phriend in db.
04-02 17:48:49.630  1549  1682 I AccountManagerService: getTypesVisibleToCaller: isPermitted? true
04-02 17:48:49.630  2185 14435 I PeopleContactsSync: triggerPendingContactsCleanup: no accounts
04-02 17:48:50.001  2076 14431 I UpdateIcingCorporaServi: UpdateCorporaTask done [took 1006 ms] updated apps [took 1006 ms] 
04-02 17:48:50.399  2185  2236 I Icing   : Indexing DF0BD267794CEFD3508597D768612AEA0B8DD0C7 from com.google.android.gms
04-02 17:48:50.433  2185  2236 I Icing   : Indexing done DF0BD267794CEFD3508597D768612AEA0B8DD0C7
04-02 17:48:50.993  2185  2236 I Icing   : Indexing DF0BD267794CEFD3508597D768612AEA0B8DD0C7 from com.google.android.gms
04-02 17:48:50.998  2185  2236 I Icing   : Indexing done DF0BD267794CEFD3508597D768612AEA0B8DD0C7
04-02 17:48:51.044  2185  2236 I Icing   : Indexing 32B487FFF6C0B5261319AA79D362A68B9176D7F3 from com.google.android.googlequicksearchbox
04-02 17:48:51.078  2185  2236 I Icing   : Indexing done 32B487FFF6C0B5261319AA79D362A68B9176D7F3
04-02 17:48:54.565 14418 14418 D onCreate:OverlayService: test
04-02 17:48:54.573 14418 14418 D AndroidRuntime: Shutting down VM
04-02 17:48:54.574 14418 14418 E AndroidRuntime: FATAL EXCEPTION: main
04-02 17:48:54.574 14418 14418 E AndroidRuntime: Process: vamsee.phriend, PID: 14418
04-02 17:48:54.574 14418 14418 E AndroidRuntime: java.lang.RuntimeException: Unable to start service vamsee.phriend.OverlayService@70c803a with Intent { cmp=vamsee.phriend/.OverlayService }: java.lang.NullPointerException: Attempt to invoke virtual method 'java.lang.String android.os.Bundle.getString(java.lang.String)' on a null object reference
04-02 17:48:54.574 14418 14418 E AndroidRuntime: 	at android.app.ActivityThread.handleServiceArgs(ActivityThread.java:3027)
04-02 17:48:54.574 14418 14418 E AndroidRuntime: 	at android.app.ActivityThread.-wrap17(ActivityThread.java)
04-02 17:48:54.574 14418 14418 E AndroidRuntime: 	at android.app.ActivityThread$H.handleMessage(ActivityThread.java:1442)
04-02 17:48:54.574 14418 14418 E AndroidRuntime: 	at android.os.Handler.dispatchMessage(Handler.java:102)
04-02 17:48:54.574 14418 14418 E AndroidRuntime: 	at android.os.Looper.loop(Looper.java:148)
04-02 17:48:54.574 14418 14418 E AndroidRuntime: 	at android.app.ActivityThread.main(ActivityThread.java:5417)
04-02 17:48:54.574 14418 14418 E AndroidRuntime: 	at java.lang.reflect.Method.invoke(Native Method)
04-02 17:48:54.574 14418 14418 E AndroidRuntime: 	at com.android.internal.os.ZygoteInit$MethodAndArgsCaller.run(ZygoteInit.java:726)
04-02 17:48:54.574 14418 14418 E AndroidRuntime: 	at com.android.internal.os.ZygoteInit.main(ZygoteInit.java:616)
04-02 17:48:54.574 14418 14418 E AndroidRuntime: Caused by: java.lang.NullPointerException: Attempt to invoke virtual method 'java.lang.String android.os.Bundle.getString(java.lang.String)' on a null object reference
04-02 17:48:54.574 14418 14418 E AndroidRuntime: 	at vamsee.phriend.OverlayService.onStartCommand(OverlayService.java:104)
04-02 17:48:54.574 14418 14418 E AndroidRuntime: 	at android.app.ActivityThread.handleServiceArgs(ActivityThread.java:3010)
04-02 17:48:54.574 14418 14418 E AndroidRuntime: 	... 8 more
04-02 17:48:54.575  1549  2732 W ActivityManager:   Force finishing activity vamsee.phriend/.Main
04-02 17:48:54.601  1549  2732 D         : HostConnection::get() New Host Connection established 0xa03e1ad0, tid 2732
04-02 17:48:54.607  1190  1190 E EGL_emulation: tid 1190: eglCreateSyncKHR(1294): error 0x3004 (EGL_BAD_ATTRIBUTE)
04-02 17:48:55.032  1549  2813 I OpenGLRenderer: Initialized EGL, version 1.4
04-02 17:48:55.079  1549  2813 W EGL_emulation: eglSurfaceAttrib not implemented
04-02 17:48:55.079  1549  2813 W OpenGLRenderer: Failed to set EGL_SWAP_BEHAVIOR on surface 0x9fd318e0, error=EGL_SUCCESS
04-02 17:48:55.150  1549  1559 I art     : Background partial concurrent mark sweep GC freed 23284(1648KB) AllocSpace objects, 3(68KB) LOS objects, 33% free, 7MB/11MB, paused 2.776ms total 305.155ms
04-02 17:48:55.390  1549  1563 W ActivityManager: Activity pause timeout for ActivityRecord{d0c7eb3 u0 vamsee.phriend/.Main t253 f}
04-02 17:48:55.516  1886  2154 W EGL_emulation: eglSurfaceAttrib not implemented
04-02 17:48:55.517  1886  2154 W OpenGLRenderer: Failed to set EGL_SWAP_BEHAVIOR on surface 0xa4c24040, error=EGL_SUCCESS
04-02 17:48:56.112  1886  2154 W OpenGLRenderer: Incorrectly called buildLayer on View: em, destroying layer...
04-02 17:48:56.713  1200  1545 D AudioFlinger: mixer(0xb4480000) throttle end: throttle time(218)
04-02 17:48:56.725 14418 14418 I Process : Sending signal. PID: 14418 SIG: 9
04-02 17:48:56.746  1549  1585 W InputDispatcher: channel '37922d0  (server)' ~ Consumer closed input channel or an error occurred.  events=0x9
04-02 17:48:56.746  1549  1585 E InputDispatcher: channel '37922d0  (server)' ~ Channel is unrecoverably broken and will be disposed!
04-02 17:48:56.746  1549  1585 W InputDispatcher: channel '240a9d2 vamsee.phriend/vamsee.phriend.Main (server)' ~ Consumer closed input channel or an error occurred.  events=0xd
04-02 17:48:56.746  1549  1585 E InputDispatcher: channel '240a9d2 vamsee.phriend/vamsee.phriend.Main (server)' ~ Channel is unrecoverably broken and will be disposed!
04-02 17:48:56.747  1549  2813 E Surface : getSlotFromBufferLocked: unknown buffer: 0xa2123500
04-02 17:48:56.748  1549  1901 I WindowState: WIN DEATH: Window{37922d0 u0 vamsee.phriend}
04-02 17:48:56.748  1549  1901 W InputDispatcher: Attempted to unregister already unregistered input channel '37922d0  (server)'
04-02 17:48:56.748  1549  2073 D GraphicsStats: Buffer count: 5
04-02 17:48:56.762  1549  8812 I WindowState: WIN DEATH: Window{240a9d2 u0 vamsee.phriend/vamsee.phriend.Main}
04-02 17:48:56.762  1549  8812 W InputDispatcher: Attempted to unregister already unregistered input channel '240a9d2 vamsee.phriend/vamsee.phriend.Main (server)'
04-02 17:48:56.779  1549  2813 D OpenGLRenderer: endAllStagingAnimators on 0xa20b0f80 (RippleDrawable) with handle 0x9da3fc90
04-02 17:48:56.802  1549  1683 I ActivityManager: Process vamsee.phriend (pid 14418) has died
04-02 17:48:56.803  1549  1683 W ActivityManager: Scheduling restart of crashed service vamsee.phriend/.OverlayService in 4514ms
04-02 17:48:56.823  1549  1997 W InputMethodManagerService: Got RemoteException sending setActive(false) notification to pid 14418 uid 10058
04-02 17:48:56.985  1549  1568 W AppOps  : Finishing op nesting under-run: uid 1000 pkg android code 24 time=0 duration=0 nesting=0
04-02 17:48:57.073  2076 14554 I HotwordRecognitionRnr: Starting hotword detection.
04-02 17:48:57.082  2076 14555 I MicrophoneInputStream: mic_starting com.google.android.apps.gsa.speech.audio.u@a0bcbd3
04-02 17:48:57.091  1200  1200 E audio_hw_generic: Error opening input stream format 1, channel_mask 0010, sample_rate 16000
04-02 17:48:57.101  1200 14558 I AudioFlinger: AudioFlinger's thread 0xb3cc0000 ready to run
04-02 17:48:57.136  2076 14555 I MicrophoneInputStream: mic_started com.google.android.apps.gsa.speech.audio.u@a0bcbd3
04-02 17:48:57.166  2076  2076 I HotwordWorker: onReady
04-02 17:48:58.772  1200  1545 W AudioFlinger: write blocked for 852 msecs, 5 delayed writes, thread 0xb4480000
04-02 17:48:59.698  1549  1586 I InputReader: Reconfiguring input devices.  changes=0x00000010
04-02 17:48:59.706  2076 14565 I UpdateIcingCorporaServi: Updating corpora: APPS=com.google.android.gms, CONTACTS=MAYBE
04-02 17:48:59.710  2185 14564 D PackageBroadcastService: Received broadcast action=android.intent.action.PACKAGE_CHANGED and uri=com.google.android.gms
04-02 17:48:59.716  2185 14564 I PackageBroadcastService: Null package name or gms related package.  Ignoreing.
04-02 17:48:59.724  2076 14565 I UpdateIcingCorporaServi: UpdateCorporaTask done [took 18 ms] updated apps [took 18 ms] 
04-02 17:48:59.745  2185  2236 I Icing   : updateResources: need to parse f{com.google.android.gms}
04-02 17:48:59.768  1857  1857 I GCoreNlp: shouldConfirmNlp, NLP off. Ensuring opt-in disabled
04-02 17:48:59.793  1886  2117 D WidgetsModel: com.google.android.googlequicksearchbox is filtered and not added to the widget tray.
04-02 17:49:01.092  2185  2236 I Icing   : Indexing DF0BD267794CEFD3508597D768612AEA0B8DD0C7 from com.google.android.gms
04-02 17:49:01.096  2185  2236 I Icing   : Indexing done DF0BD267794CEFD3508597D768612AEA0B8DD0C7
04-02 17:49:01.322 14571 14571 I art     : Not late-enabling -Xcheck:jni (already on)
04-02 17:49:01.330  1549  1563 I ActivityManager: Start proc 14571:vamsee.phriend/u0a58 for service vamsee.phriend/.OverlayService
04-02 17:49:01.357 14571 14571 W System  : ClassLoader referenced unknown path: /data/app/vamsee.phriend-2/lib/x86
04-02 17:49:01.365 14571 14571 D onCreate:OverlayService: test
04-02 17:49:01.391  1190  1898 E SurfaceFlinger: ro.sf.lcd_density must be defined as a build property
04-02 17:49:01.397 14571 14591 D OpenGLRenderer: Use EGL_SWAP_BEHAVIOR_PRESERVED: true
04-02 17:49:01.404 14571 14571 D         : HostConnection::get() New Host Connection established 0xabf56380, tid 14571
04-02 17:49:01.409 14571 14571 D AndroidRuntime: Shutting down VM
04-02 17:49:01.410 14571 14571 E AndroidRuntime: FATAL EXCEPTION: main
04-02 17:49:01.410 14571 14571 E AndroidRuntime: Process: vamsee.phriend, PID: 14571
04-02 17:49:01.410 14571 14571 E AndroidRuntime: java.lang.RuntimeException: Unable to start service vamsee.phriend.OverlayService@77af8b8 with Intent { cmp=vamsee.phriend/.OverlayService }: java.lang.NullPointerException: Attempt to invoke virtual method 'java.lang.String android.os.Bundle.getString(java.lang.String)' on a null object reference
04-02 17:49:01.410 14571 14571 E AndroidRuntime: 	at android.app.ActivityThread.handleServiceArgs(ActivityThread.java:3027)
04-02 17:49:01.410 14571 14571 E AndroidRuntime: 	at android.app.ActivityThread.-wrap17(ActivityThread.java)
04-02 17:49:01.410 14571 14571 E AndroidRuntime: 	at android.app.ActivityThread$H.handleMessage(ActivityThread.java:1442)
04-02 17:49:01.410 14571 14571 E AndroidRuntime: 	at android.os.Handler.dispatchMessage(Handler.java:102)
04-02 17:49:01.410 14571 14571 E AndroidRuntime: 	at android.os.Looper.loop(Looper.java:148)
04-02 17:49:01.410 14571 14571 E AndroidRuntime: 	at android.app.ActivityThread.main(ActivityThread.java:5417)
04-02 17:49:01.410 14571 14571 E AndroidRuntime: 	at java.lang.reflect.Method.invoke(Native Method)
04-02 17:49:01.410 14571 14571 E AndroidRuntime: 	at com.android.internal.os.ZygoteInit$MethodAndArgsCaller.run(ZygoteInit.java:726)
04-02 17:49:01.410 14571 14571 E AndroidRuntime: 	at com.android.internal.os.ZygoteInit.main(ZygoteInit.java:616)
04-02 17:49:01.410 14571 14571 E AndroidRuntime: Caused by: java.lang.NullPointerException: Attempt to invoke virtual method 'java.lang.String android.os.Bundle.getString(java.lang.String)' on a null object reference
04-02 17:49:01.410 14571 14571 E AndroidRuntime: 	at vamsee.phriend.OverlayService.onStartCommand(OverlayService.java:104)
04-02 17:49:01.410 14571 14571 E AndroidRuntime: 	at android.app.ActivityThread.handleServiceArgs(ActivityThread.java:3010)
04-02 17:49:01.410 14571 14571 E AndroidRuntime: 	... 8 more
04-02 17:49:01.464  1549  2813 I OpenGLRenderer: Initialized EGL, version 1.4
04-02 17:49:01.504  1549  2813 W EGL_emulation: eglSurfaceAttrib not implemented
04-02 17:49:01.504  1549  2813 W OpenGLRenderer: Failed to set EGL_SWAP_BEHAVIOR on surface 0x9fd31860, error=EGL_SUCCESS
04-02 17:49:01.686  2076  2172 I MicrophoneInputStream: mic_close com.google.android.apps.gsa.speech.audio.u@a0bcbd3
04-02 17:49:01.766  2076 14554 I HotwordRecognitionRnr: Hotword detection finished
04-02 17:49:01.767  2076  2173 I HotwordRecognitionRnr: Stopping hotword detection.
04-02 17:49:09.449  1549  1563 W ProcessCpuTracker: Skipping unknown process pid 14711
04-02 17:49:42.956 15198 15198 D AndroidRuntime: >>>>>> START com.android.internal.os.RuntimeInit uid 0 <<<<<<
04-02 17:49:42.957 15198 15198 D AndroidRuntime: CheckJNI is ON
04-02 17:49:42.989 15198 15198 D ICU     : No timezone override file found: /data/misc/zoneinfo/current/icu/icu_tzdata.dat
04-02 17:49:43.048 15198 15198 E memtrack: Couldn't load memtrack module (No such file or directory)
04-02 17:49:43.048 15198 15198 E android.os.Debug: failed to load memtrack module: -2
04-02 17:49:43.049 15198 15198 I Radio-JNI: register_android_hardware_Radio DONE
04-02 17:49:43.069 15198 15198 D AndroidRuntime: Calling main entry com.android.commands.pm.Pm
04-02 17:49:43.095  2675  2996 D DefContainer: Copying /data/local/tmp/vamsee.phriend to base.apk
04-02 17:49:43.241  1549  1573 I PackageManager.DexOptimizer: Running dexopt (dex2oat) on: /data/app/vmdl1108917648.tmp/base.apk pkg=vamsee.phriend isa=x86 vmSafeMode=false debuggable=true oatDir = /data/app/vmdl1108917648.tmp/oat
04-02 17:49:43.255 15215 15215 W dex2oat : Unexpected CPU variant for X86 using defaults: x86
04-02 17:49:43.255 15215 15215 W dex2oat : Mismatch between dex2oat instruction set features (ISA: X86 Feature string: smp,-ssse3,-sse4.1,-sse4.2,-avx,-avx2) and those of dex2oat executable (ISA: X86 Feature string: smp,ssse3,-sse4.1,-sse4.2,-avx,-avx2) for the command line:
04-02 17:49:43.255 15215 15215 W dex2oat : /system/bin/dex2oat --zip-fd=6 --zip-location=base.apk --oat-fd=7 --oat-location=/data/app/vmdl1108917648.tmp/oat/x86/base.odex --instruction-set=x86 --instruction-set-variant=x86 --instruction-set-features=default --runtime-arg -Xms64m --runtime-arg -Xmx512m --swap-fd=8 --debuggable
04-02 17:49:43.255 15215 15215 I dex2oat : /system/bin/dex2oat --debuggable
04-02 17:49:43.255 15215 15215 E cutils-trace: Error opening trace file: Permission denied (13)
04-02 17:49:43.374 15215 15217 W dex2oat : Before Android 4.1, method int android.support.v7.widget.ListViewCompat.lookForSelectablePosition(int, boolean) would have incorrectly overridden the package-private method in android.widget.ListView
04-02 17:49:43.386 15215 15217 W dex2oat : Before Android 4.1, method android.graphics.PorterDuffColorFilter android.support.graphics.drawable.VectorDrawableCompat.updateTintFilter(android.graphics.PorterDuffColorFilter, android.content.res.ColorStateList, android.graphics.PorterDuff$Mode) would have incorrectly overridden the package-private method in android.graphics.drawable.Drawable
04-02 17:49:44.581 15215 15215 I dex2oat : dex2oat took 1.326s (threads: 2) arena alloc=274KB java alloc=2MB native alloc=10MB free=2MB
04-02 17:49:44.608  1549  1563 I ActivityManager: Force stopping vamsee.phriend appid=10058 user=-1: uninstall pkg
04-02 17:49:44.608  1549  1563 I ActivityManager: Killing 14571:vamsee.phriend/u0a58 (adj 0): stop vamsee.phriend
04-02 17:49:44.611  1549  1585 W InputDispatcher: channel 'dc96b20  (server)' ~ Consumer closed input channel or an error occurred.  events=0x9
04-02 17:49:44.611  1549  1585 E InputDispatcher: channel 'dc96b20  (server)' ~ Channel is unrecoverably broken and will be disposed!
04-02 17:49:44.613  1549  1682 I WindowState: WIN DEATH: Window{dc96b20 u0 vamsee.phriend}
04-02 17:49:44.613  1549  1682 W InputDispatcher: Attempted to unregister already unregistered input channel 'dc96b20  (server)'
04-02 17:49:44.613  1549  8812 D GraphicsStats: Buffer count: 5
04-02 17:49:44.644  1549  1563 W ActivityManager: Service crashed 2 times, stopping: ServiceRecord{ee32b82 u0 vamsee.phriend/.OverlayService}
04-02 17:49:44.646  1549  2732 W ActivityManager: Spurious death for ProcessRecord{4a2f014 0:vamsee.phriend/u0a58}, curProc for 14571: null
04-02 17:49:44.652  1549  2813 E Surface : getSlotFromBufferLocked: unknown buffer: 0xa2123810
04-02 17:49:44.822  1549  1997 W art     : Long monitor contention event with owner method=int com.android.server.am.ActivityManagerService.broadcastIntent(android.app.IApplicationThread, android.content.Intent, java.lang.String, android.content.IIntentReceiver, int, java.lang.String, android.os.Bundle, java.lang.String[], int, android.os.Bundle, boolean, boolean, int) from ActivityManagerService.java:16931 waiters=0 for 175ms
04-02 17:49:44.822  1549  8812 W art     : Long monitor contention event with owner method=void com.android.server.pm.PackageManagerService.removePackageDataLI(com.android.server.pm.PackageSetting, int[], boolean[], com.android.server.pm.PackageManagerService$PackageRemovedInfo, int, boolean) from PackageManagerService.java:12845 waiters=1 for 161ms
04-02 17:49:44.822  1549  1901 W art     : Long monitor contention event with owner method=int com.android.server.am.ActivityManagerService.broadcastIntent(android.app.IApplicationThread, android.content.Intent, java.lang.String, android.content.IIntentReceiver, int, java.lang.String, android.os.Bundle, java.lang.String[], int, android.os.Bundle, boolean, boolean, int) from ActivityManagerService.java:16931 waiters=1 for 163ms
04-02 17:49:44.824  1549  1560 W InputMethodManagerService: Window already focused, ignoring focus gain of: com.android.internal.view.IInputMethodClient$Stub$Proxy@1616bfe attribute=null, token = android.os.BinderProxy@6612fb7
04-02 17:49:44.835  1549  1573 I PackageManager: Package vamsee.phriend codePath changed from /data/app/vamsee.phriend-2 to /data/app/vamsee.phriend-1; Retaining data and using new
04-02 17:49:44.837  1549  1563 I ActivityManager: Force stopping vamsee.phriend appid=10058 user=-1: replace pkg
04-02 17:49:44.844  1549  1568 W AppOps  : Finishing op nesting under-run: uid 1000 pkg android code 24 time=0 duration=0 nesting=0
04-02 17:49:44.854  1549  1573 W PackageManager: Code path for vamsee.phriend changing from /data/app/vamsee.phriend-2 to /data/app/vamsee.phriend-1
04-02 17:49:44.854  1549  1573 W PackageManager: Resource path for vamsee.phriend changing from /data/app/vamsee.phriend-2 to /data/app/vamsee.phriend-1
04-02 17:49:45.180  1549  1573 W Settings: Setting install_non_market_apps has moved from android.provider.Settings.Global to android.provider.Settings.Secure, returning read-only value.
04-02 17:49:45.180  1549  1573 I art     : Starting a blocking GC Explicit
04-02 17:49:45.212  2076 15251 I HotwordRecognitionRnr: Starting hotword detection.
