04-02 17:34:42.093  2341  2341 D AlertReceiver: onReceive: a=android.intent.action.PROVIDER_CHANGED Intent { act=android.intent.action.PROVIDER_CHANGED dat=content://com.android.calendar flg=0x10 cmp=com.android.calendar/.alerts.AlertReceiver }
04-02 17:34:42.143  2341  2663 D AlertService: 0 Action = android.intent.action.PROVIDER_CHANGED
04-02 17:34:42.927  1549  1586 I chatty  : uid=1000(system) InputReader expire 1 line
04-02 17:34:42.963  1886  2117 D WidgetsModel: com.google.android.googlequicksearchbox is filtered and not added to the widget tray.
04-02 17:34:42.979  2667  2667 D AndroidRuntime: >>>>>> START com.android.internal.os.RuntimeInit uid 0 <<<<<<
04-02 17:34:42.981  2667  2667 D AndroidRuntime: CheckJNI is ON
04-02 17:34:43.011  2667  2667 D ICU     : No timezone override file found: /data/misc/zoneinfo/current/icu/icu_tzdata.dat
04-02 17:34:43.128  2667  2667 E memtrack: Couldn't load memtrack module (No such file or directory)
04-02 17:34:43.128  2667  2667 E android.os.Debug: failed to load memtrack module: -2
04-02 17:34:43.130  2667  2667 I Radio-JNI: register_android_hardware_Radio DONE
04-02 17:34:43.137  2667  2667 D AndroidRuntime: Calling main entry com.android.commands.pm.Pm
04-02 17:34:43.156  1549  1573 I ActivityManager: Start proc 2675:com.android.defcontainer/u0a3 for service com.android.defcontainer/.DefaultContainerService
04-02 17:34:43.174  2675  2681 I art     : Debugger is no longer active
04-02 17:34:43.183  2675  2687 D DefContainer: Copying /data/local/tmp/vamsee.phriend to base.apk
04-02 17:34:43.257  1857  1857 I GCoreNlp: shouldConfirmNlp, NLP off. Ensuring opt-in disabled
04-02 17:34:43.290  1201  1201 I SELinux : SELinux: Loaded file_contexts contexts from /file_contexts.
04-02 17:34:43.291  1549  1573 I chatty  : uid=1000(system) PackageManager expire 1 line
04-02 17:34:43.780  2185  2185 D SnetService: snet destroyed
04-02 17:34:44.047  2692  2692 W dex2oat : Unexpected CPU variant for X86 using defaults: x86
04-02 17:34:44.047  2692  2692 W dex2oat : Mismatch between dex2oat instruction set features (ISA: X86 Feature string: smp,-ssse3,-sse4.1,-sse4.2,-avx,-avx2) and those of dex2oat executable (ISA: X86 Feature string: smp,ssse3,-sse4.1,-sse4.2,-avx,-avx2) for the command line:
04-02 17:34:44.047  2692  2692 W dex2oat : /system/bin/dex2oat --zip-fd=6 --zip-location=base.apk --oat-fd=7 --oat-location=/data/app/vmdl611053449.tmp/oat/x86/base.odex --instruction-set=x86 --instruction-set-variant=x86 --instruction-set-features=default --runtime-arg -Xms64m --runtime-arg -Xmx512m --swap-fd=8 --debuggable
04-02 17:34:44.082  2692  2692 I dex2oat : /system/bin/dex2oat --debuggable
04-02 17:34:44.082  2692  2692 E cutils-trace: Error opening trace file: Permission denied (13)
04-02 17:34:44.527  2692  2692 W dex2oat : Before Android 4.1, method int android.support.v7.widget.ListViewCompat.lookForSelectablePosition(int, boolean) would have incorrectly overridden the package-private method in android.widget.ListView
04-02 17:34:44.529  2692  2706 W dex2oat : Before Android 4.1, method android.graphics.PorterDuffColorFilter android.support.graphics.drawable.VectorDrawableCompat.updateTintFilter(android.graphics.PorterDuffColorFilter, android.content.res.ColorStateList, android.graphics.PorterDuff$Mode) would have incorrectly overridden the package-private method in android.graphics.drawable.Drawable
04-02 17:34:44.639  1857  1857 V UserPresentBroadcastReceiver: Received Intent { act=android.intent.action.USER_PRESENT flg=0x24000010 cmp=com.google.android.gms/.auth.trustagent.UserPresentBroadcastReceiver }.
04-02 17:34:45.108  1857  1857 I GoogleURLConnFactory: Using platform SSLCertificateSocketFactory
04-02 17:34:45.354  2185  2185 D SnetService: snet destroyed
04-02 17:34:46.946  2692  2692 I dex2oat : dex2oat took 2.899s (threads: 2) arena alloc=647KB java alloc=2MB native alloc=10MB free=2MB
04-02 17:34:46.977  1549  1563 I ActivityManager: Force stopping vamsee.phriend appid=10058 user=-1: uninstall pkg
04-02 17:34:47.070  1857  2709 W GoogleHttpServiceClient: Timeout on service connection
04-02 17:34:47.070  1857  2709 W GoogleHttpServiceClient: java.lang.Throwable
04-02 17:34:47.070  1857  2709 W GoogleHttpServiceClient: 	at com.google.android.gms.http.e.a(SourceFile:97)
04-02 17:34:47.070  1857  2709 W GoogleHttpServiceClient: 	at com.google.android.gms.http.g.a(SourceFile:146)
04-02 17:34:47.070  1857  2709 W GoogleHttpServiceClient: 	at com.google.android.gms.http.GoogleHttpClient.a(SourceFile:757)
04-02 17:34:47.070  1857  2709 W GoogleHttpServiceClient: 	at com.google.android.gms.http.GoogleHttpClient.execute(SourceFile:674)
04-02 17:34:47.070  1857  2709 W GoogleHttpServiceClient: 	at com.google.android.gms.http.GoogleHttpClient.execute(SourceFile:658)
04-02 17:34:47.070  1857  2709 W GoogleHttpServiceClient: 	at com.google.android.gms.phenotype.service.sync.PhenotypeConfigurator.a(SourceFile:1353)
04-02 17:34:47.070  1857  2709 W GoogleHttpServiceClient: 	at com.google.android.gms.phenotype.service.sync.PhenotypeConfigurator.a(SourceFile:799)
04-02 17:34:47.070  1857  2709 W GoogleHttpServiceClient: 	at com.google.android.gms.phenotype.service.sync.PhenotypeConfigurator.a(SourceFile:753)
04-02 17:34:47.070  1857  2709 W GoogleHttpServiceClient: 	at com.google.android.gms.phenotype.service.sync.PhenotypeConfigurator.c(SourceFile:475)
04-02 17:34:47.070  1857  2709 W GoogleHttpServiceClient: 	at com.google.android.gms.phenotype.service.sync.PhenotypeConfigurator.a(SourceFile:438)
04-02 17:34:47.070  1857  2709 W GoogleHttpServiceClient: 	at com.google.android.gms.gcm.au.run(SourceFile:140)
04-02 17:34:47.183  2341  2663 I GlobalDismissManager: no sender configured
04-02 17:34:47.183  2341  2663 D AlertService: Beginning updateAlertNotification
04-02 17:34:48.349  1549  1561 I chatty  : uid=1000(system) Binder_2 expire 1 line
04-02 17:34:48.349  1549  1573 I PackageManager: Package vamsee.phriend codePath changed from /data/app/vamsee.phriend-1 to /data/app/vamsee.phriend-2; Retaining data and using new
04-02 17:34:48.350  1549  1561 W ActivityManager: Slow operation: 1166ms so far, now at getContentProviderImpl: after checkContentProviderPermission
04-02 17:34:48.350  1549  1561 W ActivityManager: Slow operation: 1166ms so far, now at getContentProviderImpl: incProviderCountLocked
04-02 17:34:48.350  1549  1561 W ActivityManager: Slow operation: 1166ms so far, now at getContentProviderImpl: before updateOomAdj
04-02 17:34:48.350  1549  1573 W PackageManager: Code path for vamsee.phriend changing from /data/app/vamsee.phriend-1 to /data/app/vamsee.phriend-2
04-02 17:34:48.350  1549  1573 W PackageManager: Resource path for vamsee.phriend changing from /data/app/vamsee.phriend-1 to /data/app/vamsee.phriend-2
04-02 17:34:48.351  1549  1561 W ActivityManager: Slow operation: 1167ms so far, now at getContentProviderImpl: after updateOomAdj
04-02 17:34:48.351  1549  1561 W ActivityManager: Slow operation: 1167ms so far, now at getContentProviderImpl: done!
04-02 17:34:48.356  1549  1563 I ActivityManager: Force stopping vamsee.phriend appid=10058 user=-1: replace pkg
04-02 17:34:48.749  1549  1573 W Settings: Setting install_non_market_apps has moved from android.provider.Settings.Global to android.provider.Settings.Secure, returning read-only value.
04-02 17:34:48.749  1549  1997 W art     : Long monitor contention event with owner method=void com.android.server.pm.PackageManagerService.updateSettingsLI(android.content.pm.PackageParser$Package, java.lang.String, java.lang.String, int[], boolean[], com.android.server.pm.PackageManagerService$PackageInstalledInfo, android.os.UserHandle) from PackageManagerService.java:12088 waiters=3 for 386ms
04-02 17:34:48.750  1549  1573 I art     : Starting a blocking GC Explicit
04-02 17:34:48.750  1549  1901 W art     : Long monitor contention event with owner method=void com.android.server.pm.PackageManagerService.updateSettingsLI(android.content.pm.PackageParser$Package, java.lang.String, java.lang.String, int[], boolean[], com.android.server.pm.PackageManagerService$PackageInstalledInfo, android.os.UserHandle) from PackageManagerService.java:12088 waiters=5 for 313ms
04-02 17:34:48.785  1549  1573 I art     : Explicit concurrent mark sweep GC freed 33973(1907KB) AllocSpace objects, 12(304KB) LOS objects, 33% free, 7MB/10MB, paused 1.958ms total 34.521ms
04-02 17:34:48.790  1549  1573 W PackageManager: Couldn't remove dex file for package:  at location /data/app/vamsee.phriend-1/base.apk, retcode=-1
04-02 17:34:48.832  2667  2667 I art     : System.exit called, status: 0
04-02 17:34:48.832  2667  2667 I AndroidRuntime: VM exiting with result code 0.
04-02 17:34:48.844  1549  1573 I ActivityManager: Force stopping vamsee.phriend appid=10058 user=0: pkg removed
04-02 17:34:48.852  1549  1549 D JobSchedulerService: Receieved: android.intent.action.PACKAGE_REMOVED
04-02 17:34:48.854  1549  1586 I InputReader: Reconfiguring input devices.  changes=0x00000010
04-02 17:34:48.878  1549  1586 I InputReader: Reconfiguring input devices.  changes=0x00000010
04-02 17:34:48.883  1872  1872 D CarrierServiceBindHelper: Receive action: android.intent.action.PACKAGE_REMOVED
04-02 17:34:48.905  1549  1586 I InputReader: Reconfiguring input devices.  changes=0x00000010
04-02 17:34:48.907  1549  1561 I AccountManagerService: getTypesVisibleToCaller: isPermitted? true
04-02 17:34:48.943  1857  2521 D GCM     : GcmService start Intent { act=com.google.android.checkin.CHECKIN_COMPLETE flg=0x10 cmp=com.google.android.gms/.gcm.GcmService (has extras) } com.google.android.checkin.CHECKIN_COMPLETE
04-02 17:34:48.949  1857  2731 I PhenotypeConfigurator: Scheduling Phenotype for one-off execution 4743 seconds from now (1459632888949)
04-02 17:34:48.967  2341  2663 D AlertService: No fired or scheduled alerts
04-02 17:34:48.983  1872  1872 D CarrierServiceBindHelper: Receive action: android.intent.action.PACKAGE_ADDED
04-02 17:34:48.983  1872  1872 D CarrierServiceBindHelper: mHandler: 3
04-02 17:34:48.983  1872  1872 D CarrierServiceBindHelper: Receive action: android.intent.action.PACKAGE_REPLACED
04-02 17:34:48.984  1872  1872 D CarrierServiceBindHelper: mHandler: 3
04-02 17:34:48.984  1872  1872 D CarrierServiceBindHelper: mHandler: 3
04-02 17:34:48.984  1872  1872 D CarrierConfigLoader: mHandler: 9 phoneId: 0
04-02 17:34:48.985  2341  2663 D AlertService: Scheduling next alarm with AlarmScheduler. sEventReminderReceived: null
04-02 17:34:48.988  2341  2663 D AlarmScheduler: No events found starting within 1 week.
04-02 17:34:49.256  2743  2743 D AndroidRuntime: >>>>>> START com.android.internal.os.RuntimeInit uid 0 <<<<<<
04-02 17:34:49.258  2743  2743 D AndroidRuntime: CheckJNI is ON
04-02 17:34:49.258  2745  2745 D AndroidRuntime: >>>>>> START com.android.internal.os.RuntimeInit uid 0 <<<<<<
04-02 17:34:49.261  2745  2745 D AndroidRuntime: CheckJNI is ON
04-02 17:34:49.284  2743  2743 D ICU     : No timezone override file found: /data/misc/zoneinfo/current/icu/icu_tzdata.dat
04-02 17:34:49.327  1549  1563 I ActivityManager: Waited long enough for: ServiceRecord{f964bfa u0 com.android.calendar/.alerts.InitAlarmsService}
04-02 17:34:49.364  2745  2745 D ICU     : No timezone override file found: /data/misc/zoneinfo/current/icu/icu_tzdata.dat
04-02 17:34:49.487  2743  2743 E memtrack: Couldn't load memtrack module (No such file or directory)
04-02 17:34:49.487  2743  2743 E android.os.Debug: failed to load memtrack module: -2
04-02 17:34:49.487  2743  2743 I Radio-JNI: register_android_hardware_Radio DONE
04-02 17:34:49.495  2743  2743 D AndroidRuntime: Calling main entry com.android.commands.wm.Wm
04-02 17:34:49.502  2743  2743 D AndroidRuntime: Shutting down VM
04-02 17:34:49.538  2745  2745 E memtrack: Couldn't load memtrack module (No such file or directory)
04-02 17:34:49.538  2745  2745 E android.os.Debug: failed to load memtrack module: -2
04-02 17:34:49.539  2745  2745 I Radio-JNI: register_android_hardware_Radio DONE
04-02 17:34:49.551  2745  2745 D AndroidRuntime: Calling main entry com.android.commands.am.Am
04-02 17:34:49.558  1549  1560 I ActivityManager: START u0 {act=android.intent.action.MAIN cat=[android.intent.category.LAUNCHER] flg=0x10000000 cmp=vamsee.phriend/.Main} from uid 0 on display 0
04-02 17:34:49.578  2076  2172 I MicrophoneInputStream: mic_close com.google.android.apps.gsa.speech.audio.u@d0a546b
04-02 17:34:49.590  2745  2745 D AndroidRuntime: Shutting down VM
04-02 17:34:49.590  2076  2176 I HotwordRecognitionRnr: Hotword detection finished
04-02 17:34:49.591  2076  2173 I HotwordRecognitionRnr: Stopping hotword detection.
04-02 17:34:49.610  1549  1683 I ActivityManager: Start proc 2760:vamsee.phriend/u0a58 for activity vamsee.phriend/.Main
04-02 17:34:49.618  2760  2760 I art     : Not late-enabling -Xcheck:jni (already on)
04-02 17:34:49.627  1190  2167 D         : HostConnection::get() New Host Connection established 0xb70cb790, tid 2167
04-02 17:34:49.690  2760  2760 W System  : ClassLoader referenced unknown path: /data/app/vamsee.phriend-2/lib/x86
04-02 17:34:49.781  1190  1270 E SurfaceFlinger: ro.sf.lcd_density must be defined as a build property
04-02 17:34:49.782  2760  2774 D OpenGLRenderer: Use EGL_SWAP_BEHAVIOR_PRESERVED: true
04-02 17:34:49.787  2760  2760 D         : HostConnection::get() New Host Connection established 0xb40ae110, tid 2760
04-02 17:34:49.857  2760  2774 D         : HostConnection::get() New Host Connection established 0xaf8d2660, tid 2774
04-02 17:34:49.862  2760  2774 I OpenGLRenderer: Initialized EGL, version 1.4
04-02 17:34:49.880  1886  2154 E Surface : getSlotFromBufferLocked: unknown buffer: 0xa4cb97e0
04-02 17:34:49.912  2760  2774 W EGL_emulation: eglSurfaceAttrib not implemented
04-02 17:34:49.912  2760  2774 W OpenGLRenderer: Failed to set EGL_SWAP_BEHAVIOR on surface 0xaf8d35a0, error=EGL_SUCCESS
04-02 17:34:50.245  1886  2117 D WidgetsModel: com.google.android.googlequicksearchbox is filtered and not added to the widget tray.
04-02 17:34:50.247  1549  1568 I ActivityManager: Displayed vamsee.phriend/.Main: +644ms
04-02 17:34:50.938  1857  2709 I PhenotypeFlagCommitter: Experiment Configs successfully retrieved for com.google.android.gms.phenotype
04-02 17:34:51.667  2185  2799 D PackageBroadcastService: Received broadcast action=android.intent.action.PACKAGE_CHANGED and uri=com.google.android.gms
04-02 17:34:51.673  2185  2799 I PackageBroadcastService: Null package name or gms related package.  Ignoreing.
04-02 17:34:51.684  2076  2800 I UpdateIcingCorporaServi: Updating corpora: APPS=com.google.android.gms, CONTACTS=MAYBE
04-02 17:34:51.702  2076  2800 I UpdateIcingCorporaServi: UpdateCorporaTask done [took 18 ms] updated apps [took 17 ms] 
04-02 17:34:51.737  2185  2236 I Icing   : updateResources: need to parse f{com.google.android.gms}
04-02 17:34:51.853  1549  2073 I AccountManagerService: getTypesVisibleToCaller: isPermitted? true
04-02 17:34:51.885  1549  1601 W AudioTrack: AUDIO_OUTPUT_FLAG_FAST denied by client; transfer 4, track 48000 Hz, output 44100 Hz
04-02 17:34:51.907  2760  2760 D onCreate:OverlayService: test
04-02 17:34:51.949  2760  2760 D AndroidRuntime: Shutting down VM
--------- beginning of crash
04-02 17:34:51.951  2760  2760 E AndroidRuntime: FATAL EXCEPTION: main
04-02 17:34:51.951  2760  2760 E AndroidRuntime: Process: vamsee.phriend, PID: 2760
04-02 17:34:51.951  2760  2760 E AndroidRuntime: java.lang.RuntimeException: Unable to create service vamsee.phriend.OverlayService: android.view.WindowManager$BadTokenException: Unable to add window android.view.ViewRootImpl$W@4057b65 -- permission denied for this window type
04-02 17:34:51.951  2760  2760 E AndroidRuntime: 	at android.app.ActivityThread.handleCreateService(ActivityThread.java:2887)
04-02 17:34:51.951  2760  2760 E AndroidRuntime: 	at android.app.ActivityThread.-wrap4(ActivityThread.java)
04-02 17:34:51.951  2760  2760 E AndroidRuntime: 	at android.app.ActivityThread$H.handleMessage(ActivityThread.java:1427)
04-02 17:34:51.951  2760  2760 E AndroidRuntime: 	at android.os.Handler.dispatchMessage(Handler.java:102)
04-02 17:34:51.951  2760  2760 E AndroidRuntime: 	at android.os.Looper.loop(Looper.java:148)
04-02 17:34:51.951  2760  2760 E AndroidRuntime: 	at android.app.ActivityThread.main(ActivityThread.java:5417)
04-02 17:34:51.951  2760  2760 E AndroidRuntime: 	at java.lang.reflect.Method.invoke(Native Method)
04-02 17:34:51.951  2760  2760 E AndroidRuntime: 	at com.android.internal.os.ZygoteInit$MethodAndArgsCaller.run(ZygoteInit.java:726)
04-02 17:34:51.951  2760  2760 E AndroidRuntime: 	at com.android.internal.os.ZygoteInit.main(ZygoteInit.java:616)
04-02 17:34:51.951  2760  2760 E AndroidRuntime: Caused by: android.view.WindowManager$BadTokenException: Unable to add window android.view.ViewRootImpl$W@4057b65 -- permission denied for this window type
04-02 17:34:51.951  2760  2760 E AndroidRuntime: 	at android.view.ViewRootImpl.setView(ViewRootImpl.java:591)
04-02 17:34:51.951  2760  2760 E AndroidRuntime: 	at android.view.WindowManagerGlobal.addView(WindowManagerGlobal.java:310)
04-02 17:34:51.951  2760  2760 E AndroidRuntime: 	at android.view.WindowManagerImpl.addView(WindowManagerImpl.java:85)
04-02 17:34:51.951  2760  2760 E AndroidRuntime: 	at vamsee.phriend.OverlayService.onCreate(OverlayService.java:47)
04-02 17:34:51.951  2760  2760 E AndroidRuntime: 	at android.app.ActivityThread.handleCreateService(ActivityThread.java:2877)
04-02 17:34:51.951  2760  2760 E AndroidRuntime: 	... 8 more
04-02 17:34:51.953  1549  1682 W ActivityManager:   Force finishing activity vamsee.phriend/.Main
04-02 17:34:51.959  1549  1682 D         : HostConnection::get() New Host Connection established 0xa02cc460, tid 1682
04-02 17:34:51.963  1190  1190 E EGL_emulation: tid 1190: eglCreateSyncKHR(1294): error 0x3004 (EGL_BAD_ATTRIBUTE)
04-02 17:34:52.158  1190  1270 E SurfaceFlinger: ro.sf.lcd_density must be defined as a build property
04-02 17:34:52.171  1549  2813 D OpenGLRenderer: Use EGL_SWAP_BEHAVIOR_PRESERVED: true
04-02 17:34:52.237  1549  1559 I art     : Background partial concurrent mark sweep GC freed 20185(1595KB) AllocSpace objects, 1(20KB) LOS objects, 33% free, 7MB/10MB, paused 4.026ms total 112.700ms
04-02 17:34:52.309  1549  2813 D         : HostConnection::get() New Host Connection established 0xa296eb70, tid 2813
04-02 17:34:52.312  1549  2813 I OpenGLRenderer: Initialized EGL, version 1.4
04-02 17:34:52.401  1549  2813 W EGL_emulation: eglSurfaceAttrib not implemented
04-02 17:34:52.402  1549  2813 W OpenGLRenderer: Failed to set EGL_SWAP_BEHAVIOR on surface 0x9fceb340, error=EGL_SUCCESS
04-02 17:34:52.521  2185  2500 I CheckinService: Done disabling old GoogleServicesFramework version
04-02 17:34:52.626  1549  1563 W ActivityManager: Activity pause timeout for ActivityRecord{d86b4cb u0 vamsee.phriend/.Main t248 f}
04-02 17:34:52.809  1886  2154 W EGL_emulation: eglSurfaceAttrib not implemented
04-02 17:34:52.809  1886  2154 W OpenGLRenderer: Failed to set EGL_SWAP_BEHAVIOR on surface 0xaf8d3f00, error=EGL_SUCCESS
04-02 17:34:53.238  1549  1901 I ActivityManager: Killing 1662:com.android.externalstorage/u0a6 (adj 15): empty #17
04-02 17:34:53.386  1886  2154 W OpenGLRenderer: Incorrectly called buildLayer on View: em, destroying layer...
04-02 17:34:53.503  1857  2831 I VacuumService: Vacuum at: now=1459632893503 tag=VacuumService
04-02 17:34:53.972  2185  2236 W Icing   : Usage reports not received in time.
04-02 17:34:54.053  2760  2760 I Process : Sending signal. PID: 2760 SIG: 9
04-02 17:34:54.055  1549  1585 W InputDispatcher: channel '17984b5 vamsee.phriend/vamsee.phriend.Main (server)' ~ Consumer closed input channel or an error occurred.  events=0xd
04-02 17:34:54.056  1549  1585 E InputDispatcher: channel '17984b5 vamsee.phriend/vamsee.phriend.Main (server)' ~ Channel is unrecoverably broken and will be disposed!
04-02 17:34:54.056  1549  1560 D GraphicsStats: Buffer count: 3
04-02 17:34:54.056  1549  2073 I WindowState: WIN DEATH: Window{17984b5 u0 vamsee.phriend/vamsee.phriend.Main}
04-02 17:34:54.057  1549  2073 W InputDispatcher: Attempted to unregister already unregistered input channel '17984b5 vamsee.phriend/vamsee.phriend.Main (server)'
04-02 17:34:54.092  1200  1545 D AudioFlinger: mixer(0xb4480000) throttle end: throttle time(55)
04-02 17:34:54.095  1549  2813 E Surface : getSlotFromBufferLocked: unknown buffer: 0xa2123810
04-02 17:34:54.102  1549  1682 I ActivityManager: Process vamsee.phriend (pid 2760) has died
04-02 17:34:54.102  1549  1682 W ActivityManager: Scheduling restart of crashed service vamsee.phriend/.OverlayService in 4432ms
04-02 17:34:54.103  1549  2813 D OpenGLRenderer: endAllStagingAnimators on 0x9d9c8200 (RippleDrawable) with handle 0xa0735ed0
04-02 17:34:54.143  1549  1901 W InputMethodManagerService: Got RemoteException sending setActive(false) notification to pid 2760 uid 10058
04-02 17:34:54.266  1549  1568 W AppOps  : Finishing op nesting under-run: uid 1000 pkg android code 24 time=0 duration=0 nesting=0
04-02 17:34:54.340  2076  2848 I HotwordRecognitionRnr: Starting hotword detection.
04-02 17:34:54.380  2076  2849 I MicrophoneInputStream: mic_starting com.google.android.apps.gsa.speech.audio.u@893624e
04-02 17:34:54.381  1200  1602 E audio_hw_generic: Error opening input stream format 1, channel_mask 0010, sample_rate 16000
04-02 17:34:54.385  1200  2851 I AudioFlinger: AudioFlinger's thread 0xb3cc0000 ready to run
04-02 17:34:54.390  2076  2849 I MicrophoneInputStream: mic_started com.google.android.apps.gsa.speech.audio.u@893624e
04-02 17:34:54.403  2076  2076 I HotwordWorker: onReady
04-02 17:34:55.144  2185  2857 D PackageBroadcastService: Received broadcast action=android.intent.action.PACKAGE_REMOVED and uri=vamsee.phriend
04-02 17:34:55.148  2185  2185 D ChimeraCfgMgr: Loading module com.google.android.gms.games from APK com.google.android.gms
04-02 17:34:55.186  1857  1857 E NetworkScheduler.SchedulerReceiver: Invalid parameter app
04-02 17:34:55.186  1857  1857 E NetworkScheduler.SchedulerReceiver: Invalid package name : Perhaps you didn't include a PendingIntent in the extras?
04-02 17:34:55.193  2438  2438 W ContextImpl: Calling a method in the system process without a qualified user: android.app.ContextImpl.startService:1221 android.content.ContextWrapper.startService:581 android.content.ContextWrapper.startService:581 com.android.keychain.KeyChainBroadcastReceiver.onReceive:12 android.app.ActivityThread.handleReceiver:2725 
04-02 17:34:55.205  2185  2863 D PackageBroadcastService: Received broadcast action=android.intent.action.PACKAGE_ADDED and uri=vamsee.phriend
04-02 17:34:55.250  2185  2185 D ChimeraCfgMgr: Loading module com.google.android.gms.games from APK com.google.android.gms
04-02 17:34:55.279  2185  2185 D ChimeraCfgMgr: Loading module com.google.android.gms.gass from APK com.google.android.gms
04-02 17:34:55.373  2185  2185 D AsyncTaskServiceImpl: Submit a task: k
04-02 17:34:55.384  2185  2185 D ChimeraCfgMgr: Loading module com.google.android.gms.gass from APK com.google.android.gms
04-02 17:34:55.388  2185  2185 D ChimeraCfgMgr: Loading module com.google.android.gms.vision from APK com.google.android.gms
04-02 17:34:55.389  2185  2869 D k       : Processing package: vamsee.phriend
04-02 17:34:55.498  2076  2172 I MicrophoneInputStream: mic_close com.google.android.apps.gsa.speech.audio.u@893624e
04-02 17:34:55.511  2185  2869 D GassUtils: Found app info for package vamsee.phriend:1. Hash: 5c2965546f5cf8baf26e36a2becadc3b9ba07580c6e4c9002217161a15fdf2a1
04-02 17:34:55.511  2185  2869 D k       : Found info for package vamsee.phriend in db.
04-02 17:34:55.518  1200  1545 W AudioFlinger: write blocked for 636 msecs, 1 delayed writes, thread 0xb4480000
04-02 17:34:55.528  2076  2173 I HotwordRecognitionRnr: Stopping hotword detection.
04-02 17:34:55.529  2076  2848 I HotwordRecognitionRnr: Hotword detection finished
04-02 17:34:55.661  1549  1901 I AccountManagerService: getTypesVisibleToCaller: isPermitted? true
04-02 17:34:55.692  1549  1997 I ActivityManager: Start proc 2874:com.svox.pico/u0a43 for broadcast com.svox.pico/.VoiceDataInstallerReceiver
04-02 17:34:55.702  2076  2873 I UpdateIcingCorporaServi: Updating corpora: APPS=vamsee.phriend, CONTACTS=MAYBE
04-02 17:34:55.751  2185  2236 I Icing   : Indexing DF0BD267794CEFD3508597D768612AEA0B8DD0C7 from com.google.android.gms
04-02 17:34:55.888  2185  2185 D ChimeraCfgMgr: Loading module com.google.android.gms.gass from APK com.google.android.gms
04-02 17:34:55.888  2185  2185 D AsyncTaskServiceImpl: Submit a task: k
04-02 17:34:55.888  2185  2888 D PackageBroadcastService: Received broadcast action=android.intent.action.PACKAGE_REPLACED and uri=vamsee.phriend
04-02 17:34:55.937  2185  2869 D k       : Processing package: vamsee.phriend
04-02 17:34:55.942  2185  2185 D ChimeraCfgMgr: Loading module com.google.android.gms.vision from APK com.google.android.gms
04-02 17:34:55.955  2185  2869 D GassUtils: Found app info for package vamsee.phriend:1. Hash: 5c2965546f5cf8baf26e36a2becadc3b9ba07580c6e4c9002217161a15fdf2a1
04-02 17:34:55.955  2185  2869 D k       : Found info for package vamsee.phriend in db.
04-02 17:34:55.957  2185  2236 D Icing   : Loaded CLD2 Version V2.0 - 20141016
04-02 17:34:55.960  2185  2236 I Icing   : Indexing done DF0BD267794CEFD3508597D768612AEA0B8DD0C7
04-02 17:34:55.972  1857  1857 E NetworkScheduler.SchedulerReceiver: Invalid parameter app
04-02 17:34:55.972  1857  1857 E NetworkScheduler.SchedulerReceiver: Invalid package name : Perhaps you didn't include a PendingIntent in the extras?
04-02 17:34:56.438  1549  2073 I AccountManagerService: getTypesVisibleToCaller: isPermitted? true
04-02 17:34:56.440  2185  2865 I PeopleContactsSync: triggerPendingContactsCleanup: no accounts
04-02 17:34:56.453  1549  1997 I AccountManagerService: getTypesVisibleToCaller: isPermitted? true
04-02 17:34:56.454  1549  1561 I AccountManagerService: getTypesVisibleToCaller: isPermitted? true
04-02 17:34:56.492  2185  2865 I PeopleDatabaseHelper: cleanUpNonGplusAccounts done.
04-02 17:34:56.501  1549  1901 I AccountManagerService: getTypesVisibleToCaller: isPermitted? true
04-02 17:34:56.501  2185  2865 I PeopleContactsSync: triggerPendingContactsCleanup: no accounts
04-02 17:34:56.505  1549  1683 I AccountManagerService: getTypesVisibleToCaller: isPermitted? true
04-02 17:34:56.505  2185  2865 I PeopleContactsSync: triggerPendingContactsCleanup: no accounts
04-02 17:34:56.699  2185  2236 I Icing   : Indexing DF0BD267794CEFD3508597D768612AEA0B8DD0C7 from com.google.android.gms
04-02 17:34:56.711  2185  2236 I Icing   : Indexing done DF0BD267794CEFD3508597D768612AEA0B8DD0C7
04-02 17:34:57.129  2076  2873 I UpdateIcingCorporaServi: UpdateCorporaTask done [took 1426 ms] updated apps [took 1426 ms] 
04-02 17:34:57.131  1549  1560 I ActivityManager: Killing 1907:com.android.printspooler/u0a44 (adj 15): empty #17
04-02 17:34:57.489  2185  2236 I Icing   : Indexing DF0BD267794CEFD3508597D768612AEA0B8DD0C7 from com.google.android.gms
04-02 17:34:57.490  2185  2236 I Icing   : Indexing done DF0BD267794CEFD3508597D768612AEA0B8DD0C7
04-02 17:34:58.169  2185  2236 I Icing   : Indexing 32B487FFF6C0B5261319AA79D362A68B9176D7F3 from com.google.android.googlequicksearchbox
04-02 17:34:58.202  2185  2236 I Icing   : Indexing done 32B487FFF6C0B5261319AA79D362A68B9176D7F3
04-02 17:34:58.211  1549  1561 I ActivityManager: Killing 2448:com.android.dialer/u0a4 (adj 15): empty #17
04-02 17:34:58.543  2896  2896 I art     : Not late-enabling -Xcheck:jni (already on)
04-02 17:34:58.550  1549  1563 I ActivityManager: Start proc 2896:vamsee.phriend/u0a58 for service vamsee.phriend/.OverlayService
04-02 17:34:58.594  2896  2896 W System  : ClassLoader referenced unknown path: /data/app/vamsee.phriend-2/lib/x86
04-02 17:34:58.598  2896  2896 D onCreate:OverlayService: test
04-02 17:34:58.602  1190  1272 E SurfaceFlinger: ro.sf.lcd_density must be defined as a build property
04-02 17:34:58.605  2896  2910 D OpenGLRenderer: Use EGL_SWAP_BEHAVIOR_PRESERVED: true
04-02 17:34:58.608  2896  2896 D         : HostConnection::get() New Host Connection established 0xad8460d0, tid 2896
04-02 17:34:58.611  2896  2896 D AndroidRuntime: Shutting down VM
04-02 17:34:58.611  2896  2896 E AndroidRuntime: FATAL EXCEPTION: main
04-02 17:34:58.611  2896  2896 E AndroidRuntime: Process: vamsee.phriend, PID: 2896
04-02 17:34:58.611  2896  2896 E AndroidRuntime: java.lang.RuntimeException: Unable to create service vamsee.phriend.OverlayService: android.view.WindowManager$BadTokenException: Unable to add window android.view.ViewRootImpl$W@f44af1b -- permission denied for this window type
04-02 17:34:58.611  2896  2896 E AndroidRuntime: 	at android.app.ActivityThread.handleCreateService(ActivityThread.java:2887)
04-02 17:34:58.611  2896  2896 E AndroidRuntime: 	at android.app.ActivityThread.-wrap4(ActivityThread.java)
04-02 17:34:58.611  2896  2896 E AndroidRuntime: 	at android.app.ActivityThread$H.handleMessage(ActivityThread.java:1427)
04-02 17:34:58.611  2896  2896 E AndroidRuntime: 	at android.os.Handler.dispatchMessage(Handler.java:102)
04-02 17:34:58.611  2896  2896 E AndroidRuntime: 	at android.os.Looper.loop(Looper.java:148)
04-02 17:34:58.611  2896  2896 E AndroidRuntime: 	at android.app.ActivityThread.main(ActivityThread.java:5417)
04-02 17:34:58.611  2896  2896 E AndroidRuntime: 	at java.lang.reflect.Method.invoke(Native Method)
04-02 17:34:58.611  2896  2896 E AndroidRuntime: 	at com.android.internal.os.ZygoteInit$MethodAndArgsCaller.run(ZygoteInit.java:726)
04-02 17:34:58.611  2896  2896 E AndroidRuntime: 	at com.android.internal.os.ZygoteInit.main(ZygoteInit.java:616)
04-02 17:34:58.611  2896  2896 E AndroidRuntime: Caused by: android.view.WindowManager$BadTokenException: Unable to add window android.view.ViewRootImpl$W@f44af1b -- permission denied for this window type
04-02 17:34:58.611  2896  2896 E AndroidRuntime: 	at android.view.ViewRootImpl.setView(ViewRootImpl.java:591)
04-02 17:34:58.611  2896  2896 E AndroidRuntime: 	at android.view.WindowManagerGlobal.addView(WindowManagerGlobal.java:310)
04-02 17:34:58.611  2896  2896 E AndroidRuntime: 	at android.view.WindowManagerImpl.addView(WindowManagerImpl.java:85)
04-02 17:34:58.611  2896  2896 E AndroidRuntime: 	at vamsee.phriend.OverlayService.onCreate(OverlayService.java:47)
04-02 17:34:58.611  2896  2896 E AndroidRuntime: 	at android.app.ActivityThread.handleCreateService(ActivityThread.java:2877)
04-02 17:34:58.611  2896  2896 E AndroidRuntime: 	... 8 more
04-02 17:34:58.702  1549  2813 I OpenGLRenderer: Initialized EGL, version 1.4
04-02 17:34:58.725  1549  2813 W EGL_emulation: eglSurfaceAttrib not implemented
04-02 17:34:58.726  1549  2813 W OpenGLRenderer: Failed to set EGL_SWAP_BEHAVIOR on surface 0x9fceb340, error=EGL_SUCCESS
04-02 17:35:00.553  2076  2086 I art     : WaitForGcToComplete blocked for 8.118ms for cause HomogeneousSpaceCompact
04-02 17:35:00.906  2896  2896 I Process : Sending signal. PID: 2896 SIG: 9
04-02 17:35:00.909  1549  1683 D GraphicsStats: Buffer count: 3
04-02 17:35:00.934  1549  2813 E Surface : getSlotFromBufferLocked: unknown buffer: 0xa2123810
04-02 17:35:00.955  1549  1997 W InputMethodManagerService: Window already focused, ignoring focus gain of: com.android.internal.view.IInputMethodClient$Stub$Proxy@c1fd6f8 attribute=null, token = android.os.BinderProxy@6612fb7
04-02 17:35:00.956  1549  1560 I ActivityManager: Process vamsee.phriend (pid 2896) has died
04-02 17:35:00.957  1549  1560 W ActivityManager: Service crashed 2 times, stopping: ServiceRecord{5adf708 u0 vamsee.phriend/.OverlayService}
04-02 17:35:01.136  1549  1568 W AppOps  : Finishing op nesting under-run: uid 1000 pkg android code 24 time=0 duration=0 nesting=0
04-02 17:35:01.966  2185  2193 W SQLiteConnectionPool: A SQLiteConnection object for database '/data/user/0/com.google.android.gms/databases/networkstatistics.sqlite' was leaked!  Please fix your application to end transactions in progress properly and to close the database when it is no longer needed.
04-02 17:35:02.272  1549  2073 I ActivityManager: START u0 {act=android.intent.action.MAIN cat=[android.intent.category.LAUNCHER] flg=0x10200000 cmp=com.android.settings/.Settings (has extras)} from uid 10014 on display 0
04-02 17:35:02.309  1200  1545 D AudioFlinger: mixer(0xb4480000) throttle end: throttle time(110)
04-02 17:35:02.398  1200  1545 D AudioFlinger: mixer(0xb4480000) throttle end: throttle time(5)
04-02 17:35:02.490  2325  2335 W art     : Suspending all threads took: 14.761ms
04-02 17:35:02.493  2325  2335 I art     : Background sticky concurrent mark sweep GC freed 259(171KB) AllocSpace objects, 0(0B) LOS objects, 27% free, 742KB/1018KB, paused 15.366ms total 46.994ms
04-02 17:35:02.649  2325  2335 I art     : Background partial concurrent mark sweep GC freed 244(47KB) AllocSpace objects, 2(40KB) LOS objects, 50% free, 1021KB/2045KB, paused 12.233ms total 46.512ms
04-02 17:35:03.110  1190  2167 E SurfaceFlinger: ro.sf.lcd_density must be defined as a build property
04-02 17:35:03.111  2325  2974 D OpenGLRenderer: Use EGL_SWAP_BEHAVIOR_PRESERVED: true
04-02 17:35:03.125  1549  1568 I Choreographer: Skipped 43 frames!  The application may be doing too much work on its main thread.
04-02 17:35:03.131  2325  2970 I IndexDatabaseHelper: Using schema version: 115
04-02 17:35:03.143  2325  2970 I IndexDatabaseHelper: Index is fine
04-02 17:35:03.165  2325  2325 D         : HostConnection::get() New Host Connection established 0xb40dc9b0, tid 2325
04-02 17:35:03.279  2325  2970 D Index   : Locale 'en_US' is already indexed
04-02 17:35:03.917  1549  1568 I Choreographer: Skipped 45 frames!  The application may be doing too much work on its main thread.
04-02 17:35:03.955  1886  2154 E Surface : getSlotFromBufferLocked: unknown buffer: 0xa4cb9930
04-02 17:35:03.978  2325  2325 D DashboardSummary: rebuildUI took: 690 ms
04-02 17:35:03.981  2325  2325 I Choreographer: Skipped 45 frames!  The application may be doing too much work on its main thread.
04-02 17:35:04.063  2325  2974 D         : HostConnection::get() New Host Connection established 0xa4bbd780, tid 2974
04-02 17:35:04.069  2325  2974 I OpenGLRenderer: Initialized EGL, version 1.4
04-02 17:35:04.166  2325  2974 W EGL_emulation: eglSurfaceAttrib not implemented
04-02 17:35:04.166  2325  2974 W OpenGLRenderer: Failed to set EGL_SWAP_BEHAVIOR on surface 0xa35bcde0, error=EGL_SUCCESS
04-02 17:35:04.425  1549  1568 I ActivityManager: Displayed com.android.settings/.Settings: +2s75ms
04-02 17:35:04.678  2341  2580 D InitAlarmsService: Clearing and rescheduling alarms.
04-02 17:35:05.508  1886  1886 W ViewRootImpl: Cancelling event due to no window focus: MotionEvent { action=ACTION_CANCEL, actionButton=0, id[0]=0, x[0]=692.6001, y[0]=494.23828, toolType[0]=TOOL_TYPE_FINGER, buttonState=0, metaState=0, flags=0x0, edgeFlags=0x0, pointerCount=1, historySize=0, eventTime=104749, downTime=101355, deviceId=0, source=0x1002 }
04-02 17:35:05.508  1886  1886 W ViewRootImpl: Cancelling event due to no window focus: MotionEvent { action=ACTION_CANCEL, actionButton=0, id[0]=0, x[0]=692.6001, y[0]=494.23828, toolType[0]=TOOL_TYPE_FINGER, buttonState=0, metaState=0, flags=0x0, edgeFlags=0x0, pointerCount=1, historySize=0, eventTime=104749, downTime=101355, deviceId=0, source=0x1002 }
04-02 17:35:05.508  1886  1886 W ViewRootImpl: Cancelling event due to no window focus: MotionEvent { action=ACTION_CANCEL, actionButton=0, id[0]=0, x[0]=692.6001, y[0]=494.23828, toolType[0]=TOOL_TYPE_FINGER, buttonState=0, metaState=0, flags=0x0, edgeFlags=0x0, pointerCount=1, historySize=0, eventTime=104749, downTime=101355, deviceId=0, source=0x1002 }
04-02 17:35:05.508  1886  1886 W ViewRootImpl: Cancelling event due to no window focus: MotionEvent { action=ACTION_CANCEL, actionButton=0, id[0]=0, x[0]=692.6001, y[0]=494.23828, toolType[0]=TOOL_TYPE_FINGER, buttonState=0, metaState=0, flags=0x0, edgeFlags=0x0, pointerCount=1, historySize=0, eventTime=104749, downTime=101355, deviceId=0, source=0x1002 }
04-02 17:35:05.862  1549  1561 I MediaFocusControl:  AudioFocus  abandonAudioFocus() from android.media.AudioManager@fa39acdcom.android.music.MediaPlaybackService$3@9618f82
04-02 17:35:05.992  1549  2732 I ActivityManager: Killing 2000:com.android.music/u0a39 (adj 15): empty #17
04-02 17:35:06.175  1549  1586 I InputReader: Reconfiguring input devices.  changes=0x00000010
04-02 17:35:06.204  2185  2982 D PackageBroadcastService: Received broadcast action=android.intent.action.PACKAGE_CHANGED and uri=com.google.android.gms
04-02 17:35:06.216  2185  2982 I PackageBroadcastService: Null package name or gms related package.  Ignoreing.
04-02 17:35:06.232  2325  2325 D DashboardSummary: rebuildUI took: 56 ms
04-02 17:35:06.276  2185  2236 I Icing   : updateResources: need to parse f{com.google.android.gms}
04-02 17:35:06.309  1886  2117 D WidgetsModel: com.google.android.googlequicksearchbox is filtered and not added to the widget tray.
04-02 17:35:06.794  1549  1560 I ActivityManager: START u0 {act=android.intent.action.MAIN cmp=com.android.settings/.SubSettings (has extras)} from uid 1000 on display 0
04-02 17:35:07.207  1857  1857 I GCoreNlp: shouldConfirmNlp, NLP off. Ensuring opt-in disabled
04-02 17:35:07.239  2076  2987 I UpdateIcingCorporaServi: Updating corpora: APPS=com.google.android.gms, CONTACTS=MAYBE
04-02 17:35:07.275  2076  2987 I UpdateIcingCorporaServi: UpdateCorporaTask done [took 37 ms] updated apps [took 37 ms] 
04-02 17:35:07.318  2325  2325 D SubSettings: Launching fragment com.android.settings.applications.ManageApplications
04-02 17:35:07.657  2325  2325 I Choreographer: Skipped 49 frames!  The application may be doing too much work on its main thread.
04-02 17:35:07.699  2325  2974 W EGL_emulation: eglSurfaceAttrib not implemented
04-02 17:35:07.699  2325  2974 W OpenGLRenderer: Failed to set EGL_SWAP_BEHAVIOR on surface 0xa19af120, error=EGL_SUCCESS
04-02 17:35:07.751  2185  2236 I Icing   : Usage reports 2 indexed 0 rejected 0 imm upload false
04-02 17:35:08.157  1549  2732 W art     : Long monitor contention event with owner method=java.util.List com.android.server.am.ActivityManagerService.getAllStackInfos() from ActivityManagerService.java:8937 waiters=0 for 304ms
04-02 17:35:08.191  1549  1568 I ActivityManager: Displayed com.android.settings/.SubSettings: +1s375ms
04-02 17:35:08.494  2325  2974 E Surface : getSlotFromBufferLocked: unknown buffer: 0xa3592460
04-02 17:35:08.770  1549  1901 I ActivityManager: START u0 {act=android.intent.action.MAIN cmp=com.android.settings/.SubSettings (has extras)} from uid 1000 on display 0
04-02 17:35:08.820  1200  1545 D AudioFlinger: mixer(0xb4480000) throttle end: throttle time(58)
04-02 17:35:08.872  2325  2325 D SubSettings: Launching fragment com.android.settings.applications.AdvancedAppSettings
04-02 17:35:09.076  2325  2974 W EGL_emulation: eglSurfaceAttrib not implemented
04-02 17:35:09.076  2325  2974 W OpenGLRenderer: Failed to set EGL_SWAP_BEHAVIOR on surface 0x9e6e6540, error=EGL_SUCCESS
04-02 17:35:09.227  1549  1568 I ActivityManager: Displayed com.android.settings/.SubSettings: +427ms
04-02 17:35:09.244  2185  2236 I Icing   : Indexing DF0BD267794CEFD3508597D768612AEA0B8DD0C7 from com.google.android.gms
04-02 17:35:09.251  2185  2236 I Icing   : Indexing done DF0BD267794CEFD3508597D768612AEA0B8DD0C7
04-02 17:35:09.291  2325  2974 E Surface : getSlotFromBufferLocked: unknown buffer: 0xa34e8390
04-02 17:35:09.561  1201  1201 W installd: Failed to open /data/data/android: No such file or directory
04-02 17:35:10.847  2325  2325 W ViewRootImpl: Cancelling event due to no window focus: MotionEvent { action=ACTION_CANCEL, actionButton=0, id[0]=0, x[0]=900.802, y[0]=148.0664, toolType[0]=TOOL_TYPE_FINGER, buttonState=0, metaState=0, flags=0x0, edgeFlags=0x0, pointerCount=1, historySize=0, eventTime=110075, downTime=107869, deviceId=0, source=0x1002 }
04-02 17:35:10.848  2325  2325 W ViewRootImpl: Cancelling event due to no window focus: MotionEvent { action=ACTION_CANCEL, actionButton=0, id[0]=0, x[0]=900.802, y[0]=148.0664, toolType[0]=TOOL_TYPE_FINGER, buttonState=0, metaState=0, flags=0x0, edgeFlags=0x0, pointerCount=1, historySize=0, eventTime=110075, downTime=107869, deviceId=0, source=0x1002 }
04-02 17:35:10.850  2325  2325 W ViewRootImpl: Cancelling event due to no window focus: MotionEvent { action=ACTION_CANCEL, actionButton=0, id[0]=0, x[0]=900.802, y[0]=148.0664, toolType[0]=TOOL_TYPE_FINGER, buttonState=0, metaState=0, flags=0x0, edgeFlags=0x0, pointerCount=1, historySize=0, eventTime=110075, downTime=107869, deviceId=0, source=0x1002 }
04-02 17:35:10.851  2325  2325 W ViewRootImpl: Cancelling event due to no window focus: MotionEvent { action=ACTION_CANCEL, actionButton=0, id[0]=0, x[0]=900.802, y[0]=148.0664, toolType[0]=TOOL_TYPE_FINGER, buttonState=0, metaState=0, flags=0x0, edgeFlags=0x0, pointerCount=1, historySize=0, eventTime=110075, downTime=107869, deviceId=0, source=0x1002 }
04-02 17:35:10.956  1549  1997 I ActivityManager: START u0 {act=android.intent.action.MAIN cmp=com.android.settings/.SubSettings (has extras)} from uid 1000 on display 0
04-02 17:35:10.976  2325  2325 D SubSettings: Launching fragment com.android.settings.applications.ManageApplications
04-02 17:35:11.011  2325  2988 W AppStateAppOpsBridge: AppOp permission exists for package android of user 0 but package doesn't exist or did not request [Ljava.lang.String;@ceed1 access
04-02 17:35:11.060  2325  2974 W EGL_emulation: eglSurfaceAttrib not implemented
04-02 17:35:11.060  2325  2974 W OpenGLRenderer: Failed to set EGL_SWAP_BEHAVIOR on surface 0xa3274440, error=EGL_SUCCESS
04-02 17:35:11.103  2325  2988 W AppStateAppOpsBridge: AppOp permission exists for package android of user 0 but package doesn't exist or did not request [Ljava.lang.String;@ceed1 access
04-02 17:35:11.239  1549  1568 I ActivityManager: Displayed com.android.settings/.SubSettings: +273ms
04-02 17:35:11.381  2325  2974 E Surface : getSlotFromBufferLocked: unknown buffer: 0xa3596a60
04-02 17:35:11.639  1201  1201 W installd: Failed to open /data/data/android: No such file or directory
04-02 17:35:12.367  2325  2325 W ViewRootImpl: Cancelling event due to no window focus: MotionEvent { action=ACTION_CANCEL, actionButton=0, id[0]=0, x[0]=337.2693, y[0]=945.41016, toolType[0]=TOOL_TYPE_FINGER, buttonState=0, metaState=0, flags=0x0, edgeFlags=0x0, pointerCount=1, historySize=0, eventTime=111607, downTime=110075, deviceId=0, source=0x1002 }
04-02 17:35:12.367  2325  2325 W ViewRootImpl: Cancelling event due to no window focus: MotionEvent { action=ACTION_CANCEL, actionButton=0, id[0]=0, x[0]=337.2693, y[0]=945.41016, toolType[0]=TOOL_TYPE_FINGER, buttonState=0, metaState=0, flags=0x0, edgeFlags=0x0, pointerCount=1, historySize=0, eventTime=111607, downTime=110075, deviceId=0, source=0x1002 }
04-02 17:35:12.367  2325  2325 W ViewRootImpl: Cancelling event due to no window focus: MotionEvent { action=ACTION_CANCEL, actionButton=0, id[0]=0, x[0]=337.2693, y[0]=945.41016, toolType[0]=TOOL_TYPE_FINGER, buttonState=0, metaState=0, flags=0x0, edgeFlags=0x0, pointerCount=1, historySize=0, eventTime=111607, downTime=110075, deviceId=0, source=0x1002 }
04-02 17:35:12.367  2325  2325 W ViewRootImpl: Cancelling event due to no window focus: MotionEvent { action=ACTION_CANCEL, actionButton=0, id[0]=0, x[0]=337.2693, y[0]=945.41016, toolType[0]=TOOL_TYPE_FINGER, buttonState=0, metaState=0, flags=0x0, edgeFlags=0x0, pointerCount=1, historySize=0, eventTime=111607, downTime=110075, deviceId=0, source=0x1002 }
04-02 17:35:12.477  1549  2073 I ActivityManager: START u0 {act=android.intent.action.MAIN cmp=com.android.settings/.SubSettings (has extras)} from uid 1000 on display 0
04-02 17:35:12.512  2325  2325 D SubSettings: Launching fragment com.android.settings.applications.DrawOverlayDetails
04-02 17:35:12.595  2325  2974 W EGL_emulation: eglSurfaceAttrib not implemented
04-02 17:35:12.595  2325  2974 W OpenGLRenderer: Failed to set EGL_SWAP_BEHAVIOR on surface 0xa32be1e0, error=EGL_SUCCESS
04-02 17:35:12.788  1549  1568 I ActivityManager: Displayed com.android.settings/.SubSettings: +300ms
04-02 17:35:12.868  2325  2974 E Surface : getSlotFromBufferLocked: unknown buffer: 0xa34e8320
04-02 17:35:13.053  1201  1201 W installd: Failed to open /data/data/android: No such file or directory
04-02 17:35:13.692  2325  2325 W ViewRootImpl: Cancelling event due to no window focus: MotionEvent { action=ACTION_CANCEL, actionButton=0, id[0]=0, x[0]=398.3423, y[0]=1010.4492, toolType[0]=TOOL_TYPE_FINGER, buttonState=0, metaState=0, flags=0x0, edgeFlags=0x0, pointerCount=1, historySize=0, eventTime=112932, downTime=111607, deviceId=0, source=0x1002 }
04-02 17:35:13.692  2325  2325 W ViewRootImpl: Cancelling event due to no window focus: MotionEvent { action=ACTION_CANCEL, actionButton=0, id[0]=0, x[0]=398.3423, y[0]=1010.4492, toolType[0]=TOOL_TYPE_FINGER, buttonState=0, metaState=0, flags=0x0, edgeFlags=0x0, pointerCount=1, historySize=0, eventTime=112932, downTime=111607, deviceId=0, source=0x1002 }
04-02 17:35:13.692  2325  2325 W ViewRootImpl: Cancelling event due to no window focus: MotionEvent { action=ACTION_CANCEL, actionButton=0, id[0]=0, x[0]=398.3423, y[0]=1010.4492, toolType[0]=TOOL_TYPE_FINGER, buttonState=0, metaState=0, flags=0x0, edgeFlags=0x0, pointerCount=1, historySize=0, eventTime=112932, downTime=111607, deviceId=0, source=0x1002 }
04-02 17:35:13.692  2325  2325 W ViewRootImpl: Cancelling event due to no window focus: MotionEvent { action=ACTION_CANCEL, actionButton=0, id[0]=0, x[0]=398.3423, y[0]=1010.4492, toolType[0]=TOOL_TYPE_FINGER, buttonState=0, metaState=0, flags=0x0, edgeFlags=0x0, pointerCount=1, historySize=0, eventTime=112932, downTime=111607, deviceId=0, source=0x1002 }
04-02 17:35:13.926  1200  1545 D AudioFlinger: mixer(0xb4480000) throttle end: throttle time(3)
04-02 17:35:14.941  2325  2988 W AppStateAppOpsBridge: AppOp permission exists for package android of user 0 but package doesn't exist or did not request [Ljava.lang.String;@ceed1 access
04-02 17:35:15.014  2325  2974 W EGL_emulation: eglSurfaceAttrib not implemented
04-02 17:35:15.014  2325  2974 W OpenGLRenderer: Failed to set EGL_SWAP_BEHAVIOR on surface 0xa306ea60, error=EGL_SUCCESS
04-02 17:35:15.053  2325  2988 W AppStateAppOpsBridge: AppOp permission exists for package android of user 0 but package doesn't exist or did not request [Ljava.lang.String;@ceed1 access
04-02 17:35:15.190  2325  2974 E Surface : getSlotFromBufferLocked: unknown buffer: 0xa268e3f0
04-02 17:35:15.455  1201  1201 W installd: Failed to open /data/data/android: No such file or directory
04-02 17:35:15.897  1200  1545 D AudioFlinger: mixer(0xb4480000) throttle end: throttle time(1)
04-02 17:35:15.898  2325  2974 W EGL_emulation: eglSurfaceAttrib not implemented
04-02 17:35:15.898  2325  2974 W OpenGLRenderer: Failed to set EGL_SWAP_BEHAVIOR on surface 0xa32be1e0, error=EGL_SUCCESS
04-02 17:35:15.981  2325  2974 E Surface : getSlotFromBufferLocked: unknown buffer: 0xa34e4b20
04-02 17:35:16.227  2325  2325 I art     : Starting a blocking GC Explicit
04-02 17:35:16.256  2325  2325 I art     : Explicit concurrent mark sweep GC freed 9027(970KB) AllocSpace objects, 2(40KB) LOS objects, 30% free, 8MB/12MB, paused 931us total 28.544ms
04-02 17:35:16.261  2325  2325 I art     : Starting a blocking GC Explicit
04-02 17:35:16.270  2325  2325 I art     : Explicit concurrent mark sweep GC freed 569(32KB) AllocSpace objects, 0(0B) LOS objects, 30% free, 8MB/12MB, paused 772us total 8.702ms
04-02 17:35:16.270  2325  2325 I art     : Starting a blocking GC Explicit
04-02 17:35:16.276  2325  2325 I art     : Explicit concurrent mark sweep GC freed 3(96B) AllocSpace objects, 0(0B) LOS objects, 30% free, 8MB/12MB, paused 298us total 5.443ms
04-02 17:35:18.052  1646  1646 V DeadZone: consuming errant click: (231.17432,35.835938)
04-02 17:35:20.983  2325  2974 W EGL_emulation: eglSurfaceAttrib not implemented
04-02 17:35:20.983  2325  2974 W OpenGLRenderer: Failed to set EGL_SWAP_BEHAVIOR on surface 0xa3232b00, error=EGL_SUCCESS
04-02 17:35:21.213  2325  2974 E Surface : getSlotFromBufferLocked: unknown buffer: 0xa268fdc0
04-02 17:35:21.487  2325  2325 I art     : Starting a blocking GC Explicit
04-02 17:35:21.498  2325  2325 I art     : Explicit concurrent mark sweep GC freed 3264(410KB) AllocSpace objects, 0(0B) LOS objects, 30% free, 8MB/12MB, paused 424us total 11.219ms
04-02 17:35:21.511  2325  2325 I art     : Starting a blocking GC Explicit
04-02 17:35:21.522  2325  2325 I art     : Explicit concurrent mark sweep GC freed 3232(219KB) AllocSpace objects, 2(228KB) LOS objects, 31% free, 8MB/12MB, paused 481us total 10.723ms
04-02 17:35:21.522  2325  2325 I art     : Starting a blocking GC Explicit
04-02 17:35:21.532  1201  1201 W installd: Failed to open /data/data/android: No such file or directory
04-02 17:35:21.545  2325  2325 I art     : Explicit concurrent mark sweep GC freed 13(832B) AllocSpace objects, 0(0B) LOS objects, 31% free, 8MB/12MB, paused 457us total 22.568ms
04-02 17:35:25.191  1549  2732 I ActivityManager: START u0 {act=android.intent.action.MAIN cmp=com.android.settings/.SubSettings (has extras)} from uid 1000 on display 0
04-02 17:35:25.306  2325  2325 D SubSettings: Launching fragment com.android.settings.applications.InstalledAppDetails
